Archive member included to satisfy reference by file (symbol)

/opt/st/stm32cubeide_1.16.1/plugins/com.st.stm32cube.ide.mcu.externaltools.gnu-tools-for-stm32.12.3.rel1.linux64_1.0.200.202406132123/tools/bin/../lib/gcc/arm-none-eabi/12.3.1/../../../../arm-none-eabi/lib/thumb/v7-m/nofp/libc_nano.a(libc_a-exit.o)
                              /opt/st/stm32cubeide_1.16.1/plugins/com.st.stm32cube.ide.mcu.externaltools.gnu-tools-for-stm32.12.3.rel1.linux64_1.0.200.202406132123/tools/bin/../lib/gcc/arm-none-eabi/12.3.1/../../../../arm-none-eabi/lib/thumb/v7-m/nofp/crt0.o (exit)
/opt/st/stm32cubeide_1.16.1/plugins/com.st.stm32cube.ide.mcu.externaltools.gnu-tools-for-stm32.12.3.rel1.linux64_1.0.200.202406132123/tools/bin/../lib/gcc/arm-none-eabi/12.3.1/../../../../arm-none-eabi/lib/thumb/v7-m/nofp/libc_nano.a(libc_a-findfp.o)
                              ./Middlewares/FreeRTOS/tasks.o (__sf)
/opt/st/stm32cubeide_1.16.1/plugins/com.st.stm32cube.ide.mcu.externaltools.gnu-tools-for-stm32.12.3.rel1.linux64_1.0.200.202406132123/tools/bin/../lib/gcc/arm-none-eabi/12.3.1/../../../../arm-none-eabi/lib/thumb/v7-m/nofp/libc_nano.a(libc_a-fwalk.o)
                              /opt/st/stm32cubeide_1.16.1/plugins/com.st.stm32cube.ide.mcu.externaltools.gnu-tools-for-stm32.12.3.rel1.linux64_1.0.200.202406132123/tools/bin/../lib/gcc/arm-none-eabi/12.3.1/../../../../arm-none-eabi/lib/thumb/v7-m/nofp/libc_nano.a(libc_a-findfp.o) (_fwalk_sglue)
/opt/st/stm32cubeide_1.16.1/plugins/com.st.stm32cube.ide.mcu.externaltools.gnu-tools-for-stm32.12.3.rel1.linux64_1.0.200.202406132123/tools/bin/../lib/gcc/arm-none-eabi/12.3.1/../../../../arm-none-eabi/lib/thumb/v7-m/nofp/libc_nano.a(libc_a-sprintf.o)
                              ./Core/Src/TaskAppCAN.o (sprintf)
/opt/st/stm32cubeide_1.16.1/plugins/com.st.stm32cube.ide.mcu.externaltools.gnu-tools-for-stm32.12.3.rel1.linux64_1.0.200.202406132123/tools/bin/../lib/gcc/arm-none-eabi/12.3.1/../../../../arm-none-eabi/lib/thumb/v7-m/nofp/libc_nano.a(libc_a-stdio.o)
                              /opt/st/stm32cubeide_1.16.1/plugins/com.st.stm32cube.ide.mcu.externaltools.gnu-tools-for-stm32.12.3.rel1.linux64_1.0.200.202406132123/tools/bin/../lib/gcc/arm-none-eabi/12.3.1/../../../../arm-none-eabi/lib/thumb/v7-m/nofp/libc_nano.a(libc_a-findfp.o) (__sread)
/opt/st/stm32cubeide_1.16.1/plugins/com.st.stm32cube.ide.mcu.externaltools.gnu-tools-for-stm32.12.3.rel1.linux64_1.0.200.202406132123/tools/bin/../lib/gcc/arm-none-eabi/12.3.1/../../../../arm-none-eabi/lib/thumb/v7-m/nofp/libc_nano.a(libc_a-memset.o)
                              /opt/st/stm32cubeide_1.16.1/plugins/com.st.stm32cube.ide.mcu.externaltools.gnu-tools-for-stm32.12.3.rel1.linux64_1.0.200.202406132123/tools/bin/../lib/gcc/arm-none-eabi/12.3.1/../../../../arm-none-eabi/lib/thumb/v7-m/nofp/crt0.o (memset)
/opt/st/stm32cubeide_1.16.1/plugins/com.st.stm32cube.ide.mcu.externaltools.gnu-tools-for-stm32.12.3.rel1.linux64_1.0.200.202406132123/tools/bin/../lib/gcc/arm-none-eabi/12.3.1/../../../../arm-none-eabi/lib/thumb/v7-m/nofp/libc_nano.a(libc_a-closer.o)
                              /opt/st/stm32cubeide_1.16.1/plugins/com.st.stm32cube.ide.mcu.externaltools.gnu-tools-for-stm32.12.3.rel1.linux64_1.0.200.202406132123/tools/bin/../lib/gcc/arm-none-eabi/12.3.1/../../../../arm-none-eabi/lib/thumb/v7-m/nofp/libc_nano.a(libc_a-stdio.o) (_close_r)
/opt/st/stm32cubeide_1.16.1/plugins/com.st.stm32cube.ide.mcu.externaltools.gnu-tools-for-stm32.12.3.rel1.linux64_1.0.200.202406132123/tools/bin/../lib/gcc/arm-none-eabi/12.3.1/../../../../arm-none-eabi/lib/thumb/v7-m/nofp/libc_nano.a(libc_a-reent.o)
                              ./Middlewares/FreeRTOS/tasks.o (_reclaim_reent)
/opt/st/stm32cubeide_1.16.1/plugins/com.st.stm32cube.ide.mcu.externaltools.gnu-tools-for-stm32.12.3.rel1.linux64_1.0.200.202406132123/tools/bin/../lib/gcc/arm-none-eabi/12.3.1/../../../../arm-none-eabi/lib/thumb/v7-m/nofp/libc_nano.a(libc_a-impure.o)
                              ./Middlewares/FreeRTOS/tasks.o (_impure_ptr)
/opt/st/stm32cubeide_1.16.1/plugins/com.st.stm32cube.ide.mcu.externaltools.gnu-tools-for-stm32.12.3.rel1.linux64_1.0.200.202406132123/tools/bin/../lib/gcc/arm-none-eabi/12.3.1/../../../../arm-none-eabi/lib/thumb/v7-m/nofp/libc_nano.a(libc_a-lseekr.o)
                              /opt/st/stm32cubeide_1.16.1/plugins/com.st.stm32cube.ide.mcu.externaltools.gnu-tools-for-stm32.12.3.rel1.linux64_1.0.200.202406132123/tools/bin/../lib/gcc/arm-none-eabi/12.3.1/../../../../arm-none-eabi/lib/thumb/v7-m/nofp/libc_nano.a(libc_a-stdio.o) (_lseek_r)
/opt/st/stm32cubeide_1.16.1/plugins/com.st.stm32cube.ide.mcu.externaltools.gnu-tools-for-stm32.12.3.rel1.linux64_1.0.200.202406132123/tools/bin/../lib/gcc/arm-none-eabi/12.3.1/../../../../arm-none-eabi/lib/thumb/v7-m/nofp/libc_nano.a(libc_a-readr.o)
[...]
Memory Configuration

Name             Origin             Length             Attributes
RAM              0x20000000         0x00002800         xrw
FLASH            0x08000000         0x00008000         xr
*default*        0x00000000         0xffffffff

Linker script and memory map

LOAD /opt/st/stm32cubeide_1.16.1/plugins/com.st.stm32cube.ide.mcu.externaltools.gnu-tools-for-stm32.12.3.rel1.linux64_1.0.200.202406132123/tools/bin/../lib/gcc/arm-none-eabi/12.3.1/thumb/v7-m/nofp/crti.o
LOAD /opt/st/stm32cubeide_1.16.1/plugins/com.st.stm32cube.ide.mcu.externaltools.gnu-tools-for-stm32.12.3.rel1.linux64_1.0.200.202406132123/tools/bin/../lib/gcc/arm-none-eabi/12.3.1/thumb/v7-m/nofp/crtbegin.o
LOAD /opt/st/stm32cubeide_1.16.1/plugins/com.st.stm32cube.ide.mcu.externaltools.gnu-tools-for-stm32.12.3.rel1.linux64_1.0.200.202406132123/tools/bin/../lib/gcc/arm-none-eabi/12.3.1/../../../../arm-none-eabi/lib/thumb/v7-m/nofp/crt0.o
LOAD ./Core/Src/TaskAppCAN.o
LOAD ./Core/Src/TaskAppSerial.o
LOAD ./Core/Src/TaskIO.o
LOAD ./Core/Src/can.o
LOAD ./Core/Src/freertos.o
LOAD ./Core/Src/gpio.o
LOAD ./Core/Src/main.o
LOAD ./Core/Src/state.o
LOAD ./Core/Src/stm32f1xx_hal_msp.o
LOAD ./Core/Src/stm32f1xx_it.o
LOAD ./Core/Src/syscalls.o
LOAD ./Core/Src/sysmem.o
LOAD ./Core/Src/system_stm32f1xx.o
LOAD ./Core/Src/usart.o
LOAD ./Core/Startup/startup_stm32f103c6tx.o
LOAD ./Drivers/STM32F1xx_HAL_Driver/stm32f1xx_hal.o
LOAD ./Drivers/STM32F1xx_HAL_Driver/stm32f1xx_hal_can.o
LOAD ./Drivers/STM32F1xx_HAL_Driver/stm32f1xx_hal_cortex.o
LOAD ./Drivers/STM32F1xx_HAL_Driver/stm32f1xx_hal_dma.o
LOAD ./Drivers/STM32F1xx_HAL_Driver/stm32f1xx_hal_exti.o
LOAD ./Drivers/STM32F1xx_HAL_Driver/stm32f1xx_hal_flash.o
LOAD ./Drivers/STM32F1xx_HAL_Driver/stm32f1xx_hal_flash_ex.o
LOAD ./Drivers/STM32F1xx_HAL_Driver/stm32f1xx_hal_gpio.o
LOAD ./Drivers/STM32F1xx_HAL_Driver/stm32f1xx_hal_gpio_ex.o
LOAD ./Drivers/STM32F1xx_HAL_Driver/stm32f1xx_hal_pwr.o
LOAD ./Drivers/STM32F1xx_HAL_Driver/stm32f1xx_hal_rcc.o
LOAD ./Drivers/STM32F1xx_HAL_Driver/stm32f1xx_hal_rcc_ex.o
LOAD ./Drivers/STM32F1xx_HAL_Driver/stm32f1xx_hal_tim.o
LOAD ./Drivers/STM32F1xx_HAL_Driver/stm32f1xx_hal_tim_ex.o
LOAD ./Drivers/STM32F1xx_HAL_Driver/stm32f1xx_hal_uart.o
LOAD ./Middlewares/FreeRTOS/cmsis_os.o
LOAD ./Middlewares/FreeRTOS/croutine.o
LOAD ./Middlewares/FreeRTOS/event_groups.o
LOAD ./Middlewares/FreeRTOS/heap_4.o
LOAD ./Middlewares/FreeRTOS/list.o
LOAD ./Middlewares/FreeRTOS/port.o
LOAD ./Middlewares/FreeRTOS/queue.o
LOAD ./Middlewares/FreeRTOS/stream_buffer.o
LOAD ./Middlewares/FreeRTOS/tasks.o
LOAD ./Middlewares/FreeRTOS/timers.o
START GROUP
LOAD /opt/st/stm32cubeide_1.16.1/plugins/com.st.stm32cube.ide.mcu.externaltools.gnu-tools-for-stm32.12.3.rel1.linux64_1.0.200.202406132123/tools/bin/../lib/gcc/arm-none-eabi/12.3.1/../../../../arm-none-eabi/lib/thumb/v7-m/nofp/libc_nano.a
LOAD /opt/st/stm32cubeide_1.16.1/plugins/com.st.stm32cube.ide.mcu.externaltools.gnu-tools-for-stm32.12.3.rel1.linux64_1.0.200.202406132123/tools/bin/../lib/gcc/arm-none-eabi/12.3.1/../../../../arm-none-eabi/lib/thumb/v7-m/nofp/libm.a
END GROUP
START GROUP
LOAD /opt/st/stm32cubeide_1.16.1/plugins/com.st.stm32cube.ide.mcu.externaltools.gnu-tools-for-stm32.12.3.rel1.linux64_1.0.200.202406132123/tools/bin/../lib/gcc/arm-none-eabi/12.3.1/thumb/v7-m/nofp/libgcc.a
LOAD /opt/st/stm32cubeide_1.16.1/plugins/com.st.stm32cube.ide.mcu.externaltools.gnu-tools-for-stm32.12.3.rel1.linux64_1.0.200.202406132123/tools/bin/../lib/gcc/arm-none-eabi/12.3.1/../../../../arm-none-eabi/lib/thumb/v7-m/nofp/libc_nano.a
END GROUP
START GROUP
LOAD /opt/st/stm32cubeide_1.16.1/plugins/com.st.stm32cube.ide.mcu.externaltools.gnu-tools-for-stm32.12.3.rel1.linux64_1.0.200.202406132123/tools/bin/../lib/gcc/arm-none-eabi/12.3.1/thumb/v7-m/nofp/libgcc.a
LOAD /opt/st/stm32cubeide_1.16.1/plugins/com.st.stm32cube.ide.mcu.externaltools.gnu-tools-for-stm32.12.3.rel1.linux64_1.0.200.202406132123/tools/bin/../lib/gcc/arm-none-eabi/12.3.1/../../../../arm-none-eabi/lib/thumb/v7-m/nofp/libc_nano.a
LOAD /opt/st/stm32cubeide_1.16.1/plugins/com.st.stm32cube.ide.mcu.externaltools.gnu-tools-for-stm32.12.3.rel1.linux64_1.0.200.202406132123/tools/bin/../lib/gcc/arm-none-eabi/12.3.1/../../../../arm-none-eabi/lib/thumb/v7-m/nofp/libnosys.a
END GROUP
START GROUP
LOAD /opt/st/stm32cubeide_1.16.1/plugins/com.st.stm32cube.ide.mcu.externaltools.gnu-tools-for-stm32.12.3.rel1.linux64_1.0.200.202406132123/tools/bin/../lib/gcc/arm-none-eabi/12.3.1/thumb/v7-m/nofp/libgcc.a
LOAD /opt/st/stm32cubeide_1.16.1/plugins/com.st.stm32cube.ide.mcu.externaltools.gnu-tools-for-stm32.12.3.rel1.linux64_1.0.200.202406132123/tools/bin/../lib/gcc/arm-none-eabi/12.3.1/../../../../arm-none-eabi/lib/thumb/v7-m/nofp/libc_nano.a
LOAD /opt/st/stm32cubeide_1.16.1/plugins/com.st.stm32cube.ide.mcu.externaltools.gnu-tools-for-stm32.12.3.rel1.linux64_1.0.200.202406132123/tools/bin/../lib/gcc/arm-none-eabi/12.3.1/../../../../arm-none-eabi/lib/thumb/v7-m/nofp/libnosys.a
END GROUP
LOAD /opt/st/stm32cubeide_1.16.1/plugins/com.st.stm32cube.ide.mcu.externaltools.gnu-tools-for-stm32.12.3.rel1.linux64_1.0.200.202406132123/tools/bin/../lib/gcc/arm-none-eabi/12.3.1/thumb/v7-m/nofp/crtend.o
LOAD /opt/st/stm32cubeide_1.16.1/plugins/com.st.stm32cube.ide.mcu.externaltools.gnu-tools-for-stm32.12.3.rel1.linux64_1.0.200.202406132123/tools/bin/../lib/gcc/arm-none-eabi/12.3.1/thumb/v7-m/nofp/crtn.o
                0x20002800                        _estack = (ORIGIN (RAM) + LENGTH (RAM))
                0x00000200                        _Min_Heap_Size = 0x200
                0x00000400                        _Min_Stack_Size = 0x400

.isr_vector     0x08000000      0x10c
                0x08000000                        . = ALIGN (0x4)
 *(.isr_vector)
 .isr_vector    0x08000000      0x10c ./Core/Startup/startup_stm32f103c6tx.o
                0x08000000                g_pfnVectors
                0x0800010c                        . = ALIGN (0x4)

.text           0x08000110     0x6b18
                0x08000110                        . = ALIGN (0x4)
 *(.text)
 .text          0x08000110       0x40 /opt/st/stm32cubeide_1.16.1/plugins/com.st.stm32cube.ide.mcu.externaltools.gnu-tools-for-stm32.12.3.rel1.linux64_1.0.200.202406132123/tools/bin/../lib/gcc/arm-none-eabi/12.3.1/thumb/v7-m/nofp/crtbegin.o
 .text          0x08000150       0x10 /opt/st/stm32cubeide_1.16.1/plugins/com.st.stm32cube.ide.mcu.externaltools.gnu-tools-for-stm32.12.3.rel1.linux64_1.0.200.202406132123/tools/bin/../lib/gcc/arm-none-eabi/12.3.1/../../../../arm-none-eabi/lib/thumb/v7-m/nofp/libc_nano.a(libc_a-strlen.o)
                0x08000150                strlen
 *(.text*)
 .text.HAL_CAN_RxFifo0MsgPendingCallback
                0x08000160       0x68 ./Core/Src/TaskAppCAN.o
                0x08000160                HAL_CAN_RxFifo0MsgPendingCallback
 .text.TaskAppCAN_getQueue
                0x080001c8       0x14 ./Core/Src/TaskAppCAN.o
                0x080001c8                TaskAppCAN_getQueue
 .text.TaskAppCAN_Entry
                0x080001dc       0x58 ./Core/Src/TaskAppCAN.o
                0x080001dc                TaskAppCAN_Entry
 .text.TaskAppCAN_Start
                0x08000234       0x48 ./Core/Src/TaskAppCAN.o
                0x08000234                TaskAppCAN_Start
 .text.TaskAppCAN_ReceiveEvent
                0x0800027c       0xc8 ./Core/Src/TaskAppCAN.o
                0x0800027c                TaskAppCAN_ReceiveEvent
 .text.TaskAppCAN_TransmitEvent
                0x08000344       0x18 ./Core/Src/TaskAppCAN.o
                0x08000344                TaskAppCAN_TransmitEvent
 .text.TaskAppCAN_PSEvent
                0x0800035c       0x48 ./Core/Src/TaskAppCAN.o
                0x0800035c                TaskAppCAN_PSEvent
 .text.TaskAppCAN_SleepEvent
                0x080003a4       0x60 ./Core/Src/TaskAppCAN.o
                0x080003a4                TaskAppCAN_SleepEvent
 .text.TaskAppCAN_WakeUp
                0x08000404       0x78 ./Core/Src/TaskAppCAN.o
                0x08000404                TaskAppCAN_WakeUp
 .text.TaskAppCAN_IgnoreEvent
                0x0800047c       0x18 ./Core/Src/TaskAppCAN.o
                0x0800047c                TaskAppCAN_IgnoreEvent
 .text.vTaskAppCAN
                0x08000494      0x184 ./Core/Src/TaskAppCAN.o
                0x08000494                vTaskAppCAN
 .text.TaskAppSerial_getQueue
                0x08000618       0x14 ./Core/Src/TaskAppSerial.o
                0x08000618                TaskAppSerial_getQueue
 .text.TaskAppSerial_Entry
                0x0800062c       0x58 ./Core/Src/TaskAppSerial.o
                0x0800062c                TaskAppSerial_Entry
 .text.TaskAppSerial_Start
                0x08000684       0x18 ./Core/Src/TaskAppSerial.o
                0x08000684                TaskAppSerial_Start
 .text.TaskAppSerial_ReceiveEvent
                0x0800069c       0x18 ./Core/Src/TaskAppSerial.o
                0x0800069c                TaskAppSerial_ReceiveEvent
 .text.TaskAppSerial_TransmitEvent
                0x080006b4       0x9c ./Core/Src/TaskAppSerial.o
                0x080006b4                TaskAppSerial_TransmitEvent
 .text.TaskAppSerial_IgnoreEvent
                0x08000750       0x18 ./Core/Src/TaskAppSerial.o
                0x08000750                TaskAppSerial_IgnoreEvent
 .text.vTaskAppSerial
                0x08000768       0x4c ./Core/Src/TaskAppSerial.o
                0x08000768                vTaskAppSerial
 .text.TaskIO_Entry
                0x080007b4       0x4c ./Core/Src/TaskIO.o
                0x080007b4                TaskIO_Entry
 .text.TaskIO_Start
                0x08000800       0xb0 ./Core/Src/TaskIO.o
                0x08000800                TaskIO_Start
 .text.TaskIO_getQueue
                0x080008b0       0x14 ./Core/Src/TaskIO.o
                0x080008b0                TaskIO_getQueue
 .text.TaskIO_PSEvent
                0x080008c4       0x64 ./Core/Src/TaskIO.o
                0x080008c4                TaskIO_PSEvent
 .text.TaskIO_WakeupEvent
                0x08000928       0x28 ./Core/Src/TaskIO.o
                0x08000928                TaskIO_WakeupEvent
 .text.TaskIO_IgnoreEvent
                0x08000950       0x18 ./Core/Src/TaskIO.o
                0x08000950                TaskIO_IgnoreEvent
 .text.vLocalTimerCallbackIo
                0x08000968       0xe8 ./Core/Src/TaskIO.o
                0x08000968                vLocalTimerCallbackIo
 .text.vTaskIO  0x08000a50       0x4c ./Core/Src/TaskIO.o
                0x08000a50                vTaskIO
 .text.MX_CAN_Init
                0x08000a9c       0x70 ./Core/Src/can.o
                0x08000a9c                MX_CAN_Init
 .text.HAL_CAN_MspInit
                0x08000b0c       0xcc ./Core/Src/can.o
                0x08000b0c                HAL_CAN_MspInit
 .text.HAL_CAN_MspDeInit
                0x08000bd8       0x3c ./Core/Src/can.o
                0x08000bd8                HAL_CAN_MspDeInit
 .text.hGet_CAN_Handler
                0x08000c14       0x14 ./Core/Src/can.o
                0x08000c14                hGet_CAN_Handler
 .text.stHAL_CAN_FilterConfig
                0x08000c28       0x38 ./Core/Src/can.o
                0x08000c28                stHAL_CAN_FilterConfig
 .text.vApplicationGetIdleTaskMemory
                0x08000c60       0x30 ./Core/Src/freertos.o
                0x08000c60                vApplicationGetIdleTaskMemory
 .text.vApplicationGetTimerTaskMemory
                0x08000c90       0x34 ./Core/Src/freertos.o
                0x08000c90                vApplicationGetTimerTaskMemory
 .text.MX_FREERTOS_Init
                0x08000cc4      0x12c ./Core/Src/freertos.o
                0x08000cc4                MX_FREERTOS_Init
 .text.TaskIO_Init
                0x08000df0       0x30 ./Core/Src/freertos.o
                0x08000df0                TaskIO_Init
 .text.TaskAppCAN_Init
                0x08000e20       0x28 ./Core/Src/freertos.o
                0x08000e20                TaskAppCAN_Init
 .text.TaskAppSerial_Init
                0x08000e48       0x28 ./Core/Src/freertos.o
                0x08000e48                TaskAppSerial_Init
 .text.vTimerCallbackIo
                0x08000e70       0x16 ./Core/Src/freertos.o
                0x08000e70                vTimerCallbackIo
 *fill*         0x08000e86        0x2 
 .text.MX_GPIO_Init
                0x08000e88      0x124 ./Core/Src/gpio.o
                0x08000e88                MX_GPIO_Init
 .text.main     0x08000fac       0x24 ./Core/Src/main.o
                0x08000fac                main
 .text.SystemClock_Config
                0x08000fd0       0x8a ./Core/Src/main.o
                0x08000fd0                SystemClock_Config
 .text.Error_Handler
                0x0800105a        0xc ./Core/Src/main.o
                0x0800105a                Error_Handler
 .text.psSearchEvent
                0x08001066       0x38 ./Core/Src/state.o
                0x08001066                psSearchEvent
 .text.eEventHandler
                0x0800109e       0x58 ./Core/Src/state.o
                0x0800109e                eEventHandler
 *fill*         0x080010f6        0x2 
 .text.HAL_MspInit
                0x080010f8       0x70 ./Core/Src/stm32f1xx_hal_msp.o
                0x080010f8                HAL_MspInit
 .text.NMI_Handler
                0x08001168        0x8 ./Core/Src/stm32f1xx_it.o
                0x08001168                NMI_Handler
 .text.HardFault_Handler
                0x08001170        0x8 ./Core/Src/stm32f1xx_it.o
                0x08001170                HardFault_Handler
 .text.MemManage_Handler
                0x08001178        0x8 ./Core/Src/stm32f1xx_it.o
                0x08001178                MemManage_Handler
 .text.BusFault_Handler
                0x08001180        0x8 ./Core/Src/stm32f1xx_it.o
                0x08001180                BusFault_Handler
 .text.UsageFault_Handler
                0x08001188        0x8 ./Core/Src/stm32f1xx_it.o
                0x08001188                UsageFault_Handler
 .text.DebugMon_Handler
                0x08001190        0xc ./Core/Src/stm32f1xx_it.o
                0x08001190                DebugMon_Handler
 .text.SysTick_Handler
                0x0800119c       0x1a ./Core/Src/stm32f1xx_it.o
                0x0800119c                SysTick_Handler
 *fill*         0x080011b6        0x2 
 .text.USB_LP_CAN1_RX0_IRQHandler
                0x080011b8       0x14 ./Core/Src/stm32f1xx_it.o
                0x080011b8                USB_LP_CAN1_RX0_IRQHandler
 .text._sbrk    0x080011cc       0x6c ./Core/Src/sysmem.o
                0x080011cc                _sbrk
 .text.SystemInit
                0x08001238        0xc ./Core/Src/system_stm32f1xx.o
                0x08001238                SystemInit
 .text.MX_USART1_UART_Init
                0x08001244       0x54 ./Core/Src/usart.o
                0x08001244                MX_USART1_UART_Init
 .text.HAL_UART_MspInit
                0x08001298       0x98 ./Core/Src/usart.o
                0x08001298                HAL_UART_MspInit
 .text.hGet_USART_Handler
                0x08001330       0x14 ./Core/Src/usart.o
                0x08001330                hGet_USART_Handler
 .text.Reset_Handler
                0x08001344       0x48 ./Core/Startup/startup_stm32f103c6tx.o
                0x08001344                Reset_Handler
 .text.Default_Handler
                0x0800138c        0x2 ./Core/Startup/startup_stm32f103c6tx.o
                0x0800138c                RTC_Alarm_IRQHandler
                0x0800138c                EXTI2_IRQHandler
                0x0800138c                TIM1_CC_IRQHandler
                0x0800138c                PVD_IRQHandler
                0x0800138c                EXTI3_IRQHandler
                0x0800138c                EXTI0_IRQHandler
                0x0800138c                ADC1_2_IRQHandler
                0x0800138c                SPI1_IRQHandler
                0x0800138c                TAMPER_IRQHandler
                0x0800138c                DMA1_Channel4_IRQHandler
                0x0800138c                RTC_IRQHandler
                0x0800138c                DMA1_Channel7_IRQHandler
                0x0800138c                CAN1_RX1_IRQHandler
                0x0800138c                I2C1_EV_IRQHandler
                0x0800138c                DMA1_Channel6_IRQHandler
                0x0800138c                TIM3_IRQHandler
                0x0800138c                RCC_IRQHandler
                0x0800138c                TIM1_TRG_COM_IRQHandler
                0x0800138c                DMA1_Channel1_IRQHandler
                0x0800138c                Default_Handler
                0x0800138c                EXTI15_10_IRQHandler
                0x0800138c                EXTI9_5_IRQHandler
                0x0800138c                DMA1_Channel5_IRQHandler
                0x0800138c                EXTI4_IRQHandler
                0x0800138c                USB_HP_CAN1_TX_IRQHandler
                0x0800138c                DMA1_Channel3_IRQHandler
                0x0800138c                TIM1_UP_IRQHandler
                0x0800138c                WWDG_IRQHandler
                0x0800138c                TIM2_IRQHandler
                0x0800138c                TIM1_BRK_IRQHandler
                0x0800138c                EXTI1_IRQHandler
                0x0800138c                USART2_IRQHandler
                0x0800138c                DMA1_Channel2_IRQHandler
                0x0800138c                CAN1_SCE_IRQHandler
                0x0800138c                FLASH_IRQHandler
                0x0800138c                USART1_IRQHandler
                0x0800138c                I2C1_ER_IRQHandler
                0x0800138c                USBWakeUp_IRQHandler
 *fill*         0x0800138e        0x2 
 .text.HAL_Init
                0x08001390       0x2c ./Drivers/STM32F1xx_HAL_Driver/stm32f1xx_hal.o
                0x08001390                HAL_Init
 .text.HAL_InitTick
                0x080013bc       0x60 ./Drivers/STM32F1xx_HAL_Driver/stm32f1xx_hal.o
                0x080013bc                HAL_InitTick
 .text.HAL_IncTick
                0x0800141c       0x24 ./Drivers/STM32F1xx_HAL_Driver/stm32f1xx_hal.o
                0x0800141c                HAL_IncTick
 .text.HAL_GetTick
                0x08001440       0x14 ./Drivers/STM32F1xx_HAL_Driver/stm32f1xx_hal.o
                0x08001440                HAL_GetTick
 .text.HAL_SuspendTick
                0x08001454       0x1c ./Drivers/STM32F1xx_HAL_Driver/stm32f1xx_hal.o
                0x08001454                HAL_SuspendTick
 .text.HAL_ResumeTick
                0x08001470       0x1c ./Drivers/STM32F1xx_HAL_Driver/stm32f1xx_hal.o
                0x08001470                HAL_ResumeTick
 .text.HAL_CAN_Init
                0x0800148c      0x28c ./Drivers/STM32F1xx_HAL_Driver/stm32f1xx_hal_can.o
                0x0800148c                HAL_CAN_Init
 .text.HAL_CAN_ConfigFilter
                0x08001718      0x192 ./Drivers/STM32F1xx_HAL_Driver/stm32f1xx_hal_can.o
                0x08001718                HAL_CAN_ConfigFilter
 .text.HAL_CAN_Start
                0x080018aa       0x88 ./Drivers/STM32F1xx_HAL_Driver/stm32f1xx_hal_can.o
                0x080018aa                HAL_CAN_Start
 .text.HAL_CAN_Stop
                0x08001932       0x92 ./Drivers/STM32F1xx_HAL_Driver/stm32f1xx_hal_can.o
                0x08001932                HAL_CAN_Stop
 .text.HAL_CAN_GetRxMessage
                0x080019c4      0x242 ./Drivers/STM32F1xx_HAL_Driver/stm32f1xx_hal_can.o
                0x080019c4                HAL_CAN_GetRxMessage
 .text.HAL_CAN_GetRxFifoFillLevel
                0x08001c06       0x4e ./Drivers/STM32F1xx_HAL_Driver/stm32f1xx_hal_can.o
                0x08001c06                HAL_CAN_GetRxFifoFillLevel
 .text.HAL_CAN_ActivateNotification
                0x08001c54       0x4a ./Drivers/STM32F1xx_HAL_Driver/stm32f1xx_hal_can.o
                0x08001c54                HAL_CAN_ActivateNotification
 .text.HAL_CAN_DeactivateNotification
                0x08001c9e       0x4c ./Drivers/STM32F1xx_HAL_Driver/stm32f1xx_hal_can.o
                0x08001c9e                HAL_CAN_DeactivateNotification
 .text.HAL_CAN_IRQHandler
                0x08001cea      0x38a ./Drivers/STM32F1xx_HAL_Driver/stm32f1xx_hal_can.o
                0x08001cea                HAL_CAN_IRQHandler
 .text.HAL_CAN_TxMailbox0CompleteCallback
                0x08002074       0x12 ./Drivers/STM32F1xx_HAL_Driver/stm32f1xx_hal_can.o
                0x08002074                HAL_CAN_TxMailbox0CompleteCallback
 .text.HAL_CAN_TxMailbox1CompleteCallback
                0x08002086       0x12 ./Drivers/STM32F1xx_HAL_Driver/stm32f1xx_hal_can.o
                0x08002086                HAL_CAN_TxMailbox1CompleteCallback
 .text.HAL_CAN_TxMailbox2CompleteCallback
                0x08002098       0x12 ./Drivers/STM32F1xx_HAL_Driver/stm32f1xx_hal_can.o
                0x08002098                HAL_CAN_TxMailbox2CompleteCallback
 .text.HAL_CAN_TxMailbox0AbortCallback
                0x080020aa       0x12 ./Drivers/STM32F1xx_HAL_Driver/stm32f1xx_hal_can.o
                0x080020aa                HAL_CAN_TxMailbox0AbortCallback
 .text.HAL_CAN_TxMailbox1AbortCallback
                0x080020bc       0x12 ./Drivers/STM32F1xx_HAL_Driver/stm32f1xx_hal_can.o
                0x080020bc                HAL_CAN_TxMailbox1AbortCallback
 .text.HAL_CAN_TxMailbox2AbortCallback
                0x080020ce       0x12 ./Drivers/STM32F1xx_HAL_Driver/stm32f1xx_hal_can.o
                0x080020ce                HAL_CAN_TxMailbox2AbortCallback
 .text.HAL_CAN_RxFifo0FullCallback
                0x080020e0       0x12 ./Drivers/STM32F1xx_HAL_Driver/stm32f1xx_hal_can.o
                0x080020e0                HAL_CAN_RxFifo0FullCallback
 .text.HAL_CAN_RxFifo1MsgPendingCallback
                0x080020f2       0x12 ./Drivers/STM32F1xx_HAL_Driver/stm32f1xx_hal_can.o
                0x080020f2                HAL_CAN_RxFifo1MsgPendingCallback
 .text.HAL_CAN_RxFifo1FullCallback
                0x08002104       0x12 ./Drivers/STM32F1xx_HAL_Driver/stm32f1xx_hal_can.o
                0x08002104                HAL_CAN_RxFifo1FullCallback
 .text.HAL_CAN_SleepCallback
                0x08002116       0x12 ./Drivers/STM32F1xx_HAL_Driver/stm32f1xx_hal_can.o
                0x08002116                HAL_CAN_SleepCallback
 .text.HAL_CAN_WakeUpFromRxMsgCallback
                0x08002128       0x12 ./Drivers/STM32F1xx_HAL_Driver/stm32f1xx_hal_can.o
                0x08002128                HAL_CAN_WakeUpFromRxMsgCallback
 .text.HAL_CAN_ErrorCallback
                0x0800213a       0x12 ./Drivers/STM32F1xx_HAL_Driver/stm32f1xx_hal_can.o
                0x0800213a                HAL_CAN_ErrorCallback
 .text.__NVIC_SetPriorityGrouping
                0x0800214c       0x48 ./Drivers/STM32F1xx_HAL_Driver/stm32f1xx_hal_cortex.o
 .text.__NVIC_GetPriorityGrouping
                0x08002194       0x1c ./Drivers/STM32F1xx_HAL_Driver/stm32f1xx_hal_cortex.o
 .text.__NVIC_EnableIRQ
                0x080021b0       0x38 ./Drivers/STM32F1xx_HAL_Driver/stm32f1xx_hal_cortex.o
 .text.__NVIC_DisableIRQ
                0x080021e8       0x48 ./Drivers/STM32F1xx_HAL_Driver/stm32f1xx_hal_cortex.o
 .text.__NVIC_ClearPendingIRQ
                0x08002230       0x3c ./Drivers/STM32F1xx_HAL_Driver/stm32f1xx_hal_cortex.o
 .text.__NVIC_SetPriority
                0x0800226c       0x54 ./Drivers/STM32F1xx_HAL_Driver/stm32f1xx_hal_cortex.o
 .text.NVIC_EncodePriority
                0x080022c0       0x64 ./Drivers/STM32F1xx_HAL_Driver/stm32f1xx_hal_cortex.o
 .text.SysTick_Config
                0x08002324       0x44 ./Drivers/STM32F1xx_HAL_Driver/stm32f1xx_hal_cortex.o
 .text.HAL_NVIC_SetPriorityGrouping
                0x08002368       0x16 ./Drivers/STM32F1xx_HAL_Driver/stm32f1xx_hal_cortex.o
                0x08002368                HAL_NVIC_SetPriorityGrouping
 .text.HAL_NVIC_SetPriority
                0x0800237e       0x38 ./Drivers/STM32F1xx_HAL_Driver/stm32f1xx_hal_cortex.o
                0x0800237e                HAL_NVIC_SetPriority
 .text.HAL_NVIC_EnableIRQ
                0x080023b6       0x1c ./Drivers/STM32F1xx_HAL_Driver/stm32f1xx_hal_cortex.o
                0x080023b6                HAL_NVIC_EnableIRQ
 .text.HAL_NVIC_DisableIRQ
                0x080023d2       0x1c ./Drivers/STM32F1xx_HAL_Driver/stm32f1xx_hal_cortex.o
                0x080023d2                HAL_NVIC_DisableIRQ
 .text.HAL_SYSTICK_Config
                0x080023ee       0x18 ./Drivers/STM32F1xx_HAL_Driver/stm32f1xx_hal_cortex.o
                0x080023ee                HAL_SYSTICK_Config
 .text.HAL_NVIC_ClearPendingIRQ
                0x08002406       0x1c ./Drivers/STM32F1xx_HAL_Driver/stm32f1xx_hal_cortex.o
                0x08002406                HAL_NVIC_ClearPendingIRQ
 *fill*         0x08002422        0x2 
 .text.HAL_GPIO_Init
                0x08002424      0x2f8 ./Drivers/STM32F1xx_HAL_Driver/stm32f1xx_hal_gpio.o
                0x08002424                HAL_GPIO_Init
 .text.HAL_GPIO_DeInit
                0x0800271c      0x168 ./Drivers/STM32F1xx_HAL_Driver/stm32f1xx_hal_gpio.o
                0x0800271c                HAL_GPIO_DeInit
 .text.HAL_GPIO_WritePin
                0x08002884       0x30 ./Drivers/STM32F1xx_HAL_Driver/stm32f1xx_hal_gpio.o
                0x08002884                HAL_GPIO_WritePin
 .text.HAL_PWR_EnterSLEEPMode
                0x080028b4       0x38 ./Drivers/STM32F1xx_HAL_Driver/stm32f1xx_hal_pwr.o
                0x080028b4                HAL_PWR_EnterSLEEPMode
 .text.HAL_RCC_OscConfig
                0x080028ec      0x504 ./Drivers/STM32F1xx_HAL_Driver/stm32f1xx_hal_rcc.o
                0x080028ec                HAL_RCC_OscConfig
 .text.HAL_RCC_ClockConfig
                0x08002df0      0x1d4 ./Drivers/STM32F1xx_HAL_Driver/stm32f1xx_hal_rcc.o
                0x08002df0                HAL_RCC_ClockConfig
 .text.HAL_RCC_GetSysClockFreq
                0x08002fc4       0xa8 ./Drivers/STM32F1xx_HAL_Driver/stm32f1xx_hal_rcc.o
                0x08002fc4                HAL_RCC_GetSysClockFreq
 .text.HAL_RCC_GetHCLKFreq
                0x0800306c       0x14 ./Drivers/STM32F1xx_HAL_Driver/stm32f1xx_hal_rcc.o
                0x0800306c                HAL_RCC_GetHCLKFreq
 .text.HAL_RCC_GetPCLK1Freq
                0x08003080       0x28 ./Drivers/STM32F1xx_HAL_Driver/stm32f1xx_hal_rcc.o
                0x08003080                HAL_RCC_GetPCLK1Freq
 .text.HAL_RCC_GetPCLK2Freq
                0x080030a8       0x28 ./Drivers/STM32F1xx_HAL_Driver/stm32f1xx_hal_rcc.o
                0x080030a8                HAL_RCC_GetPCLK2Freq
 .text.RCC_Delay
                0x080030d0       0x3c ./Drivers/STM32F1xx_HAL_Driver/stm32f1xx_hal_rcc.o
 .text.HAL_UART_Init
                0x0800310c       0xa0 ./Drivers/STM32F1xx_HAL_Driver/stm32f1xx_hal_uart.o
                0x0800310c                HAL_UART_Init
 .text.HAL_UART_Transmit
                0x080031ac      0x116 ./Drivers/STM32F1xx_HAL_Driver/stm32f1xx_hal_uart.o
                0x080031ac                HAL_UART_Transmit
 .text.UART_WaitOnFlagUntilTimeout
                0x080032c2       0xb2 ./Drivers/STM32F1xx_HAL_Driver/stm32f1xx_hal_uart.o
 .text.UART_EndRxTransfer
                0x08003374       0xc4 ./Drivers/STM32F1xx_HAL_Driver/stm32f1xx_hal_uart.o
 .text.UART_SetConfig
                0x08003438      0x11c ./Drivers/STM32F1xx_HAL_Driver/stm32f1xx_hal_uart.o
 .text.makeFreeRtosPriority
                0x08003554       0x2e ./Middlewares/FreeRTOS/cmsis_os.o
 .text.inHandlerMode
                0x08003582       0x22 ./Middlewares/FreeRTOS/cmsis_os.o
 .text.osKernelStart
                0x080035a4        0xe ./Middlewares/FreeRTOS/cmsis_os.o
                0x080035a4                osKernelStart
 .text.osThreadCreate
                0x080035b2       0x98 ./Middlewares/FreeRTOS/cmsis_os.o
                0x080035b2                osThreadCreate
 .text.osDelay  0x0800364a       0x28 ./Middlewares/FreeRTOS/cmsis_os.o
                0x0800364a                osDelay
 *fill*         0x08003672        0x2 
 .text.osTimerCreate
                0x08003674       0x68 ./Middlewares/FreeRTOS/cmsis_os.o
                0x08003674                osTimerCreate
 .text.osTimerStart
                0x080036dc       0x88 ./Middlewares/FreeRTOS/cmsis_os.o
                0x080036dc                osTimerStart
 .text.osTimerStop
                0x08003764       0x78 ./Middlewares/FreeRTOS/cmsis_os.o
                0x08003764                osTimerStop
 .text.osMessageCreate
                0x080037dc       0x50 ./Middlewares/FreeRTOS/cmsis_os.o
                0x080037dc                osMessageCreate
 .text.pvPortMalloc
                0x0800382c      0x19c ./Middlewares/FreeRTOS/heap_4.o
                0x0800382c                pvPortMalloc
 .text.vPortFree
                0x080039c8       0xc8 ./Middlewares/FreeRTOS/heap_4.o
                0x080039c8                vPortFree
 .text.prvHeapInit
                0x08003a90       0xc4 ./Middlewares/FreeRTOS/heap_4.o
 .text.prvInsertBlockIntoFreeList
                0x08003b54       0xb0 ./Middlewares/FreeRTOS/heap_4.o
 .text.vListInitialise
                0x08003c04       0x3e ./Middlewares/FreeRTOS/list.o
                0x08003c04                vListInitialise
 .text.vListInitialiseItem
                0x08003c42       0x18 ./Middlewares/FreeRTOS/list.o
                0x08003c42                vListInitialiseItem
 .text.vListInsertEnd
                0x08003c5a       0x46 ./Middlewares/FreeRTOS/list.o
                0x08003c5a                vListInsertEnd
 .text.vListInsert
                0x08003ca0       0x70 ./Middlewares/FreeRTOS/list.o
                0x08003ca0                vListInsert
 .text.uxListRemove
                0x08003d10       0x52 ./Middlewares/FreeRTOS/list.o
                0x08003d10                uxListRemove
 *fill*         0x08003d62        0x2 
 .text.pxPortInitialiseStack
                0x08003d64       0x58 ./Middlewares/FreeRTOS/port.o
                0x08003d64                pxPortInitialiseStack
 .text.prvTaskExitError
                0x08003dbc       0x58 ./Middlewares/FreeRTOS/port.o
 *fill*         0x08003e14        0xc 
 .text.SVC_Handler
                0x08003e20       0x28 ./Middlewares/FreeRTOS/port.o
                0x08003e20                SVC_Handler
 .text.prvPortStartFirstTask
                0x08003e48       0x20 ./Middlewares/FreeRTOS/port.o
 .text.xPortStartScheduler
                0x08003e68       0xe4 ./Middlewares/FreeRTOS/port.o
                0x08003e68                xPortStartScheduler
 .text.vPortEnterCritical
                0x08003f4c       0x60 ./Middlewares/FreeRTOS/port.o
                0x08003f4c                vPortEnterCritical
 .text.vPortExitCritical
                0x08003fac       0x54 ./Middlewares/FreeRTOS/port.o
                0x08003fac                vPortExitCritical
 .text.PendSV_Handler
                0x08004000       0x48 ./Middlewares/FreeRTOS/port.o
                0x08004000                PendSV_Handler
 .text.xPortSysTickHandler
                0x08004048       0x44 ./Middlewares/FreeRTOS/port.o
                0x08004048                xPortSysTickHandler
 .text.vPortSetupTimerInterrupt
                0x0800408c       0x44 ./Middlewares/FreeRTOS/port.o
                0x0800408c                vPortSetupTimerInterrupt
 .text.vPortValidateInterruptPriority
                0x080040d0       0x80 ./Middlewares/FreeRTOS/port.o
                0x080040d0                vPortValidateInterruptPriority
 .text.xQueueGenericReset
                0x08004150       0xd4 ./Middlewares/FreeRTOS/queue.o
                0x08004150                xQueueGenericReset
 .text.xQueueGenericCreateStatic
                0x08004224       0xfa ./Middlewares/FreeRTOS/queue.o
                0x08004224                xQueueGenericCreateStatic
 .text.xQueueGenericCreate
                0x0800431e       0x76 ./Middlewares/FreeRTOS/queue.o
                0x0800431e                xQueueGenericCreate
 .text.prvInitialiseNewQueue
                0x08004394       0x3e ./Middlewares/FreeRTOS/queue.o
 *fill*         0x080043d2        0x2 
 .text.xQueueGenericSend
                0x080043d4      0x204 ./Middlewares/FreeRTOS/queue.o
                0x080043d4                xQueueGenericSend
 .text.xQueueGenericSendFromISR
                0x080045d8      0x13c ./Middlewares/FreeRTOS/queue.o
                0x080045d8                xQueueGenericSendFromISR
 .text.xQueueReceive
                0x08004714      0x1c4 ./Middlewares/FreeRTOS/queue.o
                0x08004714                xQueueReceive
 .text.prvCopyDataToQueue
                0x080048d8       0xd4 ./Middlewares/FreeRTOS/queue.o
 .text.prvCopyDataFromQueue
                0x080049ac       0x4c ./Middlewares/FreeRTOS/queue.o
 .text.prvUnlockQueue
                0x080049f8       0xa4 ./Middlewares/FreeRTOS/queue.o
 .text.prvIsQueueEmpty
                0x08004a9c       0x2c ./Middlewares/FreeRTOS/queue.o
 .text.prvIsQueueFull
                0x08004ac8       0x30 ./Middlewares/FreeRTOS/queue.o
 .text.vQueueAddToRegistry
                0x08004af8       0x50 ./Middlewares/FreeRTOS/queue.o
                0x08004af8                vQueueAddToRegistry
 .text.vQueueWaitForMessageRestricted
                0x08004b48       0x68 ./Middlewares/FreeRTOS/queue.o
                0x08004b48                vQueueWaitForMessageRestricted
 .text.xTaskCreateStatic
                0x08004bb0       0xc0 ./Middlewares/FreeRTOS/tasks.o
                0x08004bb0                xTaskCreateStatic
 .text.xTaskCreate
                0x08004c70       0x8a ./Middlewares/FreeRTOS/tasks.o
                0x08004c70                xTaskCreate
 *fill*         0x08004cfa        0x2 
 .text.prvInitialiseNewTask
                0x08004cfc      0x140 ./Middlewares/FreeRTOS/tasks.o
 .text.prvAddNewTaskToReadyList
                0x08004e3c       0xd4 ./Middlewares/FreeRTOS/tasks.o
 .text.vTaskDelay
                0x08004f10       0x6c ./Middlewares/FreeRTOS/tasks.o
                0x08004f10                vTaskDelay
 .text.vTaskStartScheduler
                0x08004f7c       0xe0 ./Middlewares/FreeRTOS/tasks.o
                0x08004f7c                vTaskStartScheduler
 .text.vTaskSuspendAll
                0x0800505c       0x1c ./Middlewares/FreeRTOS/tasks.o
                0x0800505c                vTaskSuspendAll
 .text.xTaskResumeAll
                0x08005078      0x13c ./Middlewares/FreeRTOS/tasks.o
                0x08005078                xTaskResumeAll
 .text.xTaskGetTickCount
                0x080051b4       0x1c ./Middlewares/FreeRTOS/tasks.o
                0x080051b4                xTaskGetTickCount
 .text.xTaskIncrementTick
                0x080051d0      0x174 ./Middlewares/FreeRTOS/tasks.o
                0x080051d0                xTaskIncrementTick
 .text.vTaskSwitchContext
                0x08005344       0xc4 ./Middlewares/FreeRTOS/tasks.o
                0x08005344                vTaskSwitchContext
 .text.vTaskPlaceOnEventList
                0x08005408       0x4c ./Middlewares/FreeRTOS/tasks.o
                0x08005408                vTaskPlaceOnEventList
 .text.vTaskPlaceOnEventListRestricted
                0x08005454       0x58 ./Middlewares/FreeRTOS/tasks.o
                0x08005454                vTaskPlaceOnEventListRestricted
 .text.xTaskRemoveFromEventList
                0x080054ac       0xc8 ./Middlewares/FreeRTOS/tasks.o
                0x080054ac                xTaskRemoveFromEventList
 .text.vTaskInternalSetTimeOutState
                0x08005574       0x2c ./Middlewares/FreeRTOS/tasks.o
                0x08005574                vTaskInternalSetTimeOutState
 .text.xTaskCheckForTimeOut
                0x080055a0       0xc8 ./Middlewares/FreeRTOS/tasks.o
                0x080055a0                xTaskCheckForTimeOut
 .text.vTaskMissedYield
                0x08005668       0x18 ./Middlewares/FreeRTOS/tasks.o
                0x08005668                vTaskMissedYield
 .text.prvIdleTask
                0x08005680       0x30 ./Middlewares/FreeRTOS/tasks.o
 .text.prvInitialiseTaskLists
                0x080056b0       0x80 ./Middlewares/FreeRTOS/tasks.o
 .text.prvCheckTasksWaitingTermination
                0x08005730       0x5c ./Middlewares/FreeRTOS/tasks.o
 .text.prvDeleteTCB
                0x0800578c       0x6a ./Middlewares/FreeRTOS/tasks.o
 *fill*         0x080057f6        0x2 
 .text.prvResetNextTaskUnblockTime
                0x080057f8       0x40 ./Middlewares/FreeRTOS/tasks.o
 .text.xTaskGetSchedulerState
                0x08005838       0x3c ./Middlewares/FreeRTOS/tasks.o
                0x08005838                xTaskGetSchedulerState
 .text.xTaskPriorityDisinherit
                0x08005874      0x110 ./Middlewares/FreeRTOS/tasks.o
                0x08005874                xTaskPriorityDisinherit
 .text.prvAddCurrentTaskToDelayedList
                0x08005984       0xcc ./Middlewares/FreeRTOS/tasks.o
 .text.xTimerCreateTimerTask
                0x08005a50       0x94 ./Middlewares/FreeRTOS/timers.o
                0x08005a50                xTimerCreateTimerTask
 .text.xTimerCreate
                0x08005ae4       0x42 ./Middlewares/FreeRTOS/timers.o
                0x08005ae4                xTimerCreate
 .text.xTimerCreateStatic
                0x08005b26       0x80 ./Middlewares/FreeRTOS/timers.o
                0x08005b26                xTimerCreateStatic
 .text.prvInitialiseNewTimer
                0x08005ba6       0x78 ./Middlewares/FreeRTOS/timers.o
 *fill*         0x08005c1e        0x2 
 .text.xTimerGenericCommand
                0x08005c20       0x9c ./Middlewares/FreeRTOS/timers.o
                0x08005c20                xTimerGenericCommand
 .text.prvProcessExpiredTimer
                0x08005cbc       0x9c ./Middlewares/FreeRTOS/timers.o
 .text.prvTimerTask
                0x08005d58       0x26 ./Middlewares/FreeRTOS/timers.o
 *fill*         0x08005d7e        0x2 
 .text.prvProcessTimerOrBlockTask
                0x08005d80       0x9c ./Middlewares/FreeRTOS/timers.o
 .text.prvGetNextExpireTime
                0x08005e1c       0x44 ./Middlewares/FreeRTOS/timers.o
 .text.prvSampleTimeNow
                0x08005e60       0x40 ./Middlewares/FreeRTOS/timers.o
 .text.prvInsertTimerInActiveList
                0x08005ea0       0x84 ./Middlewares/FreeRTOS/timers.o
 .text.prvProcessReceivedCommands
                0x08005f24      0x194 ./Middlewares/FreeRTOS/timers.o
 .text.prvSwitchTimerLists
                0x080060b8       0xcc ./Middlewares/FreeRTOS/timers.o
 .text.prvCheckForValidListAndQueue
                0x08006184       0x80 ./Middlewares/FreeRTOS/timers.o
 .text.sprintf  0x08006204       0x40 /opt/st/stm32cubeide_1.16.1/plugins/com.st.stm32cube.ide.mcu.externaltools.gnu-tools-for-stm32.12.3.rel1.linux64_1.0.200.202406132123/tools/bin/../lib/gcc/arm-none-eabi/12.3.1/../../../../arm-none-eabi/lib/thumb/v7-m/nofp/libc_nano.a(libc_a-sprintf.o)
                0x08006204                sprintf
                0x08006204                siprintf
 .text.memset   0x08006244       0x10 /opt/st/stm32cubeide_1.16.1/plugins/com.st.stm32cube.ide.mcu.externaltools.gnu-tools-for-stm32.12.3.rel1.linux64_1.0.200.202406132123/tools/bin/../lib/gcc/arm-none-eabi/12.3.1/../../../../arm-none-eabi/lib/thumb/v7-m/nofp/libc_nano.a(libc_a-memset.o)
                0x08006244                memset
 .text._reclaim_reent
                0x08006254       0xac /opt/st/stm32cubeide_1.16.1/plugins/com.st.stm32cube.ide.mcu.externaltools.gnu-tools-for-stm32.12.3.rel1.linux64_1.0.200.202406132123/tools/bin/../lib/gcc/arm-none-eabi/12.3.1/../../../../arm-none-eabi/lib/thumb/v7-m/nofp/libc_nano.a(libc_a-reent.o)
                0x08006254                _reclaim_reent
 .text.__errno  0x08006300        0xc /opt/st/stm32cubeide_1.16.1/plugins/com.st.stm32cube.ide.mcu.externaltools.gnu-tools-for-stm32.12.3.rel1.linux64_1.0.200.202406132123/tools/bin/../lib/gcc/arm-none-eabi/12.3.1/../../../../arm-none-eabi/lib/thumb/v7-m/nofp/libc_nano.a(libc_a-errno.o)
                0x08006300                __errno
 .text.__libc_init_array
                0x0800630c       0x48 /opt/st/stm32cubeide_1.16.1/plugins/com.st.stm32cube.ide.mcu.externaltools.gnu-tools-for-stm32.12.3.rel1.linux64_1.0.200.202406132123/tools/bin/../lib/gcc/arm-none-eabi/12.3.1/../../../../arm-none-eabi/lib/thumb/v7-m/nofp/libc_nano.a(libc_a-init.o)
                0x0800630c                __libc_init_array
 .text.__retarget_lock_acquire_recursive
                0x08006354        0x2 /opt/st/stm32cubeide_1.16.1/plugins/com.st.stm32cube.ide.mcu.externaltools.gnu-tools-for-stm32.12.3.rel1.linux64_1.0.200.202406132123/tools/bin/../lib/gcc/arm-none-eabi/12.3.1/../../../../arm-none-eabi/lib/thumb/v7-m/nofp/libc_nano.a(libc_a-lock.o)
                0x08006354                __retarget_lock_acquire_recursive
 .text.__retarget_lock_release_recursive
                0x08006356        0x2 /opt/st/stm32cubeide_1.16.1/plugins/com.st.stm32cube.ide.mcu.externaltools.gnu-tools-for-stm32.12.3.rel1.linux64_1.0.200.202406132123/tools/bin/../lib/gcc/arm-none-eabi/12.3.1/../../../../arm-none-eabi/lib/thumb/v7-m/nofp/libc_nano.a(libc_a-lock.o)
                0x08006356                __retarget_lock_release_recursive
 .text.memcpy   0x08006358       0x1c /opt/st/stm32cubeide_1.16.1/plugins/com.st.stm32cube.ide.mcu.externaltools.gnu-tools-for-stm32.12.3.rel1.linux64_1.0.200.202406132123/tools/bin/../lib/gcc/arm-none-eabi/12.3.1/../../../../arm-none-eabi/lib/thumb/v7-m/nofp/libc_nano.a(libc_a-memcpy-stub.o)
                0x08006358                memcpy
 .text._free_r  0x08006374       0x90 /opt/st/stm32cubeide_1.16.1/plugins/com.st.stm32cube.ide.mcu.externaltools.gnu-tools-for-stm32.12.3.rel1.linux64_1.0.200.202406132123/tools/bin/../lib/gcc/arm-none-eabi/12.3.1/../../../../arm-none-eabi/lib/thumb/v7-m/nofp/libc_nano.a(libc_a-freer.o)
                0x08006374                _free_r
 .text.sbrk_aligned
                0x08006404       0x44 /opt/st/stm32cubeide_1.16.1/plugins/com.st.stm32cube.ide.mcu.externaltools.gnu-tools-for-stm32.12.3.rel1.linux64_1.0.200.202406132123/tools/bin/../lib/gcc/arm-none-eabi/12.3.1/../../../../arm-none-eabi/lib/thumb/v7-m/nofp/libc_nano.a(libc_a-mallocr.o)
 .text._malloc_r
                0x08006448      0x100 /opt/st/stm32cubeide_1.16.1/plugins/com.st.stm32cube.ide.mcu.externaltools.gnu-tools-for-stm32.12.3.rel1.linux64_1.0.200.202406132123/tools/bin/../lib/gcc/arm-none-eabi/12.3.1/../../../../arm-none-eabi/lib/thumb/v7-m/nofp/libc_nano.a(libc_a-mallocr.o)
                0x08006448                _malloc_r
 .text.__malloc_lock
                0x08006548        0xc /opt/st/stm32cubeide_1.16.1/plugins/com.st.stm32cube.ide.mcu.externaltools.gnu-tools-for-stm32.12.3.rel1.linux64_1.0.200.202406132123/tools/bin/../lib/gcc/arm-none-eabi/12.3.1/../../../../arm-none-eabi/lib/thumb/v7-m/nofp/libc_nano.a(libc_a-mlock.o)
                0x08006548                __malloc_lock
 .text.__malloc_unlock
                0x08006554        0xc /opt/st/stm32cubeide_1.16.1/plugins/com.st.stm32cube.ide.mcu.externaltools.gnu-tools-for-stm32.12.3.rel1.linux64_1.0.200.202406132123/tools/bin/../lib/gcc/arm-none-eabi/12.3.1/../../../../arm-none-eabi/lib/thumb/v7-m/nofp/libc_nano.a(libc_a-mlock.o)
                0x08006554                __malloc_unlock
 .text.__ssputs_r
                0x08006560       0xb6 /opt/st/stm32cubeide_1.16.1/plugins/com.st.stm32cube.ide.mcu.externaltools.gnu-tools-for-stm32.12.3.rel1.linux64_1.0.200.202406132123/tools/bin/../lib/gcc/arm-none-eabi/12.3.1/../../../../arm-none-eabi/lib/thumb/v7-m/nofp/libc_nano.a(libc_a-nano-svfprintf.o)
                0x08006560                __ssputs_r
 *fill*         0x08006616        0x2 
 .text._svfprintf_r
                0x08006618      0x1f8 /opt/st/stm32cubeide_1.16.1/plugins/com.st.stm32cube.ide.mcu.externaltools.gnu-tools-for-stm32.12.3.rel1.linux64_1.0.200.202406132123/tools/bin/../lib/gcc/arm-none-eabi/12.3.1/../../../../arm-none-eabi/lib/thumb/v7-m/nofp/libc_nano.a(libc_a-nano-svfprintf.o)
                0x08006618                _svfprintf_r
                0x08006618                _svfiprintf_r
 .text._printf_common
                0x08006810       0xe4 /opt/st/stm32cubeide_1.16.1/plugins/com.st.stm32cube.ide.mcu.externaltools.gnu-tools-for-stm32.12.3.rel1.linux64_1.0.200.202406132123/tools/bin/../lib/gcc/arm-none-eabi/12.3.1/../../../../arm-none-eabi/lib/thumb/v7-m/nofp/libc_nano.a(libc_a-nano-vfprintf_i.o)
                0x08006810                _printf_common
 .text._printf_i
                0x080068f4      0x240 /opt/st/stm32cubeide_1.16.1/plugins/com.st.stm32cube.ide.mcu.externaltools.gnu-tools-for-stm32.12.3.rel1.linux64_1.0.200.202406132123/tools/bin/../lib/gcc/arm-none-eabi/12.3.1/../../../../arm-none-eabi/lib/thumb/v7-m/nofp/libc_nano.a(libc_a-nano-vfprintf_i.o)
                0x080068f4                _printf_i
 .text.memmove  0x08006b34       0x34 /opt/st/stm32cubeide_1.16.1/plugins/com.st.stm32cube.ide.mcu.externaltools.gnu-tools-for-stm32.12.3.rel1.linux64_1.0.200.202406132123/tools/bin/../lib/gcc/arm-none-eabi/12.3.1/../../../../arm-none-eabi/lib/thumb/v7-m/nofp/libc_nano.a(libc_a-memmove.o)
                0x08006b34                memmove
 .text._sbrk_r  0x08006b68       0x20 /opt/st/stm32cubeide_1.16.1/plugins/com.st.stm32cube.ide.mcu.externaltools.gnu-tools-for-stm32.12.3.rel1.linux64_1.0.200.202406132123/tools/bin/../lib/gcc/arm-none-eabi/12.3.1/../../../../arm-none-eabi/lib/thumb/v7-m/nofp/libc_nano.a(libc_a-sbrkr.o)
                0x08006b68                _sbrk_r
 .text.memchr   0x08006b88       0x1c /opt/st/stm32cubeide_1.16.1/plugins/com.st.stm32cube.ide.mcu.externaltools.gnu-tools-for-stm32.12.3.rel1.linux64_1.0.200.202406132123/tools/bin/../lib/gcc/arm-none-eabi/12.3.1/../../../../arm-none-eabi/lib/thumb/v7-m/nofp/libc_nano.a(libc_a-memchr-stub.o)
                0x08006b88                memchr
 .text._realloc_r
                0x08006ba4       0x5c /opt/st/stm32cubeide_1.16.1/plugins/com.st.stm32cube.ide.mcu.externaltools.gnu-tools-for-stm32.12.3.rel1.linux64_1.0.200.202406132123/tools/bin/../lib/gcc/arm-none-eabi/12.3.1/../../../../arm-none-eabi/lib/thumb/v7-m/nofp/libc_nano.a(libc_a-reallocr.o)
                0x08006ba4                _realloc_r
 .text._malloc_usable_size_r
                0x08006c00       0x10 /opt/st/stm32cubeide_1.16.1/plugins/com.st.stm32cube.ide.mcu.externaltools.gnu-tools-for-stm32.12.3.rel1.linux64_1.0.200.202406132123/tools/bin/../lib/gcc/arm-none-eabi/12.3.1/../../../../arm-none-eabi/lib/thumb/v7-m/nofp/libc_nano.a(libc_a-msizer.o)
                0x08006c00                _malloc_usable_size_r
 *(.glue_7)
 .glue_7        0x08006c10        0x0 linker stubs
 *(.glue_7t)
 .glue_7t       0x08006c10        0x0 linker stubs
 *(.eh_frame)
 .eh_frame      0x08006c10        0x0 /opt/st/stm32cubeide_1.16.1/plugins/com.st.stm32cube.ide.mcu.externaltools.gnu-tools-for-stm32.12.3.rel1.linux64_1.0.200.202406132123/tools/bin/../lib/gcc/arm-none-eabi/12.3.1/thumb/v7-m/nofp/crtbegin.o
 *(.init)
 .init          0x08006c10        0x4 /opt/st/stm32cubeide_1.16.1/plugins/com.st.stm32cube.ide.mcu.externaltools.gnu-tools-for-stm32.12.3.rel1.linux64_1.0.200.202406132123/tools/bin/../lib/gcc/arm-none-eabi/12.3.1/thumb/v7-m/nofp/crti.o
                0x08006c10                _init
 .init          0x08006c14        0x8 /opt/st/stm32cubeide_1.16.1/plugins/com.st.stm32cube.ide.mcu.externaltools.gnu-tools-for-stm32.12.3.rel1.linux64_1.0.200.202406132123/tools/bin/../lib/gcc/arm-none-eabi/12.3.1/thumb/v7-m/nofp/crtn.o
 *(.fini)
 .fini          0x08006c1c        0x4 /opt/st/stm32cubeide_1.16.1/plugins/com.st.stm32cube.ide.mcu.externaltools.gnu-tools-for-stm32.12.3.rel1.linux64_1.0.200.202406132123/tools/bin/../lib/gcc/arm-none-eabi/12.3.1/thumb/v7-m/nofp/crti.o
                0x08006c1c                _fini
 .fini          0x08006c20        0x8 /opt/st/stm32cubeide_1.16.1/plugins/com.st.stm32cube.ide.mcu.externaltools.gnu-tools-for-stm32.12.3.rel1.linux64_1.0.200.202406132123/tools/bin/../lib/gcc/arm-none-eabi/12.3.1/thumb/v7-m/nofp/crtn.o
                0x08006c28                        . = ALIGN (0x4)
                0x08006c28                        _etext = .

.vfp11_veneer   0x08006c28        0x0
 .vfp11_veneer  0x08006c28        0x0 linker stubs

.v4_bx          0x08006c28        0x0
 .v4_bx         0x08006c28        0x0 linker stubs

.iplt           0x08006c28        0x0
 .iplt          0x08006c28        0x0 /opt/st/stm32cubeide_1.16.1/plugins/com.st.stm32cube.ide.mcu.externaltools.gnu-tools-for-stm32.12.3.rel1.linux64_1.0.200.202406132123/tools/bin/../lib/gcc/arm-none-eabi/12.3.1/thumb/v7-m/nofp/crtbegin.o

.rodata         0x08006c28      0x260
                0x08006c28                        . = ALIGN (0x4)
 *(.rodata)
 .rodata        0x08006c28       0x13 ./Core/Src/TaskAppCAN.o
 *fill*         0x08006c3b        0x1 
 .rodata        0x08006c3c       0x28 ./Core/Src/can.o
 .rodata        0x08006c64       0x98 ./Core/Src/freertos.o
 .rodata        0x08006cfc        0x1 ./Middlewares/FreeRTOS/cmsis_os.o
 *fill*         0x08006cfd        0x3 
 .rodata        0x08006d00        0x5 ./Middlewares/FreeRTOS/tasks.o
 *fill*         0x08006d05        0x3 
 .rodata        0x08006d08        0xd ./Middlewares/FreeRTOS/timers.o
 *(.rodata*)
 *fill*         0x08006d15        0x3 
 .rodata.gasTaskAppCAN_Initializing
                0x08006d18       0x18 ./Core/Src/TaskAppCAN.o
 .rodata.gasTaskAppCAN_Running
                0x08006d30       0x30 ./Core/Src/TaskAppCAN.o
 .rodata.gasTaskAppCAN_PS
                0x08006d60       0x24 ./Core/Src/TaskAppCAN.o
 .rodata.gpasTaskAppCAN_StateMachine
                0x08006d84        0xc ./Core/Src/TaskAppCAN.o
 .rodata.gasTaskAppSerial_Initializing
                0x08006d90       0x18 ./Core/Src/TaskAppSerial.o
 .rodata.gasTaskAppSerial_Running
                0x08006da8       0x24 ./Core/Src/TaskAppSerial.o
 .rodata.gpasTaskAppSerial_StateMachine
                0x08006dcc        0x8 ./Core/Src/TaskAppSerial.o
 .rodata.gasTaskIO_Initializing
                0x08006dd4       0x18 ./Core/Src/TaskIO.o
 .rodata.gasTaskIO_Running
                0x08006dec       0x18 ./Core/Src/TaskIO.o
 .rodata.gasTaskIO_Sleeping
                0x08006e04       0x18 ./Core/Src/TaskIO.o
 .rodata.gpasTaskIO_StateMachine
                0x08006e1c        0xc ./Core/Src/TaskIO.o
 .rodata.AHBPrescTable
                0x08006e28       0x10 ./Core/Src/system_stm32f1xx.o
                0x08006e28                AHBPrescTable
 .rodata.APBPrescTable
                0x08006e38        0x8 ./Core/Src/system_stm32f1xx.o
                0x08006e38                APBPrescTable
 .rodata.aPLLMULFactorTable.1
                0x08006e40       0x10 ./Drivers/STM32F1xx_HAL_Driver/stm32f1xx_hal_rcc.o
 .rodata.aPredivFactorTable.0
                0x08006e50        0x2 ./Drivers/STM32F1xx_HAL_Driver/stm32f1xx_hal_rcc.o
 .rodata._svfprintf_r.str1.1
                0x08006e52       0x11 /opt/st/stm32cubeide_1.16.1/plugins/com.st.stm32cube.ide.mcu.externaltools.gnu-tools-for-stm32.12.3.rel1.linux64_1.0.200.202406132123/tools/bin/../lib/gcc/arm-none-eabi/12.3.1/../../../../arm-none-eabi/lib/thumb/v7-m/nofp/libc_nano.a(libc_a-nano-svfprintf.o)
 .rodata._printf_i.str1.1
                0x08006e63       0x22 /opt/st/stm32cubeide_1.16.1/plugins/com.st.stm32cube.ide.mcu.externaltools.gnu-tools-for-stm32.12.3.rel1.linux64_1.0.200.202406132123/tools/bin/../lib/gcc/arm-none-eabi/12.3.1/../../../../arm-none-eabi/lib/thumb/v7-m/nofp/libc_nano.a(libc_a-nano-vfprintf_i.o)
                0x08006e88                        . = ALIGN (0x4)
 *fill*         0x08006e85        0x3 

.ARM.extab      0x08006e88        0x0
                0x08006e88                        . = ALIGN (0x4)
 *(.ARM.extab* .gnu.linkonce.armextab.*)
                0x08006e88                        . = ALIGN (0x4)

.ARM            0x08006e88        0x8
                0x08006e88                        . = ALIGN (0x4)
                0x08006e88                        __exidx_start = .
 *(.ARM.exidx*)
 .ARM.exidx     0x08006e88        0x8 /opt/st/stm32cubeide_1.16.1/plugins/com.st.stm32cube.ide.mcu.externaltools.gnu-tools-for-stm32.12.3.rel1.linux64_1.0.200.202406132123/tools/bin/../lib/gcc/arm-none-eabi/12.3.1/../../../../arm-none-eabi/lib/thumb/v7-m/nofp/libc_nano.a(libc_a-strlen.o)
                0x08006e90                        __exidx_end = .
                0x08006e90                        . = ALIGN (0x4)

.preinit_array  0x08006e90        0x0
                0x08006e90                        . = ALIGN (0x4)
                0x08006e90                        PROVIDE (__preinit_array_start = .)
 *(.preinit_array*)
                0x08006e90                        PROVIDE (__preinit_array_end = .)
                0x08006e90                        . = ALIGN (0x4)

.init_array     0x08006e90        0x4
                0x08006e90                        . = ALIGN (0x4)
                0x08006e90                        PROVIDE (__init_array_start = .)
 *(SORT_BY_NAME(.init_array.*))
 *(.init_array*)
 .init_array    0x08006e90        0x4 /opt/st/stm32cubeide_1.16.1/plugins/com.st.stm32cube.ide.mcu.externaltools.gnu-tools-for-stm32.12.3.rel1.linux64_1.0.200.202406132123/tools/bin/../lib/gcc/arm-none-eabi/12.3.1/thumb/v7-m/nofp/crtbegin.o
                0x08006e94                        PROVIDE (__init_array_end = .)
                0x08006e94                        . = ALIGN (0x4)

.fini_array     0x08006e94        0x4
                0x08006e94                        . = ALIGN (0x4)
                [!provide]                        PROVIDE (__fini_array_start = .)
 *(SORT_BY_NAME(.fini_array.*))
 *(.fini_array*)
 .fini_array    0x08006e94        0x4 /opt/st/stm32cubeide_1.16.1/plugins/com.st.stm32cube.ide.mcu.externaltools.gnu-tools-for-stm32.12.3.rel1.linux64_1.0.200.202406132123/tools/bin/../lib/gcc/arm-none-eabi/12.3.1/thumb/v7-m/nofp/crtbegin.o
                [!provide]                        PROVIDE (__fini_array_end = .)
                0x08006e98                        . = ALIGN (0x4)
                0x08006e98                        _sidata = LOADADDR (.data)

.rel.dyn        0x08006e98        0x0
 .rel.iplt      0x08006e98        0x0 /opt/st/stm32cubeide_1.16.1/plugins/com.st.stm32cube.ide.mcu.externaltools.gnu-tools-for-stm32.12.3.rel1.linux64_1.0.200.202406132123/tools/bin/../lib/gcc/arm-none-eabi/12.3.1/thumb/v7-m/nofp/crtbegin.o

.data           0x20000000       0x60 load address 0x08006e98
                0x20000000                        . = ALIGN (0x4)
                0x20000000                        _sdata = .
 *(.data)
 *(.data*)
 .data.SystemCoreClock
                0x20000000        0x4 ./Core/Src/system_stm32f1xx.o
                0x20000000                SystemCoreClock
 .data.uwTickPrio
                0x20000004        0x4 ./Drivers/STM32F1xx_HAL_Driver/stm32f1xx_hal.o
                0x20000004                uwTickPrio
 .data.uwTickFreq
                0x20000008        0x1 ./Drivers/STM32F1xx_HAL_Driver/stm32f1xx_hal.o
                0x20000008                uwTickFreq
 *fill*         0x20000009        0x3 
 .data.uxCriticalNesting
                0x2000000c        0x4 ./Middlewares/FreeRTOS/port.o
 .data._impure_ptr
                0x20000010        0x4 /opt/st/stm32cubeide_1.16.1/plugins/com.st.stm32cube.ide.mcu.externaltools.gnu-tools-for-stm32.12.3.rel1.linux64_1.0.200.202406132123/tools/bin/../lib/gcc/arm-none-eabi/12.3.1/../../../../arm-none-eabi/lib/thumb/v7-m/nofp/libc_nano.a(libc_a-impure.o)
                0x20000010                _impure_ptr
 .data._impure_data
                0x20000014       0x4c /opt/st/stm32cubeide_1.16.1/plugins/com.st.stm32cube.ide.mcu.externaltools.gnu-tools-for-stm32.12.3.rel1.linux64_1.0.200.202406132123/tools/bin/../lib/gcc/arm-none-eabi/12.3.1/../../../../arm-none-eabi/lib/thumb/v7-m/nofp/libc_nano.a(libc_a-impure.o)
                0x20000014                _impure_data
 *(.RamFunc)
 *(.RamFunc*)
                0x20000060                        . = ALIGN (0x4)
                0x20000060                        _edata = .

.igot.plt       0x20000060        0x0 load address 0x08006ef8
 .igot.plt      0x20000060        0x0 /opt/st/stm32cubeide_1.16.1/plugins/com.st.stm32cube.ide.mcu.externaltools.gnu-tools-for-stm32.12.3.rel1.linux64_1.0.200.202406132123/tools/bin/../lib/gcc/arm-none-eabi/12.3.1/thumb/v7-m/nofp/crtbegin.o
                0x20000060                        . = ALIGN (0x4)

.bss            0x20000060     0x1a58 load address 0x08006ef8
                0x20000060                        _sbss = .
                0x20000060                        __bss_start__ = _sbss
 *(.bss)
 .bss           0x20000060       0x1c /opt/st/stm32cubeide_1.16.1/plugins/com.st.stm32cube.ide.mcu.externaltools.gnu-tools-for-stm32.12.3.rel1.linux64_1.0.200.202406132123/tools/bin/../lib/gcc/arm-none-eabi/12.3.1/thumb/v7-m/nofp/crtbegin.o
 *(.bss*)
 .bss.stAppCANMsg
                0x2000007c        0x8 ./Core/Src/TaskAppCAN.o
                0x2000007c                stAppCANMsg
 .bss.ucCurrentStateAppCAN
                0x20000084        0x1 ./Core/Src/TaskAppCAN.o
 *fill*         0x20000085        0x3 
 .bss.xQueueAppCAN
                0x20000088        0x4 ./Core/Src/TaskAppCAN.o
 .bss.xTimerAppCAN
                0x2000008c        0x4 ./Core/Src/TaskAppCAN.o
 .bss.pstQueueAppSerial
                0x20000090        0x4 ./Core/Src/TaskAppCAN.o
 .bss.pstQueueIO
                0x20000094        0x4 ./Core/Src/TaskAppCAN.o
 .bss.hCAN      0x20000098        0x4 ./Core/Src/TaskAppCAN.o
 .bss.pRxHeader
                0x2000009c       0x1c ./Core/Src/TaskAppCAN.o
 .bss.u8FifoRxCAN
                0x200000b8        0x1 ./Core/Src/TaskAppCAN.o
 *fill*         0x200000b9        0x3 
 .bss.stFrameRxCAN
                0x200000bc       0x80 ./Core/Src/TaskAppCAN.o
 .bss.u8SerialTxBuffer
                0x2000013c       0x40 ./Core/Src/TaskAppCAN.o
 .bss.u16TimeToSleep
                0x2000017c        0x2 ./Core/Src/TaskAppCAN.o
 .bss.ucCurrentStateAppSerial
                0x2000017e        0x1 ./Core/Src/TaskAppSerial.o
 *fill*         0x2000017f        0x1 
 .bss.xQueueAppSerial
                0x20000180        0x4 ./Core/Src/TaskAppSerial.o
 .bss.xTimerAppSerial
                0x20000184        0x4 ./Core/Src/TaskAppSerial.o
 .bss.stAppSerialMsg
                0x20000188        0x8 ./Core/Src/TaskAppSerial.o
 .bss.hUSART    0x20000190        0x4 ./Core/Src/TaskAppSerial.o
 .bss.stFrameTxUSART
                0x20000194      0x100 ./Core/Src/TaskAppSerial.o
 .bss.u8FifoTxUSART
                0x20000294        0x1 ./Core/Src/TaskAppSerial.o
 *fill*         0x20000295        0x3 
 .bss.stIOMsg   0x20000298        0x8 ./Core/Src/TaskIO.o
                0x20000298                stIOMsg
 .bss.ucCurrentStateIO
                0x200002a0        0x1 ./Core/Src/TaskIO.o
 *fill*         0x200002a1        0x3 
 .bss.xQueueIO  0x200002a4        0x4 ./Core/Src/TaskIO.o
 .bss.xTimerIO  0x200002a8        0x4 ./Core/Src/TaskIO.o
 .bss.ulCountPulse
                0x200002ac        0x4 ./Core/Src/TaskIO.o
 .bss.ulCountTimePulseOn
                0x200002b0        0x4 ./Core/Src/TaskIO.o
 .bss.ulCountTimePulseOff
                0x200002b4        0x4 ./Core/Src/TaskIO.o
 .bss.ulCountPeriod
                0x200002b8        0x4 ./Core/Src/TaskIO.o
 .bss.ulQtyPulse
                0x200002bc        0x4 ./Core/Src/TaskIO.o
 .bss.ulTimePulseOn
                0x200002c0        0x4 ./Core/Src/TaskIO.o
 .bss.ulTimePulseOff
                0x200002c4        0x4 ./Core/Src/TaskIO.o
 .bss.ulPeriod  0x200002c8        0x4 ./Core/Src/TaskIO.o
 .bss.pstQueueAppCAN
                0x200002cc        0x4 ./Core/Src/TaskIO.o
 .bss.hcan      0x200002d0       0x64 ./Core/Src/can.o
                0x200002d0                hcan
 .bss.TaskIOHandle
                0x20000334        0x4 ./Core/Src/freertos.o
                0x20000334                TaskIOHandle
 .bss.TaskAppCANHandle
                0x20000338        0x4 ./Core/Src/freertos.o
                0x20000338                TaskAppCANHandle
 .bss.TaskAppSerialHandle
                0x2000033c        0x4 ./Core/Src/freertos.o
                0x2000033c                TaskAppSerialHandle
 .bss.QueueIOHandle
                0x20000340        0x4 ./Core/Src/freertos.o
                0x20000340                QueueIOHandle
 .bss.QueueAppCANHandle
                0x20000344        0x4 ./Core/Src/freertos.o
                0x20000344                QueueAppCANHandle
 .bss.QueueAppSerialHandle
                0x20000348        0x4 ./Core/Src/freertos.o
                0x20000348                QueueAppSerialHandle
 .bss.TimerIOHandle
                0x2000034c        0x4 ./Core/Src/freertos.o
                0x2000034c                TimerIOHandle
 .bss.xIdleTaskTCBBuffer
                0x20000350       0xa0 ./Core/Src/freertos.o
 .bss.xIdleStack
                0x200003f0      0x200 ./Core/Src/freertos.o
 .bss.xTimerTaskTCBBuffer
                0x200005f0       0xa0 ./Core/Src/freertos.o
 .bss.xTimerStack
                0x20000690      0x400 ./Core/Src/freertos.o
 .bss.__sbrk_heap_end
                0x20000a90        0x4 ./Core/Src/sysmem.o
 .bss.huart1    0x20000a94       0x48 ./Core/Src/usart.o
                0x20000a94                huart1
 .bss.uwTick    0x20000adc        0x4 ./Drivers/STM32F1xx_HAL_Driver/stm32f1xx_hal.o
                0x20000adc                uwTick
 .bss.ucHeap    0x20000ae0      0xc00 ./Middlewares/FreeRTOS/heap_4.o
 .bss.xStart    0x200016e0        0x8 ./Middlewares/FreeRTOS/heap_4.o
 .bss.pxEnd     0x200016e8        0x4 ./Middlewares/FreeRTOS/heap_4.o
 .bss.xFreeBytesRemaining
                0x200016ec        0x4 ./Middlewares/FreeRTOS/heap_4.o
 .bss.xMinimumEverFreeBytesRemaining
                0x200016f0        0x4 ./Middlewares/FreeRTOS/heap_4.o
 .bss.xNumberOfSuccessfulAllocations
                0x200016f4        0x4 ./Middlewares/FreeRTOS/heap_4.o
 .bss.xNumberOfSuccessfulFrees
                0x200016f8        0x4 ./Middlewares/FreeRTOS/heap_4.o
 .bss.xBlockAllocatedBit
                0x200016fc        0x4 ./Middlewares/FreeRTOS/heap_4.o
 .bss.ucMaxSysCallPriority
                0x20001700        0x1 ./Middlewares/FreeRTOS/port.o
 *fill*         0x20001701        0x3 
 .bss.ulMaxPRIGROUPValue
                0x20001704        0x4 ./Middlewares/FreeRTOS/port.o
 .bss.xQueueRegistry
                0x20001708       0x40 ./Middlewares/FreeRTOS/queue.o
                0x20001708                xQueueRegistry
 .bss.pxCurrentTCB
                0x20001748        0x4 ./Middlewares/FreeRTOS/tasks.o
                0x20001748                pxCurrentTCB
 .bss.pxReadyTasksLists
                0x2000174c       0x8c ./Middlewares/FreeRTOS/tasks.o
 .bss.xDelayedTaskList1
                0x200017d8       0x14 ./Middlewares/FreeRTOS/tasks.o
 .bss.xDelayedTaskList2
                0x200017ec       0x14 ./Middlewares/FreeRTOS/tasks.o
 .bss.pxDelayedTaskList
                0x20001800        0x4 ./Middlewares/FreeRTOS/tasks.o
 .bss.pxOverflowDelayedTaskList
                0x20001804        0x4 ./Middlewares/FreeRTOS/tasks.o
 .bss.xPendingReadyList
                0x20001808       0x14 ./Middlewares/FreeRTOS/tasks.o
 .bss.xTasksWaitingTermination
                0x2000181c       0x14 ./Middlewares/FreeRTOS/tasks.o
 .bss.uxDeletedTasksWaitingCleanUp
                0x20001830        0x4 ./Middlewares/FreeRTOS/tasks.o
 .bss.xSuspendedTaskList
                0x20001834       0x14 ./Middlewares/FreeRTOS/tasks.o
 .bss.uxCurrentNumberOfTasks
                0x20001848        0x4 ./Middlewares/FreeRTOS/tasks.o
 .bss.xTickCount
                0x2000184c        0x4 ./Middlewares/FreeRTOS/tasks.o
 .bss.uxTopReadyPriority
                0x20001850        0x4 ./Middlewares/FreeRTOS/tasks.o
 .bss.xSchedulerRunning
                0x20001854        0x4 ./Middlewares/FreeRTOS/tasks.o
 .bss.xPendedTicks
                0x20001858        0x4 ./Middlewares/FreeRTOS/tasks.o
 .bss.xYieldPending
                0x2000185c        0x4 ./Middlewares/FreeRTOS/tasks.o
 .bss.xNumOfOverflows
                0x20001860        0x4 ./Middlewares/FreeRTOS/tasks.o
 .bss.uxTaskNumber
                0x20001864        0x4 ./Middlewares/FreeRTOS/tasks.o
 .bss.xNextTaskUnblockTime
                0x20001868        0x4 ./Middlewares/FreeRTOS/tasks.o
 .bss.xIdleTaskHandle
                0x2000186c        0x4 ./Middlewares/FreeRTOS/tasks.o
 .bss.uxSchedulerSuspended
                0x20001870        0x4 ./Middlewares/FreeRTOS/tasks.o
 .bss.xActiveTimerList1
                0x20001874       0x14 ./Middlewares/FreeRTOS/timers.o
 .bss.xActiveTimerList2
                0x20001888       0x14 ./Middlewares/FreeRTOS/timers.o
 .bss.pxCurrentTimerList
                0x2000189c        0x4 ./Middlewares/FreeRTOS/timers.o
 .bss.pxOverflowTimerList
                0x200018a0        0x4 ./Middlewares/FreeRTOS/timers.o
 .bss.xTimerQueue
                0x200018a4        0x4 ./Middlewares/FreeRTOS/timers.o
 .bss.xTimerTaskHandle
                0x200018a8        0x4 ./Middlewares/FreeRTOS/timers.o
 .bss.xLastTime.2
                0x200018ac        0x4 ./Middlewares/FreeRTOS/timers.o
 .bss.ucStaticTimerQueueStorage.1
                0x200018b0       0x78 ./Middlewares/FreeRTOS/timers.o
 .bss.xStaticTimerQueue.0
                0x20001928       0x48 ./Middlewares/FreeRTOS/timers.o
 .bss.__sf      0x20001970      0x138 /opt/st/stm32cubeide_1.16.1/plugins/com.st.stm32cube.ide.mcu.externaltools.gnu-tools-for-stm32.12.3.rel1.linux64_1.0.200.202406132123/tools/bin/../lib/gcc/arm-none-eabi/12.3.1/../../../../arm-none-eabi/lib/thumb/v7-m/nofp/libc_nano.a(libc_a-findfp.o)
                0x20001970                __sf
 .bss.errno     0x20001aa8        0x4 /opt/st/stm32cubeide_1.16.1/plugins/com.st.stm32cube.ide.mcu.externaltools.gnu-tools-for-stm32.12.3.rel1.linux64_1.0.200.202406132123/tools/bin/../lib/gcc/arm-none-eabi/12.3.1/../../../../arm-none-eabi/lib/thumb/v7-m/nofp/libc_nano.a(libc_a-reent.o)
                0x20001aa8                errno
 .bss.__lock___malloc_recursive_mutex
                0x20001aac        0x1 /opt/st/stm32cubeide_1.16.1/plugins/com.st.stm32cube.ide.mcu.externaltools.gnu-tools-for-stm32.12.3.rel1.linux64_1.0.200.202406132123/tools/bin/../lib/gcc/arm-none-eabi/12.3.1/../../../../arm-none-eabi/lib/thumb/v7-m/nofp/libc_nano.a(libc_a-lock.o)
                0x20001aac                __lock___malloc_recursive_mutex
 *fill*         0x20001aad        0x3 
 .bss.__malloc_sbrk_start
                0x20001ab0        0x4 /opt/st/stm32cubeide_1.16.1/plugins/com.st.stm32cube.ide.mcu.externaltools.gnu-tools-for-stm32.12.3.rel1.linux64_1.0.200.202406132123/tools/bin/../lib/gcc/arm-none-eabi/12.3.1/../../../../arm-none-eabi/lib/thumb/v7-m/nofp/libc_nano.a(libc_a-mallocr.o)
                0x20001ab0                __malloc_sbrk_start
 .bss.__malloc_free_list
                0x20001ab4        0x4 /opt/st/stm32cubeide_1.16.1/plugins/com.st.stm32cube.ide.mcu.externaltools.gnu-tools-for-stm32.12.3.rel1.linux64_1.0.200.202406132123/tools/bin/../lib/gcc/arm-none-eabi/12.3.1/../../../../arm-none-eabi/lib/thumb/v7-m/nofp/libc_nano.a(libc_a-mallocr.o)
                0x20001ab4                __malloc_free_list
 *(COMMON)
                0x20001ab8                        . = ALIGN (0x4)
                0x20001ab8                        _ebss = .
                0x20001ab8                        __bss_end__ = _ebss

._user_heap_stack
                0x20001ab8      0x600 load address 0x08006ef8
                0x20001ab8                        . = ALIGN (0x8)
                [!provide]                        PROVIDE (end = .)
                0x20001ab8                        PROVIDE (_end = .)
                0x20001cb8                        . = (. + _Min_Heap_Size)
 *fill*         0x20001ab8      0x200 
                0x200020b8                        . = (. + _Min_Stack_Size)
 *fill*         0x20001cb8      0x400 
                0x200020b8                        . = ALIGN (0x8)

/DISCARD/
 libc.a(*)
 libm.a(*)
 libgcc.a(*)

.ARM.attributes
                0x00000000       0x29
 *(.ARM.attributes)
 .ARM.attributes
                0x00000000       0x1d /opt/st/stm32cubeide_1.16.1/plugins/com.st.stm32cube.ide.mcu.externaltools.gnu-tools-for-stm32.12.3.rel1.linux64_1.0.200.202406132123/tools/bin/../lib/gcc/arm-none-eabi/12.3.1/thumb/v7-m/nofp/crti.o
 .ARM.attributes
                0x0000001d       0x2d /opt/st/stm32cubeide_1.16.1/plugins/com.st.stm32cube.ide.mcu.externaltools.gnu-tools-for-stm32.12.3.rel1.linux64_1.0.200.202406132123/tools/bin/../lib/gcc/arm-none-eabi/12.3.1/thumb/v7-m/nofp/crtbegin.o
 .ARM.attributes
                0x0000004a       0x2d ./Core/Src/TaskAppCAN.o
 .ARM.attributes
                0x00000077       0x2d ./Core/Src/TaskAppSerial.o
 .ARM.attributes
                0x000000a4       0x2d ./Core/Src/TaskIO.o
 .ARM.attributes
                0x000000d1       0x2d ./Core/Src/can.o
 .ARM.attributes
                0x000000fe       0x2d ./Core/Src/freertos.o
 .ARM.attributes
                0x0000012b       0x2d ./Core/Src/gpio.o
 .ARM.attributes
                0x00000158       0x2d ./Core/Src/main.o
 .ARM.attributes
                0x00000185       0x2d ./Core/Src/state.o
 .ARM.attributes
                0x000001b2       0x2d ./Core/Src/stm32f1xx_hal_msp.o
 .ARM.attributes
                0x000001df       0x2d ./Core/Src/stm32f1xx_it.o
 .ARM.attributes
                0x0000020c       0x2d ./Core/Src/sysmem.o
 .ARM.attributes
                0x00000239       0x2d ./Core/Src/system_stm32f1xx.o
 .ARM.attributes
                0x00000266       0x2d ./Core/Src/usart.o
 .ARM.attributes
                0x00000293       0x21 ./Core/Startup/startup_stm32f103c6tx.o
 .ARM.attributes
                0x000002b4       0x2d ./Drivers/STM32F1xx_HAL_Driver/stm32f1xx_hal.o
 .ARM.attributes
                0x000002e1       0x2d ./Drivers/STM32F1xx_HAL_Driver/stm32f1xx_hal_can.o
 .ARM.attributes
                0x0000030e       0x2d ./Drivers/STM32F1xx_HAL_Driver/stm32f1xx_hal_cortex.o
 .ARM.attributes
                0x0000033b       0x2d ./Drivers/STM32F1xx_HAL_Driver/stm32f1xx_hal_gpio.o
 .ARM.attributes
                0x00000368       0x2d ./Drivers/STM32F1xx_HAL_Driver/stm32f1xx_hal_pwr.o
 .ARM.attributes
                0x00000395       0x2d ./Drivers/STM32F1xx_HAL_Driver/stm32f1xx_hal_rcc.o
 .ARM.attributes
                0x000003c2       0x2d ./Drivers/STM32F1xx_HAL_Driver/stm32f1xx_hal_uart.o
 .ARM.attributes
                0x000003ef       0x2d ./Middlewares/FreeRTOS/cmsis_os.o
 .ARM.attributes
                0x0000041c       0x2d ./Middlewares/FreeRTOS/heap_4.o
 .ARM.attributes
                0x00000449       0x2d ./Middlewares/FreeRTOS/list.o
 .ARM.attributes
                0x00000476       0x2d ./Middlewares/FreeRTOS/port.o
 .ARM.attributes
                0x000004a3       0x2d ./Middlewares/FreeRTOS/queue.o
 .ARM.attributes
                0x000004d0       0x2d ./Middlewares/FreeRTOS/tasks.o
 .ARM.attributes
                0x000004fd       0x2d ./Middlewares/FreeRTOS/timers.o
 .ARM.attributes
                0x0000052a       0x2d /opt/st/stm32cubeide_1.16.1/plugins/com.st.stm32cube.ide.mcu.externaltools.gnu-tools-for-stm32.12.3.rel1.linux64_1.0.200.202406132123/tools/bin/../lib/gcc/arm-none-eabi/12.3.1/../../../../arm-none-eabi/lib/thumb/v7-m/nofp/libc_nano.a(libc_a-findfp.o)
 .ARM.attributes
                0x00000557       0x2d /opt/st/stm32cubeide_1.16.1/plugins/com.st.stm32cube.ide.mcu.externaltools.gnu-tools-for-stm32.12.3.rel1.linux64_1.0.200.202406132123/tools/bin/../lib/gcc/arm-none-eabi/12.3.1/../../../../arm-none-eabi/lib/thumb/v7-m/nofp/libc_nano.a(libc_a-sprintf.o)
 .ARM.attributes
                0x00000584       0x2d /opt/st/stm32cubeide_1.16.1/plugins/com.st.stm32cube.ide.mcu.externaltools.gnu-tools-for-stm32.12.3.rel1.linux64_1.0.200.202406132123/tools/bin/../lib/gcc/arm-none-eabi/12.3.1/../../../../arm-none-eabi/lib/thumb/v7-m/nofp/libc_nano.a(libc_a-memset.o)
 .ARM.attributes
                0x000005b1       0x2d /opt/st/stm32cubeide_1.16.1/plugins/com.st.stm32cube.ide.mcu.externaltools.gnu-tools-for-stm32.12.3.rel1.linux64_1.0.200.202406132123/tools/bin/../lib/gcc/arm-none-eabi/12.3.1/../../../../arm-none-eabi/lib/thumb/v7-m/nofp/libc_nano.a(libc_a-reent.o)
 .ARM.attributes
                0x000005de       0x2d /opt/st/stm32cubeide_1.16.1/plugins/com.st.stm32cube.ide.mcu.externaltools.gnu-tools-for-stm32.12.3.rel1.linux64_1.0.200.202406132123/tools/bin/../lib/gcc/arm-none-eabi/12.3.1/../../../../arm-none-eabi/lib/thumb/v7-m/nofp/libc_nano.a(libc_a-impure.o)
 .ARM.attributes
                0x0000060b       0x2d /opt/st/stm32cubeide_1.16.1/plugins/com.st.stm32cube.ide.mcu.externaltools.gnu-tools-for-stm32.12.3.rel1.linux64_1.0.200.202406132123/tools/bin/../lib/gcc/arm-none-eabi/12.3.1/../../../../arm-none-eabi/lib/thumb/v7-m/nofp/libc_nano.a(libc_a-errno.o)
 .ARM.attributes
                0x00000638       0x2d /opt/st/stm32cubeide_1.16.1/plugins/com.st.stm32cube.ide.mcu.externaltools.gnu-tools-for-stm32.12.3.rel1.linux64_1.0.200.202406132123/tools/bin/../lib/gcc/arm-none-eabi/12.3.1/../../../../arm-none-eabi/lib/thumb/v7-m/nofp/libc_nano.a(libc_a-init.o)
 .ARM.attributes
                0x00000665       0x2d /opt/st/stm32cubeide_1.16.1/plugins/com.st.stm32cube.ide.mcu.externaltools.gnu-tools-for-stm32.12.3.rel1.linux64_1.0.200.202406132123/tools/bin/../lib/gcc/arm-none-eabi/12.3.1/../../../../arm-none-eabi/lib/thumb/v7-m/nofp/libc_nano.a(libc_a-lock.o)
 .ARM.attributes
                0x00000692       0x2d /opt/st/stm32cubeide_1.16.1/plugins/com.st.stm32cube.ide.mcu.externaltools.gnu-tools-for-stm32.12.3.rel1.linux64_1.0.200.202406132123/tools/bin/../lib/gcc/arm-none-eabi/12.3.1/../../../../arm-none-eabi/lib/thumb/v7-m/nofp/libc_nano.a(libc_a-memcpy-stub.o)
 .ARM.attributes
                0x000006bf       0x17 /opt/st/stm32cubeide_1.16.1/plugins/com.st.stm32cube.ide.mcu.externaltools.gnu-tools-for-stm32.12.3.rel1.linux64_1.0.200.202406132123/tools/bin/../lib/gcc/arm-none-eabi/12.3.1/../../../../arm-none-eabi/lib/thumb/v7-m/nofp/libc_nano.a(libc_a-strlen.o)
 .ARM.attributes
                0x000006d6       0x2d /opt/st/stm32cubeide_1.16.1/plugins/com.st.stm32cube.ide.mcu.externaltools.gnu-tools-for-stm32.12.3.rel1.linux64_1.0.200.202406132123/tools/bin/../lib/gcc/arm-none-eabi/12.3.1/../../../../arm-none-eabi/lib/thumb/v7-m/nofp/libc_nano.a(libc_a-freer.o)
 .ARM.attributes
                0x00000703       0x2d /opt/st/stm32cubeide_1.16.1/plugins/com.st.stm32cube.ide.mcu.externaltools.gnu-tools-for-stm32.12.3.rel1.linux64_1.0.200.202406132123/tools/bin/../lib/gcc/arm-none-eabi/12.3.1/../../../../arm-none-eabi/lib/thumb/v7-m/nofp/libc_nano.a(libc_a-mallocr.o)
 .ARM.attributes
                0x00000730       0x2d /opt/st/stm32cubeide_1.16.1/plugins/com.st.stm32cube.ide.mcu.externaltools.gnu-tools-for-stm32.12.3.rel1.linux64_1.0.200.202406132123/tools/bin/../lib/gcc/arm-none-eabi/12.3.1/../../../../arm-none-eabi/lib/thumb/v7-m/nofp/libc_nano.a(libc_a-mlock.o)
 .ARM.attributes
                0x0000075d       0x2d /opt/st/stm32cubeide_1.16.1/plugins/com.st.stm32cube.ide.mcu.externaltools.gnu-tools-for-stm32.12.3.rel1.linux64_1.0.200.202406132123/tools/bin/../lib/gcc/arm-none-eabi/12.3.1/../../../../arm-none-eabi/lib/thumb/v7-m/nofp/libc_nano.a(libc_a-nano-svfprintf.o)
 .ARM.attributes
                0x0000078a       0x2d /opt/st/stm32cubeide_1.16.1/plugins/com.st.stm32cube.ide.mcu.externaltools.gnu-tools-for-stm32.12.3.rel1.linux64_1.0.200.202406132123/tools/bin/../lib/gcc/arm-none-eabi/12.3.1/../../../../arm-none-eabi/lib/thumb/v7-m/nofp/libc_nano.a(libc_a-nano-vfprintf_i.o)
 .ARM.attributes
                0x000007b7       0x2d /opt/st/stm32cubeide_1.16.1/plugins/com.st.stm32cube.ide.mcu.externaltools.gnu-tools-for-stm32.12.3.rel1.linux64_1.0.200.202406132123/tools/bin/../lib/gcc/arm-none-eabi/12.3.1/../../../../arm-none-eabi/lib/thumb/v7-m/nofp/libc_nano.a(libc_a-memmove.o)
 .ARM.attributes
                0x000007e4       0x2d /opt/st/stm32cubeide_1.16.1/plugins/com.st.stm32cube.ide.mcu.externaltools.gnu-tools-for-stm32.12.3.rel1.linux64_1.0.200.202406132123/tools/bin/../lib/gcc/arm-none-eabi/12.3.1/../../../../arm-none-eabi/lib/thumb/v7-m/nofp/libc_nano.a(libc_a-sbrkr.o)
 .ARM.attributes
                0x00000811       0x2d /opt/st/stm32cubeide_1.16.1/plugins/com.st.stm32cube.ide.mcu.externaltools.gnu-tools-for-stm32.12.3.rel1.linux64_1.0.200.202406132123/tools/bin/../lib/gcc/arm-none-eabi/12.3.1/../../../../arm-none-eabi/lib/thumb/v7-m/nofp/libc_nano.a(libc_a-memchr-stub.o)
 .ARM.attributes
                0x0000083e       0x2d /opt/st/stm32cubeide_1.16.1/plugins/com.st.stm32cube.ide.mcu.externaltools.gnu-tools-for-stm32.12.3.rel1.linux64_1.0.200.202406132123/tools/bin/../lib/gcc/arm-none-eabi/12.3.1/../../../../arm-none-eabi/lib/thumb/v7-m/nofp/libc_nano.a(libc_a-reallocr.o)
 .ARM.attributes
                0x0000086b       0x2d /opt/st/stm32cubeide_1.16.1/plugins/com.st.stm32cube.ide.mcu.externaltools.gnu-tools-for-stm32.12.3.rel1.linux64_1.0.200.202406132123/tools/bin/../lib/gcc/arm-none-eabi/12.3.1/../../../../arm-none-eabi/lib/thumb/v7-m/nofp/libc_nano.a(libc_a-msizer.o)
 .ARM.attributes
                0x00000898       0x1d /opt/st/stm32cubeide_1.16.1/plugins/com.st.stm32cube.ide.mcu.externaltools.gnu-tools-for-stm32.12.3.rel1.linux64_1.0.200.202406132123/tools/bin/../lib/gcc/arm-none-eabi/12.3.1/thumb/v7-m/nofp/crtn.o
OUTPUT(rvb.elf elf32-littlearm)
LOAD linker stubs
LOAD /opt/st/stm32cubeide_1.16.1/plugins/com.st.stm32cube.ide.mcu.externaltools.gnu-tools-for-stm32.12.3.rel1.linux64_1.0.200.202406132123/tools/bin/../lib/gcc/arm-none-eabi/12.3.1/../../../../arm-none-eabi/lib/thumb/v7-m/nofp/libc.a
LOAD /opt/st/stm32cubeide_1.16.1/plugins/com.st.stm32cube.ide.mcu.externaltools.gnu-tools-for-stm32.12.3.rel1.linux64_1.0.200.202406132123/tools/bin/../lib/gcc/arm-none-eabi/12.3.1/../../../../arm-none-eabi/lib/thumb/v7-m/nofp/libm.a
LOAD /opt/st/stm32cubeide_1.16.1/plugins/com.st.stm32cube.ide.mcu.externaltools.gnu-tools-for-stm32.12.3.rel1.linux64_1.0.200.202406132123/tools/bin/../lib/gcc/arm-none-eabi/12.3.1/thumb/v7-m/nofp/libgcc.a

.debug_info     0x00000000    0x14076
 .debug_info    0x00000000      0xf1d ./Core/Src/TaskAppCAN.o
 .debug_info    0x00000f1d      0xa40 ./Core/Src/TaskAppSerial.o
 .debug_info    0x0000195d      0x671 ./Core/Src/TaskIO.o
 .debug_info    0x00001fce      0xa8a ./Core/Src/can.o
 .debug_info    0x00002a58     0x10ce ./Core/Src/freertos.o
 .debug_info    0x00003b26      0x2d3 ./Core/Src/gpio.o
 .debug_info    0x00003df9      0x328 ./Core/Src/main.o
 .debug_info    0x00004121      0x1d3 ./Core/Src/state.o
 .debug_info    0x000042f4      0x343 ./Core/Src/stm32f1xx_hal_msp.o
 .debug_info    0x00004637      0x5e1 ./Core/Src/stm32f1xx_it.o
 .debug_info    0x00004c18      0x168 ./Core/Src/sysmem.o
 .debug_info    0x00004d80      0x222 ./Core/Src/system_stm32f1xx.o
 .debug_info    0x00004fa2      0x7ae ./Core/Src/usart.o
 .debug_info    0x00005750       0x30 ./Core/Startup/startup_stm32f103c6tx.o
 .debug_info    0x00005780      0x6e6 ./Drivers/STM32F1xx_HAL_Driver/stm32f1xx_hal.o
 .debug_info    0x00005e66     0x110d ./Drivers/STM32F1xx_HAL_Driver/stm32f1xx_hal_can.o
 .debug_info    0x00006f73      0xa69 ./Drivers/STM32F1xx_HAL_Driver/stm32f1xx_hal_cortex.o
 .debug_info    0x000079dc      0x5ab ./Drivers/STM32F1xx_HAL_Driver/stm32f1xx_hal_gpio.o
 .debug_info    0x00007f87      0x628 ./Drivers/STM32F1xx_HAL_Driver/stm32f1xx_hal_pwr.o
 .debug_info    0x000085af      0x7d5 ./Drivers/STM32F1xx_HAL_Driver/stm32f1xx_hal_rcc.o
 .debug_info    0x00008d84     0x2eed ./Drivers/STM32F1xx_HAL_Driver/stm32f1xx_hal_uart.o
 .debug_info    0x0000bc71     0x22b5 ./Middlewares/FreeRTOS/cmsis_os.o
 .debug_info    0x0000df26      0x4d5 ./Middlewares/FreeRTOS/heap_4.o
 .debug_info    0x0000e3fb      0x2af ./Middlewares/FreeRTOS/list.o
 .debug_info    0x0000e6aa      0x494 ./Middlewares/FreeRTOS/port.o
 .debug_info    0x0000eb3e     0x183b ./Middlewares/FreeRTOS/queue.o
 .debug_info    0x00010379     0x2408 ./Middlewares/FreeRTOS/tasks.o
 .debug_info    0x00012781     0x18f5 ./Middlewares/FreeRTOS/timers.o

.debug_abbrev   0x00000000     0x3bbf
 .debug_abbrev  0x00000000      0x332 ./Core/Src/TaskAppCAN.o
 .debug_abbrev  0x00000332      0x23b ./Core/Src/TaskAppSerial.o
 .debug_abbrev  0x0000056d      0x237 ./Core/Src/TaskIO.o
 .debug_abbrev  0x000007a4      0x278 ./Core/Src/can.o
 .debug_abbrev  0x00000a1c      0x23a ./Core/Src/freertos.o
 .debug_abbrev  0x00000c56      0x13f ./Core/Src/gpio.o
 .debug_abbrev  0x00000d95      0x17c ./Core/Src/main.o
 .debug_abbrev  0x00000f11       0xde ./Core/Src/state.o
 .debug_abbrev  0x00000fef      0x11c ./Core/Src/stm32f1xx_hal_msp.o
 .debug_abbrev  0x0000110b      0x19d ./Core/Src/stm32f1xx_it.o
 .debug_abbrev  0x000012a8       0xbc ./Core/Src/sysmem.o
 .debug_abbrev  0x00001364      0x13f ./Core/Src/system_stm32f1xx.o
 .debug_abbrev  0x000014a3      0x201 ./Core/Src/usart.o
 .debug_abbrev  0x000016a4       0x24 ./Core/Startup/startup_stm32f103c6tx.o
 .debug_abbrev  0x000016c8      0x201 ./Drivers/STM32F1xx_HAL_Driver/stm32f1xx_hal.o
 .debug_abbrev  0x000018c9      0x22b ./Drivers/STM32F1xx_HAL_Driver/stm32f1xx_hal_can.o
 .debug_abbrev  0x00001af4      0x2f8 ./Drivers/STM32F1xx_HAL_Driver/stm32f1xx_hal_cortex.o
 .debug_abbrev  0x00001dec      0x1ca ./Drivers/STM32F1xx_HAL_Driver/stm32f1xx_hal_gpio.o
 .debug_abbrev  0x00001fb6      0x1f6 ./Drivers/STM32F1xx_HAL_Driver/stm32f1xx_hal_pwr.o
 .debug_abbrev  0x000021ac      0x2b3 ./Drivers/STM32F1xx_HAL_Driver/stm32f1xx_hal_rcc.o
 .debug_abbrev  0x0000245f      0x2f8 ./Drivers/STM32F1xx_HAL_Driver/stm32f1xx_hal_uart.o
 .debug_abbrev  0x00002757      0x416 ./Middlewares/FreeRTOS/cmsis_os.o
 .debug_abbrev  0x00002b6d      0x21d ./Middlewares/FreeRTOS/heap_4.o
 .debug_abbrev  0x00002d8a       0xf5 ./Middlewares/FreeRTOS/list.o
 .debug_abbrev  0x00002e7f      0x258 ./Middlewares/FreeRTOS/port.o
 .debug_abbrev  0x000030d7      0x3b6 ./Middlewares/FreeRTOS/queue.o
 .debug_abbrev  0x0000348d      0x3e5 ./Middlewares/FreeRTOS/tasks.o
 .debug_abbrev  0x00003872      0x34d ./Middlewares/FreeRTOS/timers.o

.debug_aranges  0x00000000     0x10a0
 .debug_aranges
                0x00000000       0x78 ./Core/Src/TaskAppCAN.o
 .debug_aranges
                0x00000078       0x60 ./Core/Src/TaskAppSerial.o
 .debug_aranges
                0x000000d8       0x58 ./Core/Src/TaskIO.o
 .debug_aranges
                0x00000130       0x40 ./Core/Src/can.o
 .debug_aranges
                0x00000170       0x50 ./Core/Src/freertos.o
 .debug_aranges
                0x000001c0       0x20 ./Core/Src/gpio.o
 .debug_aranges
                0x000001e0       0x30 ./Core/Src/main.o
 .debug_aranges
                0x00000210       0x28 ./Core/Src/state.o
 .debug_aranges
                0x00000238       0x20 ./Core/Src/stm32f1xx_hal_msp.o
 .debug_aranges
                0x00000258       0x58 ./Core/Src/stm32f1xx_it.o
 .debug_aranges
                0x000002b0       0x20 ./Core/Src/sysmem.o
 .debug_aranges
                0x000002d0       0x28 ./Core/Src/system_stm32f1xx.o
 .debug_aranges
                0x000002f8       0x38 ./Core/Src/usart.o
 .debug_aranges
                0x00000330       0x28 ./Core/Startup/startup_stm32f103c6tx.o
 .debug_aranges
                0x00000358       0xe0 ./Drivers/STM32F1xx_HAL_Driver/stm32f1xx_hal.o
 .debug_aranges
                0x00000438      0x148 ./Drivers/STM32F1xx_HAL_Driver/stm32f1xx_hal_can.o
 .debug_aranges
                0x00000580      0x100 ./Drivers/STM32F1xx_HAL_Driver/stm32f1xx_hal_cortex.o
 .debug_aranges
                0x00000680       0x58 ./Drivers/STM32F1xx_HAL_Driver/stm32f1xx_hal_gpio.o
 .debug_aranges
                0x000006d8       0xa8 ./Drivers/STM32F1xx_HAL_Driver/stm32f1xx_hal_pwr.o
 .debug_aranges
                0x00000780       0x90 ./Drivers/STM32F1xx_HAL_Driver/stm32f1xx_hal_rcc.o
 .debug_aranges
                0x00000810      0x208 ./Drivers/STM32F1xx_HAL_Driver/stm32f1xx_hal_uart.o
 .debug_aranges
                0x00000a18      0x1d8 ./Middlewares/FreeRTOS/cmsis_os.o
 .debug_aranges
                0x00000bf0       0x58 ./Middlewares/FreeRTOS/heap_4.o
 .debug_aranges
                0x00000c48       0x40 ./Middlewares/FreeRTOS/list.o
 .debug_aranges
                0x00000c88       0x78 ./Middlewares/FreeRTOS/port.o
 .debug_aranges
                0x00000d00      0x110 ./Middlewares/FreeRTOS/queue.o
 .debug_aranges
                0x00000e10      0x1c0 ./Middlewares/FreeRTOS/tasks.o
 .debug_aranges
                0x00000fd0       0xd0 ./Middlewares/FreeRTOS/timers.o

.debug_rnglists
                0x00000000      0xc88
 .debug_rnglists
                0x00000000       0x57 ./Core/Src/TaskAppCAN.o
 .debug_rnglists
                0x00000057       0x44 ./Core/Src/TaskAppSerial.o
 .debug_rnglists
                0x0000009b       0x3f ./Core/Src/TaskIO.o
 .debug_rnglists
                0x000000da       0x2c ./Core/Src/can.o
 .debug_rnglists
                0x00000106       0x38 ./Core/Src/freertos.o
 .debug_rnglists
                0x0000013e       0x14 ./Core/Src/gpio.o
 .debug_rnglists
                0x00000152       0x20 ./Core/Src/main.o
 .debug_rnglists
                0x00000172       0x19 ./Core/Src/state.o
 .debug_rnglists
                0x0000018b       0x13 ./Core/Src/stm32f1xx_hal_msp.o
 .debug_rnglists
                0x0000019e       0x3d ./Core/Src/stm32f1xx_it.o
 .debug_rnglists
                0x000001db       0x13 ./Core/Src/sysmem.o
 .debug_rnglists
                0x000001ee       0x1a ./Core/Src/system_stm32f1xx.o
 .debug_rnglists
                0x00000208       0x26 ./Core/Src/usart.o
 .debug_rnglists
                0x0000022e       0x19 ./Core/Startup/startup_stm32f103c6tx.o
 .debug_rnglists
                0x00000247       0xa3 ./Drivers/STM32F1xx_HAL_Driver/stm32f1xx_hal.o
 .debug_rnglists
                0x000002ea       0xfb ./Drivers/STM32F1xx_HAL_Driver/stm32f1xx_hal_can.o
 .debug_rnglists
                0x000003e5       0xbb ./Drivers/STM32F1xx_HAL_Driver/stm32f1xx_hal_cortex.o
 .debug_rnglists
                0x000004a0       0x3f ./Drivers/STM32F1xx_HAL_Driver/stm32f1xx_hal_gpio.o
 .debug_rnglists
                0x000004df       0x7a ./Drivers/STM32F1xx_HAL_Driver/stm32f1xx_hal_pwr.o
 .debug_rnglists
                0x00000559       0x6c ./Drivers/STM32F1xx_HAL_Driver/stm32f1xx_hal_rcc.o
 .debug_rnglists
                0x000005c5      0x1bc ./Drivers/STM32F1xx_HAL_Driver/stm32f1xx_hal_uart.o
 .debug_rnglists
                0x00000781      0x16b ./Middlewares/FreeRTOS/cmsis_os.o
 .debug_rnglists
                0x000008ec       0x42 ./Middlewares/FreeRTOS/heap_4.o
 .debug_rnglists
                0x0000092e       0x2b ./Middlewares/FreeRTOS/list.o
 .debug_rnglists
                0x00000959       0x57 ./Middlewares/FreeRTOS/port.o
 .debug_rnglists
                0x000009b0       0xd3 ./Middlewares/FreeRTOS/queue.o
 .debug_rnglists
                0x00000a83      0x165 ./Middlewares/FreeRTOS/tasks.o
 .debug_rnglists
                0x00000be8       0xa0 ./Middlewares/FreeRTOS/timers.o

.debug_macro    0x00000000    0x1a7a1
 .debug_macro   0x00000000      0x3ea ./Core/Src/TaskAppCAN.o
 .debug_macro   0x000003ea      0xaa8 ./Core/Src/TaskAppCAN.o
 .debug_macro   0x00000e92      0x189 ./Core/Src/TaskAppCAN.o
 .debug_macro   0x0000101b       0x22 ./Core/Src/TaskAppCAN.o
 .debug_macro   0x0000103d       0x8e ./Core/Src/TaskAppCAN.o
 .debug_macro   0x000010cb       0x51 ./Core/Src/TaskAppCAN.o
 .debug_macro   0x0000111c      0x103 ./Core/Src/TaskAppCAN.o
 .debug_macro   0x0000121f       0x6a ./Core/Src/TaskAppCAN.o
 .debug_macro   0x00001289      0x1df ./Core/Src/TaskAppCAN.o
 .debug_macro   0x00001468       0xf0 ./Core/Src/TaskAppCAN.o
 .debug_macro   0x00001558      0x15a ./Core/Src/TaskAppCAN.o
 .debug_macro   0x000016b2       0xde ./Core/Src/TaskAppCAN.o
 .debug_macro   0x00001790       0x1c ./Core/Src/TaskAppCAN.o
 .debug_macro   0x000017ac       0x26 ./Core/Src/TaskAppCAN.o
 .debug_macro   0x000017d2       0x61 ./Core/Src/TaskAppCAN.o
 .debug_macro   0x00001833       0x24 ./Core/Src/TaskAppCAN.o
 .debug_macro   0x00001857       0x43 ./Core/Src/TaskAppCAN.o
 .debug_macro   0x0000189a       0x34 ./Core/Src/TaskAppCAN.o
 .debug_macro   0x000018ce       0x16 ./Core/Src/TaskAppCAN.o
 .debug_macro   0x000018e4       0x43 ./Core/Src/TaskAppCAN.o
 .debug_macro   0x00001927       0x34 ./Core/Src/TaskAppCAN.o
 .debug_macro   0x0000195b       0x10 ./Core/Src/TaskAppCAN.o
 .debug_macro   0x0000196b       0x58 ./Core/Src/TaskAppCAN.o
 .debug_macro   0x000019c3       0x8e ./Core/Src/TaskAppCAN.o
 .debug_macro   0x00001a51       0x1c ./Core/Src/TaskAppCAN.o
 .debug_macro   0x00001a6d      0x177 ./Core/Src/TaskAppCAN.o
 .debug_macro   0x00001be4       0x10 ./Core/Src/TaskAppCAN.o
 .debug_macro   0x00001bf4       0x35 ./Core/Src/TaskAppCAN.o
 .debug_macro   0x00001c29      0x50c ./Core/Src/TaskAppCAN.o
 .debug_macro   0x00002135       0x16 ./Core/Src/TaskAppCAN.o
 .debug_macro   0x0000214b      0x369 ./Core/Src/TaskAppCAN.o
 .debug_macro   0x000024b4       0x16 ./Core/Src/TaskAppCAN.o
 .debug_macro   0x000024ca       0x29 ./Core/Src/TaskAppCAN.o
 .debug_macro   0x000024f3      0x136 ./Core/Src/TaskAppCAN.o
 .debug_macro   0x00002629       0xb5 ./Core/Src/TaskAppCAN.o
 .debug_macro   0x000026de       0xaa ./Core/Src/TaskAppCAN.o
 .debug_macro   0x00002788       0x87 ./Core/Src/TaskAppCAN.o
 .debug_macro   0x0000280f      0x21b ./Core/Src/TaskAppCAN.o
 .debug_macro   0x00002a2a       0x2e ./Core/Src/TaskAppCAN.o
 .debug_macro   0x00002a58       0x22 ./Core/Src/TaskAppCAN.o
 .debug_macro   0x00002a7a       0x1c ./Core/Src/TaskAppCAN.o
 .debug_macro   0x00002a96       0x22 ./Core/Src/TaskAppCAN.o
 .debug_macro   0x00002ab8       0xbd ./Core/Src/TaskAppCAN.o
 .debug_macro   0x00002b75      0xd23 ./Core/Src/TaskAppCAN.o
 .debug_macro   0x00003898     0xde75 ./Core/Src/TaskAppCAN.o
 .debug_macro   0x0001170d       0x6d ./Core/Src/TaskAppCAN.o
 .debug_macro   0x0001177a     0x34a2 ./Core/Src/TaskAppCAN.o
 .debug_macro   0x00014c1c       0x56 ./Core/Src/TaskAppCAN.o
 .debug_macro   0x00014c72      0x5bc ./Core/Src/TaskAppCAN.o
 .debug_macro   0x0001522e      0x1b7 ./Core/Src/TaskAppCAN.o
 .debug_macro   0x000153e5      0x1cb ./Core/Src/TaskAppCAN.o
 .debug_macro   0x000155b0      0x114 ./Core/Src/TaskAppCAN.o
 .debug_macro   0x000156c4      0x1b2 ./Core/Src/TaskAppCAN.o
 .debug_macro   0x00015876       0x27 ./Core/Src/TaskAppCAN.o
 .debug_macro   0x0001589d      0x12f ./Core/Src/TaskAppCAN.o
 .debug_macro   0x000159cc      0x1bc ./Core/Src/TaskAppCAN.o
 .debug_macro   0x00015b88       0x34 ./Core/Src/TaskAppCAN.o
 .debug_macro   0x00015bbc       0x3c ./Core/Src/TaskAppCAN.o
 .debug_macro   0x00015bf8      0x40f ./Core/Src/TaskAppCAN.o
 .debug_macro   0x00016007       0x57 ./Core/Src/TaskAppCAN.o
 .debug_macro   0x0001605e       0x87 ./Core/Src/TaskAppCAN.o
 .debug_macro   0x000160e5      0x183 ./Core/Src/TaskAppCAN.o
 .debug_macro   0x00016268      0x140 ./Core/Src/TaskAppCAN.o
 .debug_macro   0x000163a8      0x28e ./Core/Src/TaskAppCAN.o
 .debug_macro   0x00016636       0x69 ./Core/Src/TaskAppCAN.o
 .debug_macro   0x0001669f       0x97 ./Core/Src/TaskAppCAN.o
 .debug_macro   0x00016736       0x7e ./Core/Src/TaskAppCAN.o
 .debug_macro   0x000167b4       0x19 ./Core/Src/TaskAppCAN.o
 .debug_macro   0x000167cd       0xf2 ./Core/Src/TaskAppCAN.o
 .debug_macro   0x000168bf       0x16 ./Core/Src/TaskAppCAN.o
 .debug_macro   0x000168d5       0x20 ./Core/Src/TaskAppCAN.o
 .debug_macro   0x000168f5       0x1c ./Core/Src/TaskAppCAN.o
 .debug_macro   0x00016911       0x10 ./Core/Src/TaskAppCAN.o
 .debug_macro   0x00016921       0x1c ./Core/Src/TaskAppCAN.o
 .debug_macro   0x0001693d       0x16 ./Core/Src/TaskAppCAN.o
 .debug_macro   0x00016953      0x146 ./Core/Src/TaskAppCAN.o
 .debug_macro   0x00016a99      0x3d2 ./Core/Src/TaskAppSerial.o
 .debug_macro   0x00016e6b      0x364 ./Core/Src/TaskIO.o
 .debug_macro   0x000171cf      0x1aa ./Core/Src/can.o
 .debug_macro   0x00017379       0x5c ./Core/Src/can.o
 .debug_macro   0x000173d5      0x408 ./Core/Src/freertos.o
 .debug_macro   0x000177dd       0x91 ./Core/Src/freertos.o
 .debug_macro   0x0001786e       0x8d ./Core/Src/freertos.o
 .debug_macro   0x000178fb      0x1aa ./Core/Src/gpio.o
 .debug_macro   0x00017aa5      0x312 ./Core/Src/main.o
 .debug_macro   0x00017db7       0xf0 ./Core/Src/main.o
 .debug_macro   0x00017ea7      0x14d ./Core/Src/state.o
 .debug_macro   0x00017ff4      0x11c ./Core/Src/state.o
 .debug_macro   0x00018110       0x94 ./Core/Src/state.o
 .debug_macro   0x000181a4      0x1a0 ./Core/Src/stm32f1xx_hal_msp.o
 .debug_macro   0x00018344      0x2bd ./Core/Src/stm32f1xx_it.o
 .debug_macro   0x00018601       0xff ./Core/Src/sysmem.o
 .debug_macro   0x00018700      0x23c ./Core/Src/sysmem.o
 .debug_macro   0x0001893c      0x196 ./Core/Src/system_stm32f1xx.o
 .debug_macro   0x00018ad2      0x1aa ./Core/Src/usart.o
 .debug_macro   0x00018c7c      0x1ba ./Drivers/STM32F1xx_HAL_Driver/stm32f1xx_hal.o
 .debug_macro   0x00018e36      0x1a5 ./Drivers/STM32F1xx_HAL_Driver/stm32f1xx_hal_can.o
 .debug_macro   0x00018fdb      0x196 ./Drivers/STM32F1xx_HAL_Driver/stm32f1xx_hal_cortex.o
 .debug_macro   0x00019171      0x201 ./Drivers/STM32F1xx_HAL_Driver/stm32f1xx_hal_gpio.o
 .debug_macro   0x00019372      0x1f6 ./Drivers/STM32F1xx_HAL_Driver/stm32f1xx_hal_pwr.o
 .debug_macro   0x00019568      0x1a8 ./Drivers/STM32F1xx_HAL_Driver/stm32f1xx_hal_rcc.o
 .debug_macro   0x00019710      0x197 ./Drivers/STM32F1xx_HAL_Driver/stm32f1xx_hal_uart.o
 .debug_macro   0x000198a7      0x210 ./Middlewares/FreeRTOS/cmsis_os.o
 .debug_macro   0x00019ab7       0x10 ./Middlewares/FreeRTOS/cmsis_os.o
 .debug_macro   0x00019ac7       0x16 ./Middlewares/FreeRTOS/cmsis_os.o
 .debug_macro   0x00019add       0xab ./Middlewares/FreeRTOS/cmsis_os.o
 .debug_macro   0x00019b88      0x1c0 ./Middlewares/FreeRTOS/heap_4.o
 .debug_macro   0x00019d48      0x199 ./Middlewares/FreeRTOS/list.o
 .debug_macro   0x00019ee1      0x20f ./Middlewares/FreeRTOS/port.o
 .debug_macro   0x0001a0f0      0x228 ./Middlewares/FreeRTOS/queue.o
 .debug_macro   0x0001a318      0x28b ./Middlewares/FreeRTOS/tasks.o
 .debug_macro   0x0001a5a3       0x10 ./Middlewares/FreeRTOS/tasks.o
 .debug_macro   0x0001a5b3      0x1ee ./Middlewares/FreeRTOS/timers.o

.debug_line     0x00000000    0x15600
 .debug_line    0x00000000      0xdbd ./Core/Src/TaskAppCAN.o
 .debug_line    0x00000dbd      0xc3e ./Core/Src/TaskAppSerial.o
 .debug_line    0x000019fb      0xc18 ./Core/Src/TaskIO.o