09:42:06 **** Incremental Build of configuration Debug for project rvb ****
make -j6 all 
arm-none-eabi-gcc "/home/volkswagen2/STM32Cube/Repository/STM32Cube_FW_F1_V1.8.6/Middlewares/Third_Party/FreeRTOS/Source/CMSIS_RTOS/cmsis_os.c" -mcpu=cortex-m3 -std=gnu11 -g3 -DDEBUG -DUSE_HAL_DRIVER -DSTM32F103x6 -c -I../Core/Inc -I/home/volkswagen2/STM32Cube/Repository/STM32Cube_FW_F1_V1.8.6/Drivers/STM32F1xx_HAL_Driver/Inc -I/home/volkswagen2/STM32Cube/Repository/STM32Cube_FW_F1_V1.8.6/Drivers/STM32F1xx_HAL_Driver/Inc/Legacy -I/home/volkswagen2/STM32Cube/Repository/STM32Cube_FW_F1_V1.8.6/Middlewares/Third_Party/FreeRTOS/Source/include -I/home/volkswagen2/STM32Cube/Repository/STM32Cube_FW_F1_V1.8.6/Middlewares/Third_Party/FreeRTOS/Source/CMSIS_RTOS -I/home/volkswagen2/STM32Cube/Repository/STM32Cube_FW_F1_V1.8.6/Middlewares/Third_Party/FreeRTOS/Source/portable/GCC/ARM_CM3 -I/home/volkswagen2/STM32Cube/Repository/STM32Cube_FW_F1_V1.8.6/Drivers/CMSIS/Device/ST/STM32F1xx/Include -I/home/volkswagen2/STM32Cube/Repository/STM32Cube_FW_F1_V1.8.6/Drivers/CMSIS/Include -O0 -ffunction-sections -fdata-sections -Wall -fstack-usage -fcyclomatic-complexity -MMD -MP -MF"Middlewares/FreeRTOS/cmsis_os.d" -MT"Middlewares/FreeRTOS/cmsis_os.o" --specs=nano.specs -mfloat-abi=soft -mthumb -o "Middlewares/FreeRTOS/cmsis_os.o"
arm-none-eabi-gcc "/home/volkswagen2/STM32Cube/Repository/STM32Cube_FW_F1_V1.8.6/Middlewares/Third_Party/FreeRTOS/Source/croutine.c" -mcpu=cortex-m3 -std=gnu11 -g3 -DDEBUG -DUSE_HAL_DRIVER -DSTM32F103x6 -c -I../Core/Inc -I/home/volkswagen2/STM32Cube/Repository/STM32Cube_FW_F1_V1.8.6/Drivers/STM32F1xx_HAL_Driver/Inc -I/home/volkswagen2/STM32Cube/Repository/STM32Cube_FW_F1_V1.8.6/Drivers/STM32F1xx_HAL_Driver/Inc/Legacy -I/home/volkswagen2/STM32Cube/Repository/STM32Cube_FW_F1_V1.8.6/Middlewares/Third_Party/FreeRTOS/Source/include -I/home/volkswagen2/STM32Cube/Repository/STM32Cube_FW_F1_V1.8.6/Middlewares/Third_Party/FreeRTOS/Source/CMSIS_RTOS -I/home/volkswagen2/STM32Cube/Repository/STM32Cube_FW_F1_V1.8.6/Middlewares/Third_Party/FreeRTOS/Source/portable/GCC/ARM_CM3 -I/home/volkswagen2/STM32Cube/Repository/STM32Cube_FW_F1_V1.8.6/Drivers/CMSIS/Device/ST/STM32F1xx/Include -I/home/volkswagen2/STM32Cube/Repository/STM32Cube_FW_F1_V1.8.6/Drivers/CMSIS/Include -O0 -ffunction-sections -fdata-sections -Wall -fstack-usage -fcyclomatic-complexity -MMD -MP -MF"Middlewares/FreeRTOS/croutine.d" -MT"Middlewares/FreeRTOS/croutine.o" --specs=nano.specs -mfloat-abi=soft -mthumb -o "Middlewares/FreeRTOS/croutine.o"
arm-none-eabi-gcc "/home/volkswagen2/STM32Cube/Repository/STM32Cube_FW_F1_V1.8.6/Middlewares/Third_Party/FreeRTOS/Source/event_groups.c" -mcpu=cortex-m3 -std=gnu11 -g3 -DDEBUG -DUSE_HAL_DRIVER -DSTM32F103x6 -c -I../Core/Inc -I/home/volkswagen2/STM32Cube/Repository/STM32Cube_FW_F1_V1.8.6/Drivers/STM32F1xx_HAL_Driver/Inc -I/home/volkswagen2/STM32Cube/Repository/STM32Cube_FW_F1_V1.8.6/Drivers/STM32F1xx_HAL_Driver/Inc/Legacy -I/home/volkswagen2/STM32Cube/Repository/STM32Cube_FW_F1_V1.8.6/Middlewares/Third_Party/FreeRTOS/Source/include -I/home/volkswagen2/STM32Cube/Repository/STM32Cube_FW_F1_V1.8.6/Middlewares/Third_Party/FreeRTOS/Source/CMSIS_RTOS -I/home/volkswagen2/STM32Cube/Repository/STM32Cube_FW_F1_V1.8.6/Middlewares/Third_Party/FreeRTOS/Source/portable/GCC/ARM_CM3 -I/home/volkswagen2/STM32Cube/Repository/STM32Cube_FW_F1_V1.8.6/Drivers/CMSIS/Device/ST/STM32F1xx/Include -I/home/volkswagen2/STM32Cube/Repository/STM32Cube_FW_F1_V1.8.6/Drivers/CMSIS/Include -O0 -ffunction-sections -fdata-sections -Wall -fstack-usage -fcyclomatic-complexity -MMD -MP -MF"Middlewares/FreeRTOS/event_groups.d" -MT"Middlewares/FreeRTOS/event_groups.o" --specs=nano.specs -mfloat-abi=soft -mthumb -o "Middlewares/FreeRTOS/event_groups.o"
arm-none-eabi-gcc "/home/volkswagen2/STM32Cube/Repository/STM32Cube_FW_F1_V1.8.6/Middlewares/Third_Party/FreeRTOS/Source/portable/MemMang/heap_4.c" -mcpu=cortex-m3 -std=gnu11 -g3 -DDEBUG -DUSE_HAL_DRIVER -DSTM32F103x6 -c -I../Core/Inc -I/home/volkswagen2/STM32Cube/Repository/STM32Cube_FW_F1_V1.8.6/Drivers/STM32F1xx_HAL_Driver/Inc -I/home/volkswagen2/STM32Cube/Repository/STM32Cube_FW_F1_V1.8.6/Drivers/STM32F1xx_HAL_Driver/Inc/Legacy -I/home/volkswagen2/STM32Cube/Repository/STM32Cube_FW_F1_V1.8.6/Middlewares/Third_Party/FreeRTOS/Source/include -I/home/volkswagen2/STM32Cube/Repository/STM32Cube_FW_F1_V1.8.6/Middlewares/Third_Party/FreeRTOS/Source/CMSIS_RTOS -I/home/volkswagen2/STM32Cube/Repository/STM32Cube_FW_F1_V1.8.6/Middlewares/Third_Party/FreeRTOS/Source/portable/GCC/ARM_CM3 -I/home/volkswagen2/STM32Cube/Repository/STM32Cube_FW_F1_V1.8.6/Drivers/CMSIS/Device/ST/STM32F1xx/Include -I/home/volkswagen2/STM32Cube/Repository/STM32Cube_FW_F1_V1.8.6/Drivers/CMSIS/Include -O0 -ffunction-sections -fdata-sections -Wall -fstack-usage -fcyclomatic-complexity -MMD -MP -MF"Middlewares/FreeRTOS/heap_4.d" -MT"Middlewares/FreeRTOS/heap_4.o" --specs=nano.specs -mfloat-abi=soft -mthumb -o "Middlewares/FreeRTOS/heap_4.o"
arm-none-eabi-gcc "/home/volkswagen2/STM32Cube/Repository/STM32Cube_FW_F1_V1.8.6/Middlewares/Third_Party/FreeRTOS/Source/list.c" -mcpu=cortex-m3 -std=gnu11 -g3 -DDEBUG -DUSE_HAL_DRIVER -DSTM32F103x6 -c -I../Core/Inc -I/home/volkswagen2/STM32Cube/Repository/STM32Cube_FW_F1_V1.8.6/Drivers/STM32F1xx_HAL_Driver/Inc -I/home/volkswagen2/STM32Cube/Repository/STM32Cube_FW_F1_V1.8.6/Drivers/STM32F1xx_HAL_Driver/Inc/Legacy -I/home/volkswagen2/STM32Cube/Repository/STM32Cube_FW_F1_V1.8.6/Middlewares/Third_Party/FreeRTOS/Source/include -I/home/volkswagen2/STM32Cube/Repository/STM32Cube_FW_F1_V1.8.6/Middlewares/Third_Party/FreeRTOS/Source/CMSIS_RTOS -I/home/volkswagen2/STM32Cube/Repository/STM32Cube_FW_F1_V1.8.6/Middlewares/Third_Party/FreeRTOS/Source/portable/GCC/ARM_CM3 -I/home/volkswagen2/STM32Cube/Repository/STM32Cube_FW_F1_V1.8.6/Drivers/CMSIS/Device/ST/STM32F1xx/Include -I/home/volkswagen2/STM32Cube/Repository/STM32Cube_FW_F1_V1.8.6/Drivers/CMSIS/Include -O0 -ffunction-sections -fdata-sections -Wall -fstack-usage -fcyclomatic-complexity -MMD -MP -MF"Middlewares/FreeRTOS/list.d" -MT"Middlewares/FreeRTOS/list.o" --specs=nano.specs -mfloat-abi=soft -mthumb -o "Middlewares/FreeRTOS/list.o"
arm-none-eabi-gcc "/home/volkswagen2/STM32Cube/Repository/STM32Cube_FW_F1_V1.8.6/Middlewares/Third_Party/FreeRTOS/Source/portable/GCC/ARM_CM3/port.c" -mcpu=cortex-m3 -std=gnu11 -g3 -DDEBUG -DUSE_HAL_DRIVER -DSTM32F103x6 -c -I../Core/Inc -I/home/volkswagen2/STM32Cube/Repository/STM32Cube_FW_F1_V1.8.6/Drivers/STM32F1xx_HAL_Driver/Inc -I/home/volkswagen2/STM32Cube/Repository/STM32Cube_FW_F1_V1.8.6/Drivers/STM32F1xx_HAL_Driver/Inc/Legacy -I/home/volkswagen2/STM32Cube/Repository/STM32Cube_FW_F1_V1.8.6/Middlewares/Third_Party/FreeRTOS/Source/include -I/home/volkswagen2/STM32Cube/Repository/STM32Cube_FW_F1_V1.8.6/Middlewares/Third_Party/FreeRTOS/Source/CMSIS_RTOS -I/home/volkswagen2/STM32Cube/Repository/STM32Cube_FW_F1_V1.8.6/Middlewares/Third_Party/FreeRTOS/Source/portable/GCC/ARM_CM3 -I/home/volkswagen2/STM32Cube/Repository/STM32Cube_FW_F1_V1.8.6/Drivers/CMSIS/Device/ST/STM32F1xx/Include -I/home/volkswagen2/STM32Cube/Repository/STM32Cube_FW_F1_V1.8.6/Drivers/CMSIS/Include -O0 -ffunction-sections -fdata-sections -Wall -fstack-usage -fcyclomatic-complexity -MMD -MP -MF"Middlewares/FreeRTOS/port.d" -MT"Middlewares/FreeRTOS/port.o" --specs=nano.specs -mfloat-abi=soft -mthumb -o "Middlewares/FreeRTOS/port.o"
arm-none-eabi-gcc "/home/volkswagen2/STM32Cube/Repository/STM32Cube_FW_F1_V1.8.6/Middlewares/Third_Party/FreeRTOS/Source/queue.c" -mcpu=cortex-m3 -std=gnu11 -g3 -DDEBUG -DUSE_HAL_DRIVER -DSTM32F103x6 -c -I../Core/Inc -I/home/volkswagen2/STM32Cube/Repository/STM32Cube_FW_F1_V1.8.6/Drivers/STM32F1xx_HAL_Driver/Inc -I/home/volkswagen2/STM32Cube/Repository/STM32Cube_FW_F1_V1.8.6/Drivers/STM32F1xx_HAL_Driver/Inc/Legacy -I/home/volkswagen2/STM32Cube/Repository/STM32Cube_FW_F1_V1.8.6/Middlewares/Third_Party/FreeRTOS/Source/include -I/home/volkswagen2/STM32Cube/Repository/STM32Cube_FW_F1_V1.8.6/Middlewares/Third_Party/FreeRTOS/Source/CMSIS_RTOS -I/home/volkswagen2/STM32Cube/Repository/STM32Cube_FW_F1_V1.8.6/Middlewares/Third_Party/FreeRTOS/Source/portable/GCC/ARM_CM3 -I/home/volkswagen2/STM32Cube/Repository/STM32Cube_FW_F1_V1.8.6/Drivers/CMSIS/Device/ST/STM32F1xx/Include -I/home/volkswagen2/STM32Cube/Repository/STM32Cube_FW_F1_V1.8.6/Drivers/CMSIS/Include -O0 -ffunction-sections -fdata-sections -Wall -fstack-usage -fcyclomatic-complexity -MMD -MP -MF"Middlewares/FreeRTOS/queue.d" -MT"Middlewares/FreeRTOS/queue.o" --specs=nano.specs -mfloat-abi=soft -mthumb -o "Middlewares/FreeRTOS/queue.o"
arm-none-eabi-gcc "/home/volkswagen2/STM32Cube/Repository/STM32Cube_FW_F1_V1.8.6/Middlewares/Third_Party/FreeRTOS/Source/stream_buffer.c" -mcpu=cortex-m3 -std=gnu11 -g3 -DDEBUG -DUSE_HAL_DRIVER -DSTM32F103x6 -c -I../Core/Inc -I/home/volkswagen2/STM32Cube/Repository/STM32Cube_FW_F1_V1.8.6/Drivers/STM32F1xx_HAL_Driver/Inc -I/home/volkswagen2/STM32Cube/Repository/STM32Cube_FW_F1_V1.8.6/Drivers/STM32F1xx_HAL_Driver/Inc/Legacy -I/home/volkswagen2/STM32Cube/Repository/STM32Cube_FW_F1_V1.8.6/Middlewares/Third_Party/FreeRTOS/Source/include -I/home/volkswagen2/STM32Cube/Repository/STM32Cube_FW_F1_V1.8.6/Middlewares/Third_Party/FreeRTOS/Source/CMSIS_RTOS -I/home/volkswagen2/STM32Cube/Repository/STM32Cube_FW_F1_V1.8.6/Middlewares/Third_Party/FreeRTOS/Source/portable/GCC/ARM_CM3 -I/home/volkswagen2/STM32Cube/Repository/STM32Cube_FW_F1_V1.8.6/Drivers/CMSIS/Device/ST/STM32F1xx/Include -I/home/volkswagen2/STM32Cube/Repository/STM32Cube_FW_F1_V1.8.6/Drivers/CMSIS/Include -O0 -ffunction-sections -fdata-sections -Wall -fstack-usage -fcyclomatic-complexity -MMD -MP -MF"Middlewares/FreeRTOS/stream_buffer.d" -MT"Middlewares/FreeRTOS/stream_buffer.o" --specs=nano.specs -mfloat-abi=soft -mthumb -o "Middlewares/FreeRTOS/stream_buffer.o"
arm-none-eabi-gcc "/home/volkswagen2/STM32Cube/Repository/STM32Cube_FW_F1_V1.8.6/Middlewares/Third_Party/FreeRTOS/Source/tasks.c" -mcpu=cortex-m3 -std=gnu11 -g3 -DDEBUG -DUSE_HAL_DRIVER -DSTM32F103x6 -c -I../Core/Inc -I/home/volkswagen2/STM32Cube/Repository/STM32Cube_FW_F1_V1.8.6/Drivers/STM32F1xx_HAL_Driver/Inc -I/home/volkswagen2/STM32Cube/Repository/STM32Cube_FW_F1_V1.8.6/Drivers/STM32F1xx_HAL_Driver/Inc/Legacy -I/home/volkswagen2/STM32Cube/Repository/STM32Cube_FW_F1_V1.8.6/Middlewares/Third_Party/FreeRTOS/Source/include -I/home/volkswagen2/STM32Cube/Repository/STM32Cube_FW_F1_V1.8.6/Middlewares/Third_Party/FreeRTOS/Source/CMSIS_RTOS -I/home/volkswagen2/STM32Cube/Repository/STM32Cube_FW_F1_V1.8.6/Middlewares/Third_Party/FreeRTOS/Source/portable/GCC/ARM_CM3 -I/home/volkswagen2/STM32Cube/Repository/STM32Cube_FW_F1_V1.8.6/Drivers/CMSIS/Device/ST/STM32F1xx/Include -I/home/volkswagen2/STM32Cube/Repository/STM32Cube_FW_F1_V1.8.6/Drivers/CMSIS/Include -O0 -ffunction-sections -fdata-sections -Wall -fstack-usage -fcyclomatic-complexity -MMD -MP -MF"Middlewares/FreeRTOS/tasks.d" -MT"Middlewares/FreeRTOS/tasks.o" --specs=nano.specs -mfloat-abi=soft -mthumb -o "Middlewares/FreeRTOS/tasks.o"
arm-none-eabi-gcc "/home/volkswagen2/STM32Cube/Repository/STM32Cube_FW_F1_V1.8.6/Middlewares/Third_Party/FreeRTOS/Source/timers.c" -mcpu=cortex-m3 -std=gnu11 -g3 -DDEBUG -DUSE_HAL_DRIVER -DSTM32F103x6 -c -I../Core/Inc -I/home/volkswagen2/STM32Cube/Repository/STM32Cube_FW_F1_V1.8.6/Drivers/STM32F1xx_HAL_Driver/Inc -I/home/volkswagen2/STM32Cube/Repository/STM32Cube_FW_F1_V1.8.6/Drivers/STM32F1xx_HAL_Driver/Inc/Legacy -I/home/volkswagen2/STM32Cube/Repository/STM32Cube_FW_F1_V1.8.6/Middlewares/Third_Party/FreeRTOS/Source/include -I/home/volkswagen2/STM32Cube/Repository/STM32Cube_FW_F1_V1.8.6/Middlewares/Third_Party/FreeRTOS/Source/CMSIS_RTOS -I/home/volkswagen2/STM32Cube/Repository/STM32Cube_FW_F1_V1.8.6/Middlewares/Third_Party/FreeRTOS/Source/portable/GCC/ARM_CM3 -I/home/volkswagen2/STM32Cube/Repository/STM32Cube_FW_F1_V1.8.6/Drivers/CMSIS/Device/ST/STM32F1xx/Include -I/home/volkswagen2/STM32Cube/Repository/STM32Cube_FW_F1_V1.8.6/Drivers/CMSIS/Include -O0 -ffunction-sections -fdata-sections -Wall -fstack-usage -fcyclomatic-complexity -MMD -MP -MF"Middlewares/FreeRTOS/timers.d" -MT"Middlewares/FreeRTOS/timers.o" --specs=nano.specs -mfloat-abi=soft -mthumb -o "Middlewares/FreeRTOS/timers.o"
arm-none-eabi-gcc "/home/volkswagen2/STM32Cube/Repository/STM32Cube_FW_F1_V1.8.6/Drivers/STM32F1xx_HAL_Driver/Src/stm32f1xx_hal.c" -mcpu=cortex-m3 -std=gnu11 -g3 -DDEBUG -DUSE_HAL_DRIVER -DSTM32F103x6 -c -I../Core/Inc -I/home/volkswagen2/STM32Cube/Repository/STM32Cube_FW_F1_V1.8.6/Drivers/STM32F1xx_HAL_Driver/Inc -I/home/volkswagen2/STM32Cube/Repository/STM32Cube_FW_F1_V1.8.6/Drivers/STM32F1xx_HAL_Driver/Inc/Legacy -I/home/volkswagen2/STM32Cube/Repository/STM32Cube_FW_F1_V1.8.6/Middlewares/Third_Party/FreeRTOS/Source/include -I/home/volkswagen2/STM32Cube/Repository/STM32Cube_FW_F1_V1.8.6/Middlewares/Third_Party/FreeRTOS/Source/CMSIS_RTOS -I/home/volkswagen2/STM32Cube/Repository/STM32Cube_FW_F1_V1.8.6/Middlewares/Third_Party/FreeRTOS/Source/portable/GCC/ARM_CM3 -I/home/volkswagen2/STM32Cube/Repository/STM32Cube_FW_F1_V1.8.6/Drivers/CMSIS/Device/ST/STM32F1xx/Include -I/home/volkswagen2/STM32Cube/Repository/STM32Cube_FW_F1_V1.8.6/Drivers/CMSIS/Include -O0 -ffunction-sections -fdata-sections -Wall -fstack-usage -fcyclomatic-complexity -MMD -MP -MF"Drivers/STM32F1xx_HAL_Driver/stm32f1xx_hal.d" -MT"Drivers/STM32F1xx_HAL_Driver/stm32f1xx_hal.o" --specs=nano.specs -mfloat-abi=soft -mthumb -o "Drivers/STM32F1xx_HAL_Driver/stm32f1xx_hal.o"
arm-none-eabi-gcc "/home/volkswagen2/STM32Cube/Repository/STM32Cube_FW_F1_V1.8.6/Drivers/STM32F1xx_HAL_Driver/Src/stm32f1xx_hal_can.c" -mcpu=cortex-m3 -std=gnu11 -g3 -DDEBUG -DUSE_HAL_DRIVER -DSTM32F103x6 -c -I../Core/Inc -I/home/volkswagen2/STM32Cube/Repository/STM32Cube_FW_F1_V1.8.6/Drivers/STM32F1xx_HAL_Driver/Inc -I/home/volkswagen2/STM32Cube/Repository/STM32Cube_FW_F1_V1.8.6/Drivers/STM32F1xx_HAL_Driver/Inc/Legacy -I/home/volkswagen2/STM32Cube/Repository/STM32Cube_FW_F1_V1.8.6/Middlewares/Third_Party/FreeRTOS/Source/include -I/home/volkswagen2/STM32Cube/Repository/STM32Cube_FW_F1_V1.8.6/Middlewares/Third_Party/FreeRTOS/Source/CMSIS_RTOS -I/home/volkswagen2/STM32Cube/Repository/STM32Cube_FW_F1_V1.8.6/Middlewares/Third_Party/FreeRTOS/Source/portable/GCC/ARM_CM3 -I/home/volkswagen2/STM32Cube/Repository/STM32Cube_FW_F1_V1.8.6/Drivers/CMSIS/Device/ST/STM32F1xx/Include -I/home/volkswagen2/STM32Cube/Repository/STM32Cube_FW_F1_V1.8.6/Drivers/CMSIS/Include -O0 -ffunction-sections -fdata-sections -Wall -fstack-usage -fcyclomatic-complexity -MMD -MP -MF"Drivers/STM32F1xx_HAL_Driver/stm32f1xx_hal_can.d" -MT"Drivers/STM32F1xx_HAL_Driver/stm32f1xx_hal_can.o" --specs=nano.specs -mfloat-abi=soft -mthumb -o "Drivers/STM32F1xx_HAL_Driver/stm32f1xx_hal_can.o"
arm-none-eabi-gcc "/home/volkswagen2/STM32Cube/Repository/STM32Cube_FW_F1_V1.8.6/Drivers/STM32F1xx_HAL_Driver/Src/stm32f1xx_hal_cortex.c" -mcpu=cortex-m3 -std=gnu11 -g3 -DDEBUG -DUSE_HAL_DRIVER -DSTM32F103x6 -c -I../Core/Inc -I/home/volkswagen2/STM32Cube/Repository/STM32Cube_FW_F1_V1.8.6/Drivers/STM32F1xx_HAL_Driver/Inc -I/home/volkswagen2/STM32Cube/Repository/STM32Cube_FW_F1_V1.8.6/Drivers/STM32F1xx_HAL_Driver/Inc/Legacy -I/home/volkswagen2/STM32Cube/Repository/STM32Cube_FW_F1_V1.8.6/Middlewares/Third_Party/FreeRTOS/Source/include -I/home/volkswagen2/STM32Cube/Repository/STM32Cube_FW_F1_V1.8.6/Middlewares/Third_Party/FreeRTOS/Source/CMSIS_RTOS -I/home/volkswagen2/STM32Cube/Repository/STM32Cube_FW_F1_V1.8.6/Middlewares/Third_Party/FreeRTOS/Source/portable/GCC/ARM_CM3 -I/home/volkswagen2/STM32Cube/Repository/STM32Cube_FW_F1_V1.8.6/Drivers/CMSIS/Device/ST/STM32F1xx/Include -I/home/volkswagen2/STM32Cube/Repository/STM32Cube_FW_F1_V1.8.6/Drivers/CMSIS/Include -O0 -ffunction-sections -fdata-sections -Wall -fstack-usage -fcyclomatic-complexity -MMD -MP -MF"Drivers/STM32F1xx_HAL_Driver/stm32f1xx_hal_cortex.d" -MT"Drivers/STM32F1xx_HAL_Driver/stm32f1xx_hal_cortex.o" --specs=nano.specs -mfloat-abi=soft -mthumb -o "Drivers/STM32F1xx_HAL_Driver/stm32f1xx_hal_cortex.o"
arm-none-eabi-gcc "/home/volkswagen2/STM32Cube/Repository/STM32Cube_FW_F1_V1.8.6/Drivers/STM32F1xx_HAL_Driver/Src/stm32f1xx_hal_dma.c" -mcpu=cortex-m3 -std=gnu11 -g3 -DDEBUG -DUSE_HAL_DRIVER -DSTM32F103x6 -c -I../Core/Inc -I/home/volkswagen2/STM32Cube/Repository/STM32Cube_FW_F1_V1.8.6/Drivers/STM32F1xx_HAL_Driver/Inc -I/home/volkswagen2/STM32Cube/Repository/STM32Cube_FW_F1_V1.8.6/Drivers/STM32F1xx_HAL_Driver/Inc/Legacy -I/home/volkswagen2/STM32Cube/Repository/STM32Cube_FW_F1_V1.8.6/Middlewares/Third_Party/FreeRTOS/Source/include -I/home/volkswagen2/STM32Cube/Repository/STM32Cube_FW_F1_V1.8.6/Middlewares/Third_Party/FreeRTOS/Source/CMSIS_RTOS -I/home/volkswagen2/STM32Cube/Repository/STM32Cube_FW_F1_V1.8.6/Middlewares/Third_Party/FreeRTOS/Source/portable/GCC/ARM_CM3 -I/home/volkswagen2/STM32Cube/Repository/STM32Cube_FW_F1_V1.8.6/Drivers/CMSIS/Device/ST/STM32F1xx/Include -I/home/volkswagen2/STM32Cube/Repository/STM32Cube_FW_F1_V1.8.6/Drivers/CMSIS/Include -O0 -ffunction-sections -fdata-sections -Wall -fstack-usage -fcyclomatic-complexity -MMD -MP -MF"Drivers/STM32F1xx_HAL_Driver/stm32f1xx_hal_dma.d" -MT"Drivers/STM32F1xx_HAL_Driver/stm32f1xx_hal_dma.o" --specs=nano.specs -mfloat-abi=soft -mthumb -o "Drivers/STM32F1xx_HAL_Driver/stm32f1xx_hal_dma.o"
arm-none-eabi-gcc "/home/volkswagen2/STM32Cube/Repository/STM32Cube_FW_F1_V1.8.6/Drivers/STM32F1xx_HAL_Driver/Src/stm32f1xx_hal_exti.c" -mcpu=cortex-m3 -std=gnu11 -g3 -DDEBUG -DUSE_HAL_DRIVER -DSTM32F103x6 -c -I../Core/Inc -I/home/volkswagen2/STM32Cube/Repository/STM32Cube_FW_F1_V1.8.6/Drivers/STM32F1xx_HAL_Driver/Inc -I/home/volkswagen2/STM32Cube/Repository/STM32Cube_FW_F1_V1.8.6/Drivers/STM32F1xx_HAL_Driver/Inc/Legacy -I/home/volkswagen2/STM32Cube/Repository/STM32Cube_FW_F1_V1.8.6/Middlewares/Third_Party/FreeRTOS/Source/include -I/home/volkswagen2/STM32Cube/Repository/STM32Cube_FW_F1_V1.8.6/Middlewares/Third_Party/FreeRTOS/Source/CMSIS_RTOS -I/home/volkswagen2/STM32Cube/Repository/STM32Cube_FW_F1_V1.8.6/Middlewares/Third_Party/FreeRTOS/Source/portable/GCC/ARM_CM3 -I/home/volkswagen2/STM32Cube/Repository/STM32Cube_FW_F1_V1.8.6/Drivers/CMSIS/Device/ST/STM32F1xx/Include -I/home/volkswagen2/STM32Cube/Repository/STM32Cube_FW_F1_V1.8.6/Drivers/CMSIS/Include -O0 -ffunction-sections -fdata-sections -Wall -fstack-usage -fcyclomatic-complexity -MMD -MP -MF"Drivers/STM32F1xx_HAL_Driver/stm32f1xx_hal_exti.d" -MT"Drivers/STM32F1xx_HAL_Driver/stm32f1xx_hal_exti.o" --specs=nano.specs -mfloat-abi=soft -mthumb -o "Drivers/STM32F1xx_HAL_Driver/stm32f1xx_hal_exti.o"
arm-none-eabi-gcc "/home/volkswagen2/STM32Cube/Repository/STM32Cube_FW_F1_V1.8.6/Drivers/STM32F1xx_HAL_Driver/Src/stm32f1xx_hal_flash.c" -mcpu=cortex-m3 -std=gnu11 -g3 -DDEBUG -DUSE_HAL_DRIVER -DSTM32F103x6 -c -I../Core/Inc -I/home/volkswagen2/STM32Cube/Repository/STM32Cube_FW_F1_V1.8.6/Drivers/STM32F1xx_HAL_Driver/Inc -I/home/volkswagen2/STM32Cube/Repository/STM32Cube_FW_F1_V1.8.6/Drivers/STM32F1xx_HAL_Driver/Inc/Legacy -I/home/volkswagen2/STM32Cube/Repository/STM32Cube_FW_F1_V1.8.6/Middlewares/Third_Party/FreeRTOS/Source/include -I/home/volkswagen2/STM32Cube/Repository/STM32Cube_FW_F1_V1.8.6/Middlewares/Third_Party/FreeRTOS/Source/CMSIS_RTOS -I/home/volkswagen2/STM32Cube/Repository/STM32Cube_FW_F1_V1.8.6/Middlewares/Third_Party/FreeRTOS/Source/portable/GCC/ARM_CM3 -I/home/volkswagen2/STM32Cube/Repository/STM32Cube_FW_F1_V1.8.6/Drivers/CMSIS/Device/ST/STM32F1xx/Include -I/home/volkswagen2/STM32Cube/Repository/STM32Cube_FW_F1_V1.8.6/Drivers/CMSIS/Include -O0 -ffunction-sections -fdata-sections -Wall -fstack-usage -fcyclomatic-complexity -MMD -MP -MF"Drivers/STM32F1xx_HAL_Driver/stm32f1xx_hal_flash.d" -MT"Drivers/STM32F1xx_HAL_Driver/stm32f1xx_hal_flash.o" --specs=nano.specs -mfloat-abi=soft -mthumb -o "Drivers/STM32F1xx_HAL_Driver/stm32f1xx_hal_flash.o"
arm-none-eabi-gcc "/home/volkswagen2/STM32Cube/Repository/STM32Cube_FW_F1_V1.8.6/Drivers/STM32F1xx_HAL_Driver/Src/stm32f1xx_hal_flash_ex.c" -mcpu=cortex-m3 -std=gnu11 -g3 -DDEBUG -DUSE_HAL_DRIVER -DSTM32F103x6 -c -I../Core/Inc -I/home/volkswagen2/STM32Cube/Repository/STM32Cube_FW_F1_V1.8.6/Drivers/STM32F1xx_HAL_Driver/Inc -I/home/volkswagen2/STM32Cube/Repository/STM32Cube_FW_F1_V1.8.6/Drivers/STM32F1xx_HAL_Driver/Inc/Legacy -I/home/volkswagen2/STM32Cube/Repository/STM32Cube_FW_F1_V1.8.6/Middlewares/Third_Party/FreeRTOS/Source/include -I/home/volkswagen2/STM32Cube/Repository/STM32Cube_FW_F1_V1.8.6/Middlewares/Third_Party/FreeRTOS/Source/CMSIS_RTOS -I/home/volkswagen2/STM32Cube/Repository/STM32Cube_FW_F1_V1.8.6/Middlewares/Third_Party/FreeRTOS/Source/portable/GCC/ARM_CM3 -I/home/volkswagen2/STM32Cube/Repository/STM32Cube_FW_F1_V1.8.6/Drivers/CMSIS/Device/ST/STM32F1xx/Include -I/home/volkswagen2/STM32Cube/Repository/STM32Cube_FW_F1_V1.8.6/Drivers/CMSIS/Include -O0 -ffunction-sections -fdata-sections -Wall -fstack-usage -fcyclomatic-complexity -MMD -MP -MF"Drivers/STM32F1xx_HAL_Driver/stm32f1xx_hal_flash_ex.d" -MT"Drivers/STM32F1xx_HAL_Driver/stm32f1xx_hal_flash_ex.o" --specs=nano.specs -mfloat-abi=soft -mthumb -o "Drivers/STM32F1xx_HAL_Driver/stm32f1xx_hal_flash_ex.o"
arm-none-eabi-gcc "/home/volkswagen2/STM32Cube/Repository/STM32Cube_FW_F1_V1.8.6/Drivers/STM32F1xx_HAL_Driver/Src/stm32f1xx_hal_gpio.c" -mcpu=cortex-m3 -std=gnu11 -g3 -DDEBUG -DUSE_HAL_DRIVER -DSTM32F103x6 -c -I../Core/Inc -I/home/volkswagen2/STM32Cube/Repository/STM32Cube_FW_F1_V1.8.6/Drivers/STM32F1xx_HAL_Driver/Inc -I/home/volkswagen2/STM32Cube/Repository/STM32Cube_FW_F1_V1.8.6/Drivers/STM32F1xx_HAL_Driver/Inc/Legacy -I/home/volkswagen2/STM32Cube/Repository/STM32Cube_FW_F1_V1.8.6/Middlewares/Third_Party/FreeRTOS/Source/include -I/home/volkswagen2/STM32Cube/Repository/STM32Cube_FW_F1_V1.8.6/Middlewares/Third_Party/FreeRTOS/Source/CMSIS_RTOS -I/home/volkswagen2/STM32Cube/Repository/STM32Cube_FW_F1_V1.8.6/Middlewares/Third_Party/FreeRTOS/Source/portable/GCC/ARM_CM3 -I/home/volkswagen2/STM32Cube/Repository/STM32Cube_FW_F1_V1.8.6/Drivers/CMSIS/Device/ST/STM32F1xx/Include -I/home/volkswagen2/STM32Cube/Repository/STM32Cube_FW_F1_V1.8.6/Drivers/CMSIS/Include -O0 -ffunction-sections -fdata-sections -Wall -fstack-usage -fcyclomatic-complexity -MMD -MP -MF"Drivers/STM32F1xx_HAL_Driver/stm32f1xx_hal_gpio.d" -MT"Drivers/STM32F1xx_HAL_Driver/stm32f1xx_hal_gpio.o" --specs=nano.specs -mfloat-abi=soft -mthumb -o "Drivers/STM32F1xx_HAL_Driver/stm32f1xx_hal_gpio.o"
arm-none-eabi-gcc "/home/volkswagen2/STM32Cube/Repository/STM32Cube_FW_F1_V1.8.6/Drivers/STM32F1xx_HAL_Driver/Src/stm32f1xx_hal_gpio_ex.c" -mcpu=cortex-m3 -std=gnu11 -g3 -DDEBUG -DUSE_HAL_DRIVER -DSTM32F103x6 -c -I../Core/Inc -I/home/volkswagen2/STM32Cube/Repository/STM32Cube_FW_F1_V1.8.6/Drivers/STM32F1xx_HAL_Driver/Inc -I/home/volkswagen2/STM32Cube/Repository/STM32Cube_FW_F1_V1.8.6/Drivers/STM32F1xx_HAL_Driver/Inc/Legacy -I/home/volkswagen2/STM32Cube/Repository/STM32Cube_FW_F1_V1.8.6/Middlewares/Third_Party/FreeRTOS/Source/include -I/home/volkswagen2/STM32Cube/Repository/STM32Cube_FW_F1_V1.8.6/Middlewares/Third_Party/FreeRTOS/Source/CMSIS_RTOS -I/home/volkswagen2/STM32Cube/Repository/STM32Cube_FW_F1_V1.8.6/Middlewares/Third_Party/FreeRTOS/Source/portable/GCC/ARM_CM3 -I/home/volkswagen2/STM32Cube/Repository/STM32Cube_FW_F1_V1.8.6/Drivers/CMSIS/Device/ST/STM32F1xx/Include -I/home/volkswagen2/STM32Cube/Repository/STM32Cube_FW_F1_V1.8.6/Drivers/CMSIS/Include -O0 -ffunction-sections -fdata-sections -Wall -fstack-usage -fcyclomatic-complexity -MMD -MP -MF"Drivers/STM32F1xx_HAL_Driver/stm32f1xx_hal_gpio_ex.d" -MT"Drivers/STM32F1xx_HAL_Driver/stm32f1xx_hal_gpio_ex.o" --specs=nano.specs -mfloat-abi=soft -mthumb -o "Drivers/STM32F1xx_HAL_Driver/stm32f1xx_hal_gpio_ex.o"
arm-none-eabi-gcc "/home/volkswagen2/STM32Cube/Repository/STM32Cube_FW_F1_V1.8.6/Drivers/STM32F1xx_HAL_Driver/Src/stm32f1xx_hal_pwr.c" -mcpu=cortex-m3 -std=gnu11 -g3 -DDEBUG -DUSE_HAL_DRIVER -DSTM32F103x6 -c -I../Core/Inc -I/home/volkswagen2/STM32Cube/Repository/STM32Cube_FW_F1_V1.8.6/Drivers/STM32F1xx_HAL_Driver/Inc -I/home/volkswagen2/STM32Cube/Repository/STM32Cube_FW_F1_V1.8.6/Drivers/STM32F1xx_HAL_Driver/Inc/Legacy -I/home/volkswagen2/STM32Cube/Repository/STM32Cube_FW_F1_V1.8.6/Middlewares/Third_Party/FreeRTOS/Source/include -I/home/volkswagen2/STM32Cube/Repository/STM32Cube_FW_F1_V1.8.6/Middlewares/Third_Party/FreeRTOS/Source/CMSIS_RTOS -I/home/volkswagen2/STM32Cube/Repository/STM32Cube_FW_F1_V1.8.6/Middlewares/Third_Party/FreeRTOS/Source/portable/GCC/ARM_CM3 -I/home/volkswagen2/STM32Cube/Repository/STM32Cube_FW_F1_V1.8.6/Drivers/CMSIS/Device/ST/STM32F1xx/Include -I/home/volkswagen2/STM32Cube/Repository/STM32Cube_FW_F1_V1.8.6/Drivers/CMSIS/Include -O0 -ffunction-sections -fdata-sections -Wall -fstack-usage -fcyclomatic-complexity -MMD -MP -MF"Drivers/STM32F1xx_HAL_Driver/stm32f1xx_hal_pwr.d" -MT"Drivers/STM32F1xx_HAL_Driver/stm32f1xx_hal_pwr.o" --specs=nano.specs -mfloat-abi=soft -mthumb -o "Drivers/STM32F1xx_HAL_Driver/stm32f1xx_hal_pwr.o"
arm-none-eabi-gcc "/home/volkswagen2/STM32Cube/Repository/STM32Cube_FW_F1_V1.8.6/Drivers/STM32F1xx_HAL_Driver/Src/stm32f1xx_hal_rcc.c" -mcpu=cortex-m3 -std=gnu11 -g3 -DDEBUG -DUSE_HAL_DRIVER -DSTM32F103x6 -c -I../Core/Inc -I/home/volkswagen2/STM32Cube/Repository/STM32Cube_FW_F1_V1.8.6/Drivers/STM32F1xx_HAL_Driver/Inc -I/home/volkswagen2/STM32Cube/Repository/STM32Cube_FW_F1_V1.8.6/Drivers/STM32F1xx_HAL_Driver/Inc/Legacy -I/home/volkswagen2/STM32Cube/Repository/STM32Cube_FW_F1_V1.8.6/Middlewares/Third_Party/FreeRTOS/Source/include -I/home/volkswagen2/STM32Cube/Repository/STM32Cube_FW_F1_V1.8.6/Middlewares/Third_Party/FreeRTOS/Source/CMSIS_RTOS -I/home/volkswagen2/STM32Cube/Repository/STM32Cube_FW_F1_V1.8.6/Middlewares/Third_Party/FreeRTOS/Source/portable/GCC/ARM_CM3 -I/home/volkswagen2/STM32Cube/Repository/STM32Cube_FW_F1_V1.8.6/Drivers/CMSIS/Device/ST/STM32F1xx/Include -I/home/volkswagen2/STM32Cube/Repository/STM32Cube_FW_F1_V1.8.6/Drivers/CMSIS/Include -O0 -ffunction-sections -fdata-sections -Wall -fstack-usage -fcyclomatic-complexity -MMD -MP -MF"Drivers/STM32F1xx_HAL_Driver/stm32f1xx_hal_rcc.d" -MT"Drivers/STM32F1xx_HAL_Driver/stm32f1xx_hal_rcc.o" --specs=nano.specs -mfloat-abi=soft -mthumb -o "Drivers/STM32F1xx_HAL_Driver/stm32f1xx_hal_rcc.o"
arm-none-eabi-gcc "/home/volkswagen2/STM32Cube/Repository/STM32Cube_FW_F1_V1.8.6/Drivers/STM32F1xx_HAL_Driver/Src/stm32f1xx_hal_rcc_ex.c" -mcpu=cortex-m3 -std=gnu11 -g3 -DDEBUG -DUSE_HAL_DRIVER -DSTM32F103x6 -c -I../Core/Inc -I/home/volkswagen2/STM32Cube/Repository/STM32Cube_FW_F1_V1.8.6/Drivers/STM32F1xx_HAL_Driver/Inc -I/home/volkswagen2/STM32Cube/Repository/STM32Cube_FW_F1_V1.8.6/Drivers/STM32F1xx_HAL_Driver/Inc/Legacy -I/home/volkswagen2/STM32Cube/Repository/STM32Cube_FW_F1_V1.8.6/Middlewares/Third_Party/FreeRTOS/Source/include -I/home/volkswagen2/STM32Cube/Repository/STM32Cube_FW_F1_V1.8.6/Middlewares/Third_Party/FreeRTOS/Source/CMSIS_RTOS -I/home/volkswagen2/STM32Cube/Repository/STM32Cube_FW_F1_V1.8.6/Middlewares/Third_Party/FreeRTOS/Source/portable/GCC/ARM_CM3 -I/home/volkswagen2/STM32Cube/Repository/STM32Cube_FW_F1_V1.8.6/Drivers/CMSIS/Device/ST/STM32F1xx/Include -I/home/volkswagen2/STM32Cube/Repository/STM32Cube_FW_F1_V1.8.6/Drivers/CMSIS/Include -O0 -ffunction-sections -fdata-sections -Wall -fstack-usage -fcyclomatic-complexity -MMD -MP -MF"Drivers/STM32F1xx_HAL_Driver/stm32f1xx_hal_rcc_ex.d" -MT"Drivers/STM32F1xx_HAL_Driver/stm32f1xx_hal_rcc_ex.o" --specs=nano.specs -mfloat-abi=soft -mthumb -o "Drivers/STM32F1xx_HAL_Driver/stm32f1xx_hal_rcc_ex.o"
arm-none-eabi-gcc "/home/volkswagen2/STM32Cube/Repository/STM32Cube_FW_F1_V1.8.6/Drivers/STM32F1xx_HAL_Driver/Src/stm32f1xx_hal_tim.c" -mcpu=cortex-m3 -std=gnu11 -g3 -DDEBUG -DUSE_HAL_DRIVER -DSTM32F103x6 -c -I../Core/Inc -I/home/volkswagen2/STM32Cube/Repository/STM32Cube_FW_F1_V1.8.6/Drivers/STM32F1xx_HAL_Driver/Inc -I/home/volkswagen2/STM32Cube/Repository/STM32Cube_FW_F1_V1.8.6/Drivers/STM32F1xx_HAL_Driver/Inc/Legacy -I/home/volkswagen2/STM32Cube/Repository/STM32Cube_FW_F1_V1.8.6/Middlewares/Third_Party/FreeRTOS/Source/include -I/home/volkswagen2/STM32Cube/Repository/STM32Cube_FW_F1_V1.8.6/Middlewares/Third_Party/FreeRTOS/Source/CMSIS_RTOS -I/home/volkswagen2/STM32Cube/Repository/STM32Cube_FW_F1_V1.8.6/Middlewares/Third_Party/FreeRTOS/Source/portable/GCC/ARM_CM3 -I/home/volkswagen2/STM32Cube/Repository/STM32Cube_FW_F1_V1.8.6/Drivers/CMSIS/Device/ST/STM32F1xx/Include -I/home/volkswagen2/STM32Cube/Repository/STM32Cube_FW_F1_V1.8.6/Drivers/CMSIS/Include -O0 -ffunction-sections -fdata-sections -Wall -fstack-usage -fcyclomatic-complexity -MMD -MP -MF"Drivers/STM32F1xx_HAL_Driver/stm32f1xx_hal_tim.d" -MT"Drivers/STM32F1xx_HAL_Driver/stm32f1xx_hal_tim.o" --specs=nano.specs -mfloat-abi=soft -mthumb -o "Drivers/STM32F1xx_HAL_Driver/stm32f1xx_hal_tim.o"
arm-none-eabi-gcc "/home/volkswagen2/STM32Cube/Repository/STM32Cube_FW_F1_V1.8.6/Drivers/STM32F1xx_HAL_Driver/Src/stm32f1xx_hal_tim_ex.c" -mcpu=cortex-m3 -std=gnu11 -g3 -DDEBUG -DUSE_HAL_DRIVER -DSTM32F103x6 -c -I../Core/Inc -I/home/volkswagen2/STM32Cube/Repository/STM32Cube_FW_F1_V1.8.6/Drivers/STM32F1xx_HAL_Driver/Inc -I/home/volkswagen2/STM32Cube/Repository/STM32Cube_FW_F1_V1.8.6/Drivers/STM32F1xx_HAL_Driver/Inc/Legacy -I/home/volkswagen2/STM32Cube/Repository/STM32Cube_FW_F1_V1.8.6/Middlewares/Third_Party/FreeRTOS/Source/include -I/home/volkswagen2/STM32Cube/Repository/STM32Cube_FW_F1_V1.8.6/Middlewares/Third_Party/FreeRTOS/Source/CMSIS_RTOS -I/home/volkswagen2/STM32Cube/Repository/STM32Cube_FW_F1_V1.8.6/Middlewares/Third_Party/FreeRTOS/Source/portable/GCC/ARM_CM3 -I/home/volkswagen2/STM32Cube/Repository/STM32Cube_FW_F1_V1.8.6/Drivers/CMSIS/Device/ST/STM32F1xx/Include -I/home/volkswagen2/STM32Cube/Repository/STM32Cube_FW_F1_V1.8.6/Drivers/CMSIS/Include -O0 -ffunction-sections -fdata-sections -Wall -fstack-usage -fcyclomatic-complexity -MMD -MP -MF"Drivers/STM32F1xx_HAL_Driver/stm32f1xx_hal_tim_ex.d" -MT"Drivers/STM32F1xx_HAL_Driver/stm32f1xx_hal_tim_ex.o" --specs=nano.specs -mfloat-abi=soft -mthumb -o "Drivers/STM32F1xx_HAL_Driver/stm32f1xx_hal_tim_ex.o"
arm-none-eabi-gcc "/home/volkswagen2/STM32Cube/Repository/STM32Cube_FW_F1_V1.8.6/Drivers/STM32F1xx_HAL_Driver/Src/stm32f1xx_hal_uart.c" -mcpu=cortex-m3 -std=gnu11 -g3 -DDEBUG -DUSE_HAL_DRIVER -DSTM32F103x6 -c -I../Core/Inc -I/home/volkswagen2/STM32Cube/Repository/STM32Cube_FW_F1_V1.8.6/Drivers/STM32F1xx_HAL_Driver/Inc -I/home/volkswagen2/STM32Cube/Repository/STM32Cube_FW_F1_V1.8.6/Drivers/STM32F1xx_HAL_Driver/Inc/Legacy -I/home/volkswagen2/STM32Cube/Repository/STM32Cube_FW_F1_V1.8.6/Middlewares/Third_Party/FreeRTOS/Source/include -I/home/volkswagen2/STM32Cube/Repository/STM32Cube_FW_F1_V1.8.6/Middlewares/Third_Party/FreeRTOS/Source/CMSIS_RTOS -I/home/volkswagen2/STM32Cube/Repository/STM32Cube_FW_F1_V1.8.6/Middlewares/Third_Party/FreeRTOS/Source/portable/GCC/ARM_CM3 -I/home/volkswagen2/STM32Cube/Repository/STM32Cube_FW_F1_V1.8.6/Drivers/CMSIS/Device/ST/STM32F1xx/Include -I/home/volkswagen2/STM32Cube/Repository/STM32Cube_FW_F1_V1.8.6/Drivers/CMSIS/Include -O0 -ffunction-sections -fdata-sections -Wall -fstack-usage -fcyclomatic-complexity -MMD -MP -MF"Drivers/STM32F1xx_HAL_Driver/stm32f1xx_hal_uart.d" -MT"Drivers/STM32F1xx_HAL_Driver/stm32f1xx_hal_uart.o" --specs=nano.specs -mfloat-abi=soft -mthumb -o "Drivers/STM32F1xx_HAL_Driver/stm32f1xx_hal_uart.o"
arm-none-eabi-gcc -mcpu=cortex-m3 -g3 -DDEBUG -c -x assembler-with-cpp -MMD -MP -MF"Core/Startup/startup_stm32f103c6tx.d" -MT"Core/Startup/startup_stm32f103c6tx.o" --specs=nano.specs -mfloat-abi=soft -mthumb -o "Core/Startup/startup_stm32f103c6tx.o" "../Core/Startup/startup_stm32f103c6tx.s"
arm-none-eabi-gcc "../Core/Src/TaskAppCAN.c" -mcpu=cortex-m3 -std=gnu11 -g3 -DDEBUG -DUSE_HAL_DRIVER -DSTM32F103x6 -c -I../Core/Inc -I/home/volkswagen2/STM32Cube/Repository/STM32Cube_FW_F1_V1.8.6/Drivers/STM32F1xx_HAL_Driver/Inc -I/home/volkswagen2/STM32Cube/Repository/STM32Cube_FW_F1_V1.8.6/Drivers/STM32F1xx_HAL_Driver/Inc/Legacy -I/home/volkswagen2/STM32Cube/Repository/STM32Cube_FW_F1_V1.8.6/Middlewares/Third_Party/FreeRTOS/Source/include -I/home/volkswagen2/STM32Cube/Repository/STM32Cube_FW_F1_V1.8.6/Middlewares/Third_Party/FreeRTOS/Source/CMSIS_RTOS -I/home/volkswagen2/STM32Cube/Repository/STM32Cube_FW_F1_V1.8.6/Middlewares/Third_Party/FreeRTOS/Source/portable/GCC/ARM_CM3 -I/home/volkswagen2/STM32Cube/Repository/STM32Cube_FW_F1_V1.8.6/Drivers/CMSIS/Device/ST/STM32F1xx/Include -I/home/volkswagen2/STM32Cube/Repository/STM32Cube_FW_F1_V1.8.6/Drivers/CMSIS/Include -O0 -ffunction-sections -fdata-sections -Wall -fstack-usage -fcyclomatic-complexity -MMD -MP -MF"Core/Src/TaskAppCAN.d" -MT"Core/Src/TaskAppCAN.o" --specs=nano.specs -mfloat-abi=soft -mthumb -o "Core/Src/TaskAppCAN.o"
arm-none-eabi-gcc "../Core/Src/TaskAppSerial.c" -mcpu=cortex-m3 -std=gnu11 -g3 -DDEBUG -DUSE_HAL_DRIVER -DSTM32F103x6 -c -I../Core/Inc -I/home/volkswagen2/STM32Cube/Repository/STM32Cube_FW_F1_V1.8.6/Drivers/STM32F1xx_HAL_Driver/Inc -I/home/volkswagen2/STM32Cube/Repository/STM32Cube_FW_F1_V1.8.6/Drivers/STM32F1xx_HAL_Driver/Inc/Legacy -I/home/volkswagen2/STM32Cube/Repository/STM32Cube_FW_F1_V1.8.6/Middlewares/Third_Party/FreeRTOS/Source/include -I/home/volkswagen2/STM32Cube/Repository/STM32Cube_FW_F1_V1.8.6/Middlewares/Third_Party/FreeRTOS/Source/CMSIS_RTOS -I/home/volkswagen2/STM32Cube/Repository/STM32Cube_FW_F1_V1.8.6/Middlewares/Third_Party/FreeRTOS/Source/portable/GCC/ARM_CM3 -I/home/volkswagen2/STM32Cube/Repository/STM32Cube_FW_F1_V1.8.6/Drivers/CMSIS/Device/ST/STM32F1xx/Include -I/home/volkswagen2/STM32Cube/Repository/STM32Cube_FW_F1_V1.8.6/Drivers/CMSIS/Include -O0 -ffunction-sections -fdata-sections -Wall -fstack-usage -fcyclomatic-complexity -MMD -MP -MF"Core/Src/TaskAppSerial.d" -MT"Core/Src/TaskAppSerial.o" --specs=nano.specs -mfloat-abi=soft -mthumb -o "Core/Src/TaskAppSerial.o"
arm-none-eabi-gcc "../Core/Src/TaskIO.c" -mcpu=cortex-m3 -std=gnu11 -g3 -DDEBUG -DUSE_HAL_DRIVER -DSTM32F103x6 -c -I../Core/Inc -I/home/volkswagen2/STM32Cube/Repository/STM32Cube_FW_F1_V1.8.6/Drivers/STM32F1xx_HAL_Driver/Inc -I/home/volkswagen2/STM32Cube/Repository/STM32Cube_FW_F1_V1.8.6/Drivers/STM32F1xx_HAL_Driver/Inc/Legacy -I/home/volkswagen2/STM32Cube/Repository/STM32Cube_FW_F1_V1.8.6/Middlewares/Third_Party/FreeRTOS/Source/include -I/home/volkswagen2/STM32Cube/Repository/STM32Cube_FW_F1_V1.8.6/Middlewares/Third_Party/FreeRTOS/Source/CMSIS_RTOS -I/home/volkswagen2/STM32Cube/Repository/STM32Cube_FW_F1_V1.8.6/Middlewares/Third_Party/FreeRTOS/Source/portable/GCC/ARM_CM3 -I/home/volkswagen2/STM32Cube/Repository/STM32Cube_FW_F1_V1.8.6/Drivers/CMSIS/Device/ST/STM32F1xx/Include -I/home/volkswagen2/STM32Cube/Repository/STM32Cube_FW_F1_V1.8.6/Drivers/CMSIS/Include -O0 -ffunction-sections -fdata-sections -Wall -fstack-usage -fcyclomatic-complexity -MMD -MP -MF"Core/Src/TaskIO.d" -MT"Core/Src/TaskIO.o" --specs=nano.specs -mfloat-abi=soft -mthumb -o "Core/Src/TaskIO.o"
../Core/Src/TaskAppSerial.c: In function 'TaskAppSerial_getTxBuffer':
../Core/Src/TaskAppSerial.c:51:1: warning: control reaches end of non-void function [-Wreturn-type]
   51 | }
      | ^
../Core/Src/TaskAppCAN.c: In function 'TaskAppCAN_ReceiveEvent':
../Core/Src/TaskAppCAN.c:100:44: warning: format '%X' expects argument of type 'unsigned int', but argument 3 has type 'long unsigned int' [-Wformat=]
  100 |     sprintf((char*)&u8SerialTxBuffer[0],"%8X    ",(uint32_t)pstFrameCAN->u32DID);
      |                                          ~~^      ~~~~~~~~~~~~~~~~~~~~~~~~~~~~~
      |                                            |      |
      |                                            |      long unsigned int
      |                                            unsigned int
      |                                          %8lX
../Core/Src/TaskAppCAN.c: At top level:
../Core/Src/TaskAppCAN.c:214:16: warning: 'u8TogglePin' defined but not used [-Wunused-variable]
  214 | static uint8_t u8TogglePin = 0;
      |                ^~~~~~~~~~~
../Core/Src/TaskAppCAN.c:33:17: warning: 'u16TimeToSleep' defined but not used [-Wunused-variable]
   33 | static uint16_t u16TimeToSleep = 0;
      |                 ^~~~~~~~~~~~~~
../Core/Src/TaskAppCAN.c:30:17: warning: 'u32TxMailbox' defined but not used [-Wunused-variable]
   30 | static uint32_t u32TxMailbox = 0xFFFFFFFF;
      |                 ^~~~~~~~~~~~
../Core/Src/TaskAppCAN.c:29:17: warning: 'u16TimeSlice' defined but not used [-Wunused-variable]
   29 | static uint16_t u16TimeSlice = 0;
      |                 ^~~~~~~~~~~~
../Core/Src/TaskAppCAN.c:28:20: warning: 'stFrameTxCAN' defined but not used [-Wunused-variable]
   28 | static tstFrameCAN stFrameTxCAN[8];
      |                    ^~~~~~~~~~~~
../Core/Src/TaskAppCAN.c:27:20: warning: 'stFrameRxCAN' defined but not used [-Wunused-variable]
   27 | static tstFrameCAN stFrameRxCAN[8];
      |                    ^~~~~~~~~~~~
../Core/Src/TaskAppCAN.c:26:16: warning: 'u8FifoTxCAN' defined but not used [-Wunused-variable]
   26 | static uint8_t u8FifoTxCAN = 0;
      |                ^~~~~~~~~~~
../Core/Src/TaskAppCAN.c:25:16: warning: 'u8FifoRxCAN' defined but not used [-Wunused-variable]
   25 | static uint8_t u8FifoRxCAN = 0;
      |                ^~~~~~~~~~~
../Core/Src/TaskAppCAN.c:17:28: warning: 'pTxHeader' defined but not used [-Wunused-variable]
   17 | static CAN_TxHeaderTypeDef pTxHeader;
      |                            ^~~~~~~~~
../Core/Src/TaskAppCAN.c:16:28: warning: 'pRxHeader' defined but not used [-Wunused-variable]
   16 | static CAN_RxHeaderTypeDef pRxHeader;
      |                            ^~~~~~~~~
arm-none-eabi-gcc "../Core/Src/can.c" -mcpu=cortex-m3 -std=gnu11 -g3 -DDEBUG -DUSE_HAL_DRIVER -DSTM32F103x6 -c -I../Core/Inc -I/home/volkswagen2/STM32Cube/Repository/STM32Cube_FW_F1_V1.8.6/Drivers/STM32F1xx_HAL_Driver/Inc -I/home/volkswagen2/STM32Cube/Repository/STM32Cube_FW_F1_V1.8.6/Drivers/STM32F1xx_HAL_Driver/Inc/Legacy -I/home/volkswagen2/STM32Cube/Repository/STM32Cube_FW_F1_V1.8.6/Middlewares/Third_Party/FreeRTOS/Source/include -I/home/volkswagen2/STM32Cube/Repository/STM32Cube_FW_F1_V1.8.6/Middlewares/Third_Party/FreeRTOS/Source/CMSIS_RTOS -I/home/volkswagen2/STM32Cube/Repository/STM32Cube_FW_F1_V1.8.6/Middlewares/Third_Party/FreeRTOS/Source/portable/GCC/ARM_CM3 -I/home/volkswagen2/STM32Cube/Repository/STM32Cube_FW_F1_V1.8.6/Drivers/CMSIS/Device/ST/STM32F1xx/Include -I/home/volkswagen2/STM32Cube/Repository/STM32Cube_FW_F1_V1.8.6/Drivers/CMSIS/Include -O0 -ffunction-sections -fdata-sections -Wall -fstack-usage -fcyclomatic-complexity -MMD -MP -MF"Core/Src/can.d" -MT"Core/Src/can.o" --specs=nano.specs -mfloat-abi=soft -mthumb -o "Core/Src/can.o"
arm-none-eabi-gcc "../Core/Src/freertos.c" -mcpu=cortex-m3 -std=gnu11 -g3 -DDEBUG -DUSE_HAL_DRIVER -DSTM32F103x6 -c -I../Core/Inc -I/home/volkswagen2/STM32Cube/Repository/STM32Cube_FW_F1_V1.8.6/Drivers/STM32F1xx_HAL_Driver/Inc -I/home/volkswagen2/STM32Cube/Repository/STM32Cube_FW_F1_V1.8.6/Drivers/STM32F1xx_HAL_Driver/Inc/Legacy -I/home/volkswagen2/STM32Cube/Repository/STM32Cube_FW_F1_V1.8.6/Middlewares/Third_Party/FreeRTOS/Source/include -I/home/volkswagen2/STM32Cube/Repository/STM32Cube_FW_F1_V1.8.6/Middlewares/Third_Party/FreeRTOS/Source/CMSIS_RTOS -I/home/volkswagen2/STM32Cube/Repository/STM32Cube_FW_F1_V1.8.6/Middlewares/Third_Party/FreeRTOS/Source/portable/GCC/ARM_CM3 -I/home/volkswagen2/STM32Cube/Repository/STM32Cube_FW_F1_V1.8.6/Drivers/CMSIS/Device/ST/STM32F1xx/Include -I/home/volkswagen2/STM32Cube/Repository/STM32Cube_FW_F1_V1.8.6/Drivers/CMSIS/Include -O0 -ffunction-sections -fdata-sections -Wall -fstack-usage -fcyclomatic-complexity -MMD -MP -MF"Core/Src/freertos.d" -MT"Core/Src/freertos.o" --specs=nano.specs -mfloat-abi=soft -mthumb -o "Core/Src/freertos.o"
arm-none-eabi-gcc "../Core/Src/gpio.c" -mcpu=cortex-m3 -std=gnu11 -g3 -DDEBUG -DUSE_HAL_DRIVER -DSTM32F103x6 -c -I../Core/Inc -I/home/volkswagen2/STM32Cube/Repository/STM32Cube_FW_F1_V1.8.6/Drivers/STM32F1xx_HAL_Driver/Inc -I/home/volkswagen2/STM32Cube/Repository/STM32Cube_FW_F1_V1.8.6/Drivers/STM32F1xx_HAL_Driver/Inc/Legacy -I/home/volkswagen2/STM32Cube/Repository/STM32Cube_FW_F1_V1.8.6/Middlewares/Third_Party/FreeRTOS/Source/include -I/home/volkswagen2/STM32Cube/Repository/STM32Cube_FW_F1_V1.8.6/Middlewares/Third_Party/FreeRTOS/Source/CMSIS_RTOS -I/home/volkswagen2/STM32Cube/Repository/STM32Cube_FW_F1_V1.8.6/Middlewares/Third_Party/FreeRTOS/Source/portable/GCC/ARM_CM3 -I/home/volkswagen2/STM32Cube/Repository/STM32Cube_FW_F1_V1.8.6/Drivers/CMSIS/Device/ST/STM32F1xx/Include -I/home/volkswagen2/STM32Cube/Repository/STM32Cube_FW_F1_V1.8.6/Drivers/CMSIS/Include -O0 -ffunction-sections -fdata-sections -Wall -fstack-usage -fcyclomatic-complexity -MMD -MP -MF"Core/Src/gpio.d" -MT"Core/Src/gpio.o" --specs=nano.specs -mfloat-abi=soft -mthumb -o "Core/Src/gpio.o"
arm-none-eabi-gcc "../Core/Src/main.c" -mcpu=cortex-m3 -std=gnu11 -g3 -DDEBUG -DUSE_HAL_DRIVER -DSTM32F103x6 -c -I../Core/Inc -I/home/volkswagen2/STM32Cube/Repository/STM32Cube_FW_F1_V1.8.6/Drivers/STM32F1xx_HAL_Driver/Inc -I/home/volkswagen2/STM32Cube/Repository/STM32Cube_FW_F1_V1.8.6/Drivers/STM32F1xx_HAL_Driver/Inc/Legacy -I/home/volkswagen2/STM32Cube/Repository/STM32Cube_FW_F1_V1.8.6/Middlewares/Third_Party/FreeRTOS/Source/include -I/home/volkswagen2/STM32Cube/Repository/STM32Cube_FW_F1_V1.8.6/Middlewares/Third_Party/FreeRTOS/Source/CMSIS_RTOS -I/home/volkswagen2/STM32Cube/Repository/STM32Cube_FW_F1_V1.8.6/Middlewares/Third_Party/FreeRTOS/Source/portable/GCC/ARM_CM3 -I/home/volkswagen2/STM32Cube/Repository/STM32Cube_FW_F1_V1.8.6/Drivers/CMSIS/Device/ST/STM32F1xx/Include -I/home/volkswagen2/STM32Cube/Repository/STM32Cube_FW_F1_V1.8.6/Drivers/CMSIS/Include -O0 -ffunction-sections -fdata-sections -Wall -fstack-usage -fcyclomatic-complexity -MMD -MP -MF"Core/Src/main.d" -MT"Core/Src/main.o" --specs=nano.specs -mfloat-abi=soft -mthumb -o "Core/Src/main.o"
../Core/Src/can.c: In function 'HAL_CAN_RxFifo1MsgPendingCallback':
../Core/Src/can.c:159:26: warning: variable 'GPIO_InitStruct' set but not used [-Wunused-but-set-variable]
  159 |         GPIO_InitTypeDef GPIO_InitStruct = {0};
      |                          ^~~~~~~~~~~~~~~
arm-none-eabi-gcc "../Core/Src/state.c" -mcpu=cortex-m3 -std=gnu11 -g3 -DDEBUG -DUSE_HAL_DRIVER -DSTM32F103x6 -c -I../Core/Inc -I/home/volkswagen2/STM32Cube/Repository/STM32Cube_FW_F1_V1.8.6/Drivers/STM32F1xx_HAL_Driver/Inc -I/home/volkswagen2/STM32Cube/Repository/STM32Cube_FW_F1_V1.8.6/Drivers/STM32F1xx_HAL_Driver/Inc/Legacy -I/home/volkswagen2/STM32Cube/Repository/STM32Cube_FW_F1_V1.8.6/Middlewares/Third_Party/FreeRTOS/Source/include -I/home/volkswagen2/STM32Cube/Repository/STM32Cube_FW_F1_V1.8.6/Middlewares/Third_Party/FreeRTOS/Source/CMSIS_RTOS -I/home/volkswagen2/STM32Cube/Repository/STM32Cube_FW_F1_V1.8.6/Middlewares/Third_Party/FreeRTOS/Source/portable/GCC/ARM_CM3 -I/home/volkswagen2/STM32Cube/Repository/STM32Cube_FW_F1_V1.8.6/Drivers/CMSIS/Device/ST/STM32F1xx/Include -I/home/volkswagen2/STM32Cube/Repository/STM32Cube_FW_F1_V1.8.6/Drivers/CMSIS/Include -O0 -ffunction-sections -fdata-sections -Wall -fstack-usage -fcyclomatic-complexity -MMD -MP -MF"Core/Src/state.d" -MT"Core/Src/state.o" --specs=nano.specs -mfloat-abi=soft -mthumb -o "Core/Src/state.o"
arm-none-eabi-gcc "../Core/Src/stm32f1xx_hal_msp.c" -mcpu=cortex-m3 -std=gnu11 -g3 -DDEBUG -DUSE_HAL_DRIVER -DSTM32F103x6 -c -I../Core/Inc -I/home/volkswagen2/STM32Cube/Repository/STM32Cube_FW_F1_V1.8.6/Drivers/STM32F1xx_HAL_Driver/Inc -I/home/volkswagen2/STM32Cube/Repository/STM32Cube_FW_F1_V1.8.6/Drivers/STM32F1xx_HAL_Driver/Inc/Legacy -I/home/volkswagen2/STM32Cube/Repository/STM32Cube_FW_F1_V1.8.6/Middlewares/Third_Party/FreeRTOS/Source/include -I/home/volkswagen2/STM32Cube/Repository/STM32Cube_FW_F1_V1.8.6/Middlewares/Third_Party/FreeRTOS/Source/CMSIS_RTOS -I/home/volkswagen2/STM32Cube/Repository/STM32Cube_FW_F1_V1.8.6/Middlewares/Third_Party/FreeRTOS/Source/portable/GCC/ARM_CM3 -I/home/volkswagen2/STM32Cube/Repository/STM32Cube_FW_F1_V1.8.6/Drivers/CMSIS/Device/ST/STM32F1xx/Include -I/home/volkswagen2/STM32Cube/Repository/STM32Cube_FW_F1_V1.8.6/Drivers/CMSIS/Include -O0 -ffunction-sections -fdata-sections -Wall -fstack-usage -fcyclomatic-complexity -MMD -MP -MF"Core/Src/stm32f1xx_hal_msp.d" -MT"Core/Src/stm32f1xx_hal_msp.o" --specs=nano.specs -mfloat-abi=soft -mthumb -o "Core/Src/stm32f1xx_hal_msp.o"
arm-none-eabi-gcc "../Core/Src/stm32f1xx_hal_timebase_tim.c" -mcpu=cortex-m3 -std=gnu11 -g3 -DDEBUG -DUSE_HAL_DRIVER -DSTM32F103x6 -c -I../Core/Inc -I/home/volkswagen2/STM32Cube/Repository/STM32Cube_FW_F1_V1.8.6/Drivers/STM32F1xx_HAL_Driver/Inc -I/home/volkswagen2/STM32Cube/Repository/STM32Cube_FW_F1_V1.8.6/Drivers/STM32F1xx_HAL_Driver/Inc/Legacy -I/home/volkswagen2/STM32Cube/Repository/STM32Cube_FW_F1_V1.8.6/Middlewares/Third_Party/FreeRTOS/Source/include -I/home/volkswagen2/STM32Cube/Repository/STM32Cube_FW_F1_V1.8.6/Middlewares/Third_Party/FreeRTOS/Source/CMSIS_RTOS -I/home/volkswagen2/STM32Cube/Repository/STM32Cube_FW_F1_V1.8.6/Middlewares/Third_Party/FreeRTOS/Source/portable/GCC/ARM_CM3 -I/home/volkswagen2/STM32Cube/Repository/STM32Cube_FW_F1_V1.8.6/Drivers/CMSIS/Device/ST/STM32F1xx/Include -I/home/volkswagen2/STM32Cube/Repository/STM32Cube_FW_F1_V1.8.6/Drivers/CMSIS/Include -O0 -ffunction-sections -fdata-sections -Wall -fstack-usage -fcyclomatic-complexity -MMD -MP -MF"Core/Src/stm32f1xx_hal_timebase_tim.d" -MT"Core/Src/stm32f1xx_hal_timebase_tim.o" --specs=nano.specs -mfloat-abi=soft -mthumb -o "Core/Src/stm32f1xx_hal_timebase_tim.o"
arm-none-eabi-gcc "../Core/Src/stm32f1xx_it.c" -mcpu=cortex-m3 -std=gnu11 -g3 -DDEBUG -DUSE_HAL_DRIVER -DSTM32F103x6 -c -I../Core/Inc -I/home/volkswagen2/STM32Cube/Repository/STM32Cube_FW_F1_V1.8.6/Drivers/STM32F1xx_HAL_Driver/Inc -I/home/volkswagen2/STM32Cube/Repository/STM32Cube_FW_F1_V1.8.6/Drivers/STM32F1xx_HAL_Driver/Inc/Legacy -I/home/volkswagen2/STM32Cube/Repository/STM32Cube_FW_F1_V1.8.6/Middlewares/Third_Party/FreeRTOS/Source/include -I/home/volkswagen2/STM32Cube/Repository/STM32Cube_FW_F1_V1.8.6/Middlewares/Third_Party/FreeRTOS/Source/CMSIS_RTOS -I/home/volkswagen2/STM32Cube/Repository/STM32Cube_FW_F1_V1.8.6/Middlewares/Third_Party/FreeRTOS/Source/portable/GCC/ARM_CM3 -I/home/volkswagen2/STM32Cube/Repository/STM32Cube_FW_F1_V1.8.6/Drivers/CMSIS/Device/ST/STM32F1xx/Include -I/home/volkswagen2/STM32Cube/Repository/STM32Cube_FW_F1_V1.8.6/Drivers/CMSIS/Include -O0 -ffunction-sections -fdata-sections -Wall -fstack-usage -fcyclomatic-complexity -MMD -MP -MF"Core/Src/stm32f1xx_it.d" -MT"Core/Src/stm32f1xx_it.o" --specs=nano.specs -mfloat-abi=soft -mthumb -o "Core/Src/stm32f1xx_it.o"
arm-none-eabi-gcc "../Core/Src/syscalls.c" -mcpu=cortex-m3 -std=gnu11 -g3 -DDEBUG -DUSE_HAL_DRIVER -DSTM32F103x6 -c -I../Core/Inc -I/home/volkswagen2/STM32Cube/Repository/STM32Cube_FW_F1_V1.8.6/Drivers/STM32F1xx_HAL_Driver/Inc -I/home/volkswagen2/STM32Cube/Repository/STM32Cube_FW_F1_V1.8.6/Drivers/STM32F1xx_HAL_Driver/Inc/Legacy -I/home/volkswagen2/STM32Cube/Repository/STM32Cube_FW_F1_V1.8.6/Middlewares/Third_Party/FreeRTOS/Source/include -I/home/volkswagen2/STM32Cube/Repository/STM32Cube_FW_F1_V1.8.6/Middlewares/Third_Party/FreeRTOS/Source/CMSIS_RTOS -I/home/volkswagen2/STM32Cube/Repository/STM32Cube_FW_F1_V1.8.6/Middlewares/Third_Party/FreeRTOS/Source/portable/GCC/ARM_CM3 -I/home/volkswagen2/STM32Cube/Repository/STM32Cube_FW_F1_V1.8.6/Drivers/CMSIS/Device/ST/STM32F1xx/Include -I/home/volkswagen2/STM32Cube/Repository/STM32Cube_FW_F1_V1.8.6/Drivers/CMSIS/Include -O0 -ffunction-sections -fdata-sections -Wall -fstack-usage -fcyclomatic-complexity -MMD -MP -MF"Core/Src/syscalls.d" -MT"Core/Src/syscalls.o" --specs=nano.specs -mfloat-abi=soft -mthumb -o "Core/Src/syscalls.o"
arm-none-eabi-gcc "../Core/Src/sysmem.c" -mcpu=cortex-m3 -std=gnu11 -g3 -DDEBUG -DUSE_HAL_DRIVER -DSTM32F103x6 -c -I../Core/Inc -I/home/volkswagen2/STM32Cube/Repository/STM32Cube_FW_F1_V1.8.6/Drivers/STM32F1xx_HAL_Driver/Inc -I/home/volkswagen2/STM32Cube/Repository/STM32Cube_FW_F1_V1.8.6/Drivers/STM32F1xx_HAL_Driver/Inc/Legacy -I/home/volkswagen2/STM32Cube/Repository/STM32Cube_FW_F1_V1.8.6/Middlewares/Third_Party/FreeRTOS/Source/include -I/home/volkswagen2/STM32Cube/Repository/STM32Cube_FW_F1_V1.8.6/Middlewares/Third_Party/FreeRTOS/Source/CMSIS_RTOS -I/home/volkswagen2/STM32Cube/Repository/STM32Cube_FW_F1_V1.8.6/Middlewares/Third_Party/FreeRTOS/Source/portable/GCC/ARM_CM3 -I/home/volkswagen2/STM32Cube/Repository/STM32Cube_FW_F1_V1.8.6/Drivers/CMSIS/Device/ST/STM32F1xx/Include -I/home/volkswagen2/STM32Cube/Repository/STM32Cube_FW_F1_V1.8.6/Drivers/CMSIS/Include -O0 -ffunction-sections -fdata-sections -Wall -fstack-usage -fcyclomatic-complexity -MMD -MP -MF"Core/Src/sysmem.d" -MT"Core/Src/sysmem.o" --specs=nano.specs -mfloat-abi=soft -mthumb -o "Core/Src/sysmem.o"
arm-none-eabi-gcc "../Core/Src/system_stm32f1xx.c" -mcpu=cortex-m3 -std=gnu11 -g3 -DDEBUG -DUSE_HAL_DRIVER -DSTM32F103x6 -c -I../Core/Inc -I/home/volkswagen2/STM32Cube/Repository/STM32Cube_FW_F1_V1.8.6/Drivers/STM32F1xx_HAL_Driver/Inc -I/home/volkswagen2/STM32Cube/Repository/STM32Cube_FW_F1_V1.8.6/Drivers/STM32F1xx_HAL_Driver/Inc/Legacy -I/home/volkswagen2/STM32Cube/Repository/STM32Cube_FW_F1_V1.8.6/Middlewares/Third_Party/FreeRTOS/Source/include -I/home/volkswagen2/STM32Cube/Repository/STM32Cube_FW_F1_V1.8.6/Middlewares/Third_Party/FreeRTOS/Source/CMSIS_RTOS -I/home/volkswagen2/STM32Cube/Repository/STM32Cube_FW_F1_V1.8.6/Middlewares/Third_Party/FreeRTOS/Source/portable/GCC/ARM_CM3 -I/home/volkswagen2/STM32Cube/Repository/STM32Cube_FW_F1_V1.8.6/Drivers/CMSIS/Device/ST/STM32F1xx/Include -I/home/volkswagen2/STM32Cube/Repository/STM32Cube_FW_F1_V1.8.6/Drivers/CMSIS/Include -O0 -ffunction-sections -fdata-sections -Wall -fstack-usage -fcyclomatic-complexity -MMD -MP -MF"Core/Src/system_stm32f1xx.d" -MT"Core/Src/system_stm32f1xx.o" --specs=nano.specs -mfloat-abi=soft -mthumb -o "Core/Src/system_stm32f1xx.o"
arm-none-eabi-gcc "../Core/Src/usart.c" -mcpu=cortex-m3 -std=gnu11 -g3 -DDEBUG -DUSE_HAL_DRIVER -DSTM32F103x6 -c -I../Core/Inc -I/home/volkswagen2/STM32Cube/Repository/STM32Cube_FW_F1_V1.8.6/Drivers/STM32F1xx_HAL_Driver/Inc -I/home/volkswagen2/STM32Cube/Repository/STM32Cube_FW_F1_V1.8.6/Drivers/STM32F1xx_HAL_Driver/Inc/Legacy -I/home/volkswagen2/STM32Cube/Repository/STM32Cube_FW_F1_V1.8.6/Middlewares/Third_Party/FreeRTOS/Source/include -I/home/volkswagen2/STM32Cube/Repository/STM32Cube_FW_F1_V1.8.6/Middlewares/Third_Party/FreeRTOS/Source/CMSIS_RTOS -I/home/volkswagen2/STM32Cube/Repository/STM32Cube_FW_F1_V1.8.6/Middlewares/Third_Party/FreeRTOS/Source/portable/GCC/ARM_CM3 -I/home/volkswagen2/STM32Cube/Repository/STM32Cube_FW_F1_V1.8.6/Drivers/CMSIS/Device/ST/STM32F1xx/Include -I/home/volkswagen2/STM32Cube/Repository/STM32Cube_FW_F1_V1.8.6/Drivers/CMSIS/Include -O0 -ffunction-sections -fdata-sections -Wall -fstack-usage -fcyclomatic-complexity -MMD -MP -MF"Core/Src/usart.d" -MT"Core/Src/usart.o" --specs=nano.specs -mfloat-abi=soft -mthumb -o "Core/Src/usart.o"
arm-none-eabi-gcc -o "rvb.elf" @"objects.list"   -mcpu=cortex-m3 -T"/home/volkswagen2/Documentos/danilo-franco/rvb/rvb/STM32F103C6TX_FLASH.ld" --specs=nosys.specs -Wl,-Map="rvb.map" -Wl,--gc-sections -static --specs=nano.specs -mfloat-abi=soft -mthumb -Wl,--start-group -lc -lm -Wl,--end-group
Finished building target: rvb.elf
 
arm-none-eabi-size  rvb.elf 
arm-none-eabi-objdump -h -S rvb.elf  > "rvb.list"
   text	   data	    bss	    dec	    hex	filename
  26920	     96	   8184	  35200	   8980	rvb.elf
Finished building: default.size.stdout
 
Finished building: rvb.list
 
09:42:57 **** Incremental Build of configuration Debug for project rvb ****
make -j6 all 
arm-none-eabi-size  rvb.elf 
   text	   data	    bss	    dec	    hex	filename
  26920	     96	   8184	  35200	   8980	rvb.elf
Finished building: default.size.stdout
 
09:43:17 **** Incremental Build of configuration Debug for project rvb ****
make -j6 all 
arm-none-eabi-size  rvb.elf 
   text	   data	    bss	    dec	    hex	filename
  26920	     96	   8184	  35200	   8980	rvb.elf
Finished building: default.size.stdout
 
09:44:56 **** Incremental Build of configuration Debug for project rvb ****
make -j6 all 
arm-none-eabi-gcc "../Core/Src/TaskAppCAN.c" -mcpu=cortex-m3 -std=gnu11 -g3 -DDEBUG -DUSE_HAL_DRIVER -DSTM32F103x6 -c -I../Core/Inc -I/home/volkswagen2/STM32Cube/Repository/STM32Cube_FW_F1_V1.8.6/Drivers/STM32F1xx_HAL_Driver/Inc -I/home/volkswagen2/STM32Cube/Repository/STM32Cube_FW_F1_V1.8.6/Drivers/STM32F1xx_HAL_Driver/Inc/Legacy -I/home/volkswagen2/STM32Cube/Repository/STM32Cube_FW_F1_V1.8.6/Middlewares/Third_Party/FreeRTOS/Source/include -I/home/volkswagen2/STM32Cube/Repository/STM32Cube_FW_F1_V1.8.6/Middlewares/Third_Party/FreeRTOS/Source/CMSIS_RTOS -I/home/volkswagen2/STM32Cube/Repository/STM32Cube_FW_F1_V1.8.6/Middlewares/Third_Party/FreeRTOS/Source/portable/GCC/ARM_CM3 -I/home/volkswagen2/STM32Cube/Repository/STM32Cube_FW_F1_V1.8.6/Drivers/CMSIS/Device/ST/STM32F1xx/Include -I/home/volkswagen2/STM32Cube/Repository/STM32Cube_FW_F1_V1.8.6/Drivers/CMSIS/Include -O0 -ffunction-sections -fdata-sections -Wall -fstack-usage -fcyclomatic-complexity -MMD -MP -MF"Core/Src/TaskAppCAN.d" -MT"Core/Src/TaskAppCAN.o" --specs=nano.specs -mfloat-abi=soft -mthumb -o "Core/Src/TaskAppCAN.o"
arm-none-eabi-gcc "../Core/Src/can.c" -mcpu=cortex-m3 -std=gnu11 -g3 -DDEBUG -DUSE_HAL_DRIVER -DSTM32F103x6 -c -I../Core/Inc -I/home/volkswagen2/STM32Cube/Repository/STM32Cube_FW_F1_V1.8.6/Drivers/STM32F1xx_HAL_Driver/Inc -I/home/volkswagen2/STM32Cube/Repository/STM32Cube_FW_F1_V1.8.6/Drivers/STM32F1xx_HAL_Driver/Inc/Legacy -I/home/volkswagen2/STM32Cube/Repository/STM32Cube_FW_F1_V1.8.6/Middlewares/Third_Party/FreeRTOS/Source/include -I/home/volkswagen2/STM32Cube/Repository/STM32Cube_FW_F1_V1.8.6/Middlewares/Third_Party/FreeRTOS/Source/CMSIS_RTOS -I/home/volkswagen2/STM32Cube/Repository/STM32Cube_FW_F1_V1.8.6/Middlewares/Third_Party/FreeRTOS/Source/portable/GCC/ARM_CM3 -I/home/volkswagen2/STM32Cube/Repository/STM32Cube_FW_F1_V1.8.6/Drivers/CMSIS/Device/ST/STM32F1xx/Include -I/home/volkswagen2/STM32Cube/Repository/STM32Cube_FW_F1_V1.8.6/Drivers/CMSIS/Include -O0 -ffunction-sections -fdata-sections -Wall -fstack-usage -fcyclomatic-complexity -MMD -MP -MF"Core/Src/can.d" -MT"Core/Src/can.o" --specs=nano.specs -mfloat-abi=soft -mthumb -o "Core/Src/can.o"
../Core/Src/TaskAppCAN.c: In function 'TaskAppCAN_ReceiveEvent':
../Core/Src/TaskAppCAN.c:112:44: warning: format '%X' expects argument of type 'unsigned int', but argument 3 has type 'long unsigned int' [-Wformat=]
  112 |     sprintf((char*)&u8SerialTxBuffer[0],"%8X    ",(uint32_t)pstFrameCAN->u32DID);
      |                                          ~~^      ~~~~~~~~~~~~~~~~~~~~~~~~~~~~~
      |                                            |      |
      |                                            |      long unsigned int
      |                                            unsigned int
      |                                          %8lX
../Core/Src/TaskAppCAN.c: At top level:
../Core/Src/TaskAppCAN.c:226:16: warning: 'u8TogglePin' defined but not used [-Wunused-variable]
  226 | static uint8_t u8TogglePin = 0;
      |                ^~~~~~~~~~~
../Core/Src/TaskAppCAN.c:33:17: warning: 'u16TimeToSleep' defined but not used [-Wunused-variable]
   33 | static uint16_t u16TimeToSleep = 0;
      |                 ^~~~~~~~~~~~~~
../Core/Src/TaskAppCAN.c:30:17: warning: 'u32TxMailbox' defined but not used [-Wunused-variable]
   30 | static uint32_t u32TxMailbox = 0xFFFFFFFF;
      |                 ^~~~~~~~~~~~
../Core/Src/TaskAppCAN.c:29:17: warning: 'u16TimeSlice' defined but not used [-Wunused-variable]
   29 | static uint16_t u16TimeSlice = 0;
      |                 ^~~~~~~~~~~~
../Core/Src/TaskAppCAN.c:28:20: warning: 'stFrameTxCAN' defined but not used [-Wunused-variable]
   28 | static tstFrameCAN stFrameTxCAN[8];
      |                    ^~~~~~~~~~~~
../Core/Src/TaskAppCAN.c:27:20: warning: 'stFrameRxCAN' defined but not used [-Wunused-variable]
   27 | static tstFrameCAN stFrameRxCAN[8];
      |                    ^~~~~~~~~~~~
../Core/Src/TaskAppCAN.c:26:16: warning: 'u8FifoTxCAN' defined but not used [-Wunused-variable]
   26 | static uint8_t u8FifoTxCAN = 0;
      |                ^~~~~~~~~~~
../Core/Src/TaskAppCAN.c:25:16: warning: 'u8FifoRxCAN' defined but not used [-Wunused-variable]
   25 | static uint8_t u8FifoRxCAN = 0;
      |                ^~~~~~~~~~~
../Core/Src/TaskAppCAN.c:17:28: warning: 'pTxHeader' defined but not used [-Wunused-variable]
   17 | static CAN_TxHeaderTypeDef pTxHeader;
      |                            ^~~~~~~~~
../Core/Src/TaskAppCAN.c:16:28: warning: 'pRxHeader' defined but not used [-Wunused-variable]
   16 | static CAN_RxHeaderTypeDef pRxHeader;
      |                            ^~~~~~~~~
arm-none-eabi-gcc -o "rvb.elf" @"objects.list"   -mcpu=cortex-m3 -T"/home/volkswagen2/Documentos/danilo-franco/rvb/rvb/STM32F103C6TX_FLASH.ld" --specs=nosys.specs -Wl,-Map="rvb.map" -Wl,--gc-sections -static --specs=nano.specs -mfloat-abi=soft -mthumb -Wl,--start-group -lc -lm -Wl,--end-group
Finished building target: rvb.elf
 
arm-none-eabi-size  rvb.elf 
arm-none-eabi-objdump -h -S rvb.elf  > "rvb.list"
   text	   data	    bss	    dec	    hex	filename
  26980	     96	   8184	  35260	   89bc	rvb.elf
Finished building: default.size.stdout
 
Finished building: rvb.list
 
09:45:06 **** Incremental Build of configuration Debug for project rvb ****
make -j6 all 
arm-none-eabi-size  rvb.elf 
   text	   data	    bss	    dec	    hex	filename
  26980	     96	   8184	  35260	   89bc	rvb.elf
Finished building: default.size.stdout
 
09:45:39 **** Incremental Build of configuration Debug for project rvb ****
make -j6 all 
arm-none-eabi-gcc "../Core/Src/TaskAppCAN.c" -mcpu=cortex-m3 -std=gnu11 -g3 -DDEBUG -DUSE_HAL_DRIVER -DSTM32F103x6 -c -I../Core/Inc -I/home/volkswagen2/STM32Cube/Repository/STM32Cube_FW_F1_V1.8.6/Drivers/STM32F1xx_HAL_Driver/Inc -I/home/volkswagen2/STM32Cube/Repository/STM32Cube_FW_F1_V1.8.6/Drivers/STM32F1xx_HAL_Driver/Inc/Legacy -I/home/volkswagen2/STM32Cube/Repository/STM32Cube_FW_F1_V1.8.6/Middlewares/Third_Party/FreeRTOS/Source/include -I/home/volkswagen2/STM32Cube/Repository/STM32Cube_FW_F1_V1.8.6/Middlewares/Third_Party/FreeRTOS/Source/CMSIS_RTOS -I/home/volkswagen2/STM32Cube/Repository/STM32Cube_FW_F1_V1.8.6/Middlewares/Third_Party/FreeRTOS/Source/portable/GCC/ARM_CM3 -I/home/volkswagen2/STM32Cube/Repository/STM32Cube_FW_F1_V1.8.6/Drivers/CMSIS/Device/ST/STM32F1xx/Include -I/home/volkswagen2/STM32Cube/Repository/STM32Cube_FW_F1_V1.8.6/Drivers/CMSIS/Include -O0 -ffunction-sections -fdata-sections -Wall -fstack-usage -fcyclomatic-complexity -MMD -MP -MF"Core/Src/TaskAppCAN.d" -MT"Core/Src/TaskAppCAN.o" --specs=nano.specs -mfloat-abi=soft -mthumb -o "Core/Src/TaskAppCAN.o"
../Core/Src/TaskAppCAN.c: In function 'TaskAppCAN_ReceiveEvent':
../Core/Src/TaskAppCAN.c:112:44: warning: format '%X' expects argument of type 'unsigned int', but argument 3 has type 'long unsigned int' [-Wformat=]
  112 |     sprintf((char*)&u8SerialTxBuffer[0],"%8X    ",(uint32_t)pstFrameCAN->u32DID);
      |                                          ~~^      ~~~~~~~~~~~~~~~~~~~~~~~~~~~~~
      |                                            |      |
      |                                            |      long unsigned int
      |                                            unsigned int
      |                                          %8lX
../Core/Src/TaskAppCAN.c: At top level:
../Core/Src/TaskAppCAN.c:226:16: warning: 'u8TogglePin' defined but not used [-Wunused-variable]
  226 | static uint8_t u8TogglePin = 0;
      |                ^~~~~~~~~~~
../Core/Src/TaskAppCAN.c:33:17: warning: 'u16TimeToSleep' defined but not used [-Wunused-variable]
   33 | static uint16_t u16TimeToSleep = 0;
      |                 ^~~~~~~~~~~~~~
../Core/Src/TaskAppCAN.c:30:17: warning: 'u32TxMailbox' defined but not used [-Wunused-variable]
   30 | static uint32_t u32TxMailbox = 0xFFFFFFFF;
      |                 ^~~~~~~~~~~~
../Core/Src/TaskAppCAN.c:29:17: warning: 'u16TimeSlice' defined but not used [-Wunused-variable]
   29 | static uint16_t u16TimeSlice = 0;
      |                 ^~~~~~~~~~~~
../Core/Src/TaskAppCAN.c:28:20: warning: 'stFrameTxCAN' defined but not used [-Wunused-variable]
   28 | static tstFrameCAN stFrameTxCAN[8];
      |                    ^~~~~~~~~~~~
../Core/Src/TaskAppCAN.c:27:20: warning: 'stFrameRxCAN' defined but not used [-Wunused-variable]
   27 | static tstFrameCAN stFrameRxCAN[8];
      |                    ^~~~~~~~~~~~
../Core/Src/TaskAppCAN.c:26:16: warning: 'u8FifoTxCAN' defined but not used [-Wunused-variable]
   26 | static uint8_t u8FifoTxCAN = 0;
      |                ^~~~~~~~~~~
../Core/Src/TaskAppCAN.c:25:16: warning: 'u8FifoRxCAN' defined but not used [-Wunused-variable]
   25 | static uint8_t u8FifoRxCAN = 0;
      |                ^~~~~~~~~~~
../Core/Src/TaskAppCAN.c:17:28: warning: 'pTxHeader' defined but not used [-Wunused-variable]
   17 | static CAN_TxHeaderTypeDef pTxHeader;
      |                            ^~~~~~~~~
../Core/Src/TaskAppCAN.c:16:28: warning: 'pRxHeader' defined but not used [-Wunused-variable]
   16 | static CAN_RxHeaderTypeDef pRxHeader;
      |                            ^~~~~~~~~
arm-none-eabi-gcc -o "rvb.elf" @"objects.list"   -mcpu=cortex-m3 -T"/home/volkswagen2/Documentos/danilo-franco/rvb/rvb/STM32F103C6TX_FLASH.ld" --specs=nosys.specs -Wl,-Map="rvb.map" -Wl,--gc-sections -static --specs=nano.specs -mfloat-abi=soft -mthumb -Wl,--start-group -lc -lm -Wl,--end-group
Finished building target: rvb.elf
 
arm-none-eabi-size  rvb.elf 
arm-none-eabi-objdump -h -S rvb.elf  > "rvb.list"
   text	   data	    bss	    dec	    hex	filename
  26980	     96	   8184	  35260	   89bc	rvb.elf
Finished building: default.size.stdout
 
Finished building: rvb.list
 
09:45:55 **** Incremental Build of configuration Debug for project rvb ****
make -j6 all 
arm-none-eabi-size  rvb.elf 
   text	   data	    bss	    dec	    hex	filename
  26980	     96	   8184	  35260	   89bc	rvb.elf
Finished building: default.size.stdout
 
09:45:59 **** Incremental Build of configuration Debug for project rvb ****
make -j6 all 
arm-none-eabi-size  rvb.elf 
   text	   data	    bss	    dec	    hex	filename
  26980	     96	   8184	  35260	   89bc	rvb.elf
Finished building: default.size.stdout
 
09:46:41 **** Incremental Build of configuration Debug for project rvb ****
make -j6 all 
arm-none-eabi-gcc "../Core/Src/TaskAppCAN.c" -mcpu=cortex-m3 -std=gnu11 -g3 -DDEBUG -DUSE_HAL_DRIVER -DSTM32F103x6 -c -I../Core/Inc -I/home/volkswagen2/STM32Cube/Repository/STM32Cube_FW_F1_V1.8.6/Drivers/STM32F1xx_HAL_Driver/Inc -I/home/volkswagen2/STM32Cube/Repository/STM32Cube_FW_F1_V1.8.6/Drivers/STM32F1xx_HAL_Driver/Inc/Legacy -I/home/volkswagen2/STM32Cube/Repository/STM32Cube_FW_F1_V1.8.6/Middlewares/Third_Party/FreeRTOS/Source/include -I/home/volkswagen2/STM32Cube/Repository/STM32Cube_FW_F1_V1.8.6/Middlewares/Third_Party/FreeRTOS/Source/CMSIS_RTOS -I/home/volkswagen2/STM32Cube/Repository/STM32Cube_FW_F1_V1.8.6/Middlewares/Third_Party/FreeRTOS/Source/portable/GCC/ARM_CM3 -I/home/volkswagen2/STM32Cube/Repository/STM32Cube_FW_F1_V1.8.6/Drivers/CMSIS/Device/ST/STM32F1xx/Include -I/home/volkswagen2/STM32Cube/Repository/STM32Cube_FW_F1_V1.8.6/Drivers/CMSIS/Include -O0 -ffunction-sections -fdata-sections -Wall -fstack-usage -fcyclomatic-complexity -MMD -MP -MF"Core/Src/TaskAppCAN.d" -MT"Core/Src/TaskAppCAN.o" --specs=nano.specs -mfloat-abi=soft -mthumb -o "Core/Src/TaskAppCAN.o"
../Core/Src/TaskAppCAN.c: In function 'TaskAppCAN_ReceiveEvent':
../Core/Src/TaskAppCAN.c:112:44: warning: format '%X' expects argument of type 'unsigned int', but argument 3 has type 'long unsigned int' [-Wformat=]
  112 |     sprintf((char*)&u8SerialTxBuffer[0],"%8X    ",(uint32_t)pstFrameCAN->u32DID);
      |                                          ~~^      ~~~~~~~~~~~~~~~~~~~~~~~~~~~~~
      |                                            |      |
      |                                            |      long unsigned int
      |                                            unsigned int
      |                                          %8lX
../Core/Src/TaskAppCAN.c: At top level:
../Core/Src/TaskAppCAN.c:226:16: warning: 'u8TogglePin' defined but not used [-Wunused-variable]
  226 | static uint8_t u8TogglePin = 0;
      |                ^~~~~~~~~~~
../Core/Src/TaskAppCAN.c:33:17: warning: 'u16TimeToSleep' defined but not used [-Wunused-variable]
   33 | static uint16_t u16TimeToSleep = 0;
      |                 ^~~~~~~~~~~~~~
../Core/Src/TaskAppCAN.c:30:17: warning: 'u32TxMailbox' defined but not used [-Wunused-variable]
   30 | static uint32_t u32TxMailbox = 0xFFFFFFFF;
      |                 ^~~~~~~~~~~~
../Core/Src/TaskAppCAN.c:29:17: warning: 'u16TimeSlice' defined but not used [-Wunused-variable]
   29 | static uint16_t u16TimeSlice = 0;
      |                 ^~~~~~~~~~~~
../Core/Src/TaskAppCAN.c:28:20: warning: 'stFrameTxCAN' defined but not used [-Wunused-variable]
   28 | static tstFrameCAN stFrameTxCAN[8];
      |                    ^~~~~~~~~~~~
../Core/Src/TaskAppCAN.c:27:20: warning: 'stFrameRxCAN' defined but not used [-Wunused-variable]
   27 | static tstFrameCAN stFrameRxCAN[8];
      |                    ^~~~~~~~~~~~
../Core/Src/TaskAppCAN.c:26:16: warning: 'u8FifoTxCAN' defined but not used [-Wunused-variable]
   26 | static uint8_t u8FifoTxCAN = 0;
      |                ^~~~~~~~~~~
../Core/Src/TaskAppCAN.c:25:16: warning: 'u8FifoRxCAN' defined but not used [-Wunused-variable]
   25 | static uint8_t u8FifoRxCAN = 0;
      |                ^~~~~~~~~~~
../Core/Src/TaskAppCAN.c:17:28: warning: 'pTxHeader' defined but not used [-Wunused-variable]
   17 | static CAN_TxHeaderTypeDef pTxHeader;
      |                            ^~~~~~~~~
../Core/Src/TaskAppCAN.c:16:28: warning: 'pRxHeader' defined but not used [-Wunused-variable]
   16 | static CAN_RxHeaderTypeDef pRxHeader;
      |                            ^~~~~~~~~
arm-none-eabi-gcc -o "rvb.elf" @"objects.list"   -mcpu=cortex-m3 -T"/home/volkswagen2/Documentos/danilo-franco/rvb/rvb/STM32F103C6TX_FLASH.ld" --specs=nosys.specs -Wl,-Map="rvb.map" -Wl,--gc-sections -static --specs=nano.specs -mfloat-abi=soft -mthumb -Wl,--start-group -lc -lm -Wl,--end-group
Finished building target: rvb.elf
 
arm-none-eabi-size  rvb.elf 
arm-none-eabi-objdump -h -S rvb.elf  > "rvb.list"
   text	   data	    bss	    dec	    hex	filename
  26980	     96	   8184	  35260	   89bc	rvb.elf
Finished building: default.size.stdout
 
Finished building: rvb.list
 
09:46:46 **** Incremental Build of configuration Debug for project rvb ****
make -j6 all 
arm-none-eabi-size  rvb.elf 
   text	   data	    bss	    dec	    hex	filename
  26980	     96	   8184	  35260	   89bc	rvb.elf
Finished building: default.size.stdout
 
09:47:48 **** Incremental Build of configuration Debug for project rvb ****
make -j6 all 
arm-none-eabi-gcc "../Core/Src/TaskAppCAN.c" -mcpu=cortex-m3 -std=gnu11 -g3 -DDEBUG -DUSE_HAL_DRIVER -DSTM32F103x6 -c -I../Core/Inc -I/home/volkswagen2/STM32Cube/Repository/STM32Cube_FW_F1_V1.8.6/Drivers/STM32F1xx_HAL_Driver/Inc -I/home/volkswagen2/STM32Cube/Repository/STM32Cube_FW_F1_V1.8.6/Drivers/STM32F1xx_HAL_Driver/Inc/Legacy -I/home/volkswagen2/STM32Cube/Repository/STM32Cube_FW_F1_V1.8.6/Middlewares/Third_Party/FreeRTOS/Source/include -I/home/volkswagen2/STM32Cube/Repository/STM32Cube_FW_F1_V1.8.6/Middlewares/Third_Party/FreeRTOS/Source/CMSIS_RTOS -I/home/volkswagen2/STM32Cube/Repository/STM32Cube_FW_F1_V1.8.6/Middlewares/Third_Party/FreeRTOS/Source/portable/GCC/ARM_CM3 -I/home/volkswagen2/STM32Cube/Repository/STM32Cube_FW_F1_V1.8.6/Drivers/CMSIS/Device/ST/STM32F1xx/Include -I/home/volkswagen2/STM32Cube/Repository/STM32Cube_FW_F1_V1.8.6/Drivers/CMSIS/Include -O0 -ffunction-sections -fdata-sections -Wall -fstack-usage -fcyclomatic-complexity -MMD -MP -MF"Core/Src/TaskAppCAN.d" -MT"Core/Src/TaskAppCAN.o" --specs=nano.specs -mfloat-abi=soft -mthumb -o "Core/Src/TaskAppCAN.o"
arm-none-eabi-gcc "../Core/Src/can.c" -mcpu=cortex-m3 -std=gnu11 -g3 -DDEBUG -DUSE_HAL_DRIVER -DSTM32F103x6 -c -I../Core/Inc -I/home/volkswagen2/STM32Cube/Repository/STM32Cube_FW_F1_V1.8.6/Drivers/STM32F1xx_HAL_Driver/Inc -I/home/volkswagen2/STM32Cube/Repository/STM32Cube_FW_F1_V1.8.6/Drivers/STM32F1xx_HAL_Driver/Inc/Legacy -I/home/volkswagen2/STM32Cube/Repository/STM32Cube_FW_F1_V1.8.6/Middlewares/Third_Party/FreeRTOS/Source/include -I/home/volkswagen2/STM32Cube/Repository/STM32Cube_FW_F1_V1.8.6/Middlewares/Third_Party/FreeRTOS/Source/CMSIS_RTOS -I/home/volkswagen2/STM32Cube/Repository/STM32Cube_FW_F1_V1.8.6/Middlewares/Third_Party/FreeRTOS/Source/portable/GCC/ARM_CM3 -I/home/volkswagen2/STM32Cube/Repository/STM32Cube_FW_F1_V1.8.6/Drivers/CMSIS/Device/ST/STM32F1xx/Include -I/home/volkswagen2/STM32Cube/Repository/STM32Cube_FW_F1_V1.8.6/Drivers/CMSIS/Include -O0 -ffunction-sections -fdata-sections -Wall -fstack-usage -fcyclomatic-complexity -MMD -MP -MF"Core/Src/can.d" -MT"Core/Src/can.o" --specs=nano.specs -mfloat-abi=soft -mthumb -o "Core/Src/can.o"
arm-none-eabi-gcc "../Core/Src/stm32f1xx_it.c" -mcpu=cortex-m3 -std=gnu11 -g3 -DDEBUG -DUSE_HAL_DRIVER -DSTM32F103x6 -c -I../Core/Inc -I/home/volkswagen2/STM32Cube/Repository/STM32Cube_FW_F1_V1.8.6/Drivers/STM32F1xx_HAL_Driver/Inc -I/home/volkswagen2/STM32Cube/Repository/STM32Cube_FW_F1_V1.8.6/Drivers/STM32F1xx_HAL_Driver/Inc/Legacy -I/home/volkswagen2/STM32Cube/Repository/STM32Cube_FW_F1_V1.8.6/Middlewares/Third_Party/FreeRTOS/Source/include -I/home/volkswagen2/STM32Cube/Repository/STM32Cube_FW_F1_V1.8.6/Middlewares/Third_Party/FreeRTOS/Source/CMSIS_RTOS -I/home/volkswagen2/STM32Cube/Repository/STM32Cube_FW_F1_V1.8.6/Middlewares/Third_Party/FreeRTOS/Source/portable/GCC/ARM_CM3 -I/home/volkswagen2/STM32Cube/Repository/STM32Cube_FW_F1_V1.8.6/Drivers/CMSIS/Device/ST/STM32F1xx/Include -I/home/volkswagen2/STM32Cube/Repository/STM32Cube_FW_F1_V1.8.6/Drivers/CMSIS/Include -O0 -ffunction-sections -fdata-sections -Wall -fstack-usage -fcyclomatic-complexity -MMD -MP -MF"Core/Src/stm32f1xx_it.d" -MT"Core/Src/stm32f1xx_it.o" --specs=nano.specs -mfloat-abi=soft -mthumb -o "Core/Src/stm32f1xx_it.o"
../Core/Src/TaskAppCAN.c: In function 'TaskAppCAN_ReceiveEvent':
../Core/Src/TaskAppCAN.c:114:44: warning: format '%X' expects argument of type 'unsigned int', but argument 3 has type 'long unsigned int' [-Wformat=]
  114 |     sprintf((char*)&u8SerialTxBuffer[0],"%8X    ",(uint32_t)pstFrameCAN->u32DID);
      |                                          ~~^      ~~~~~~~~~~~~~~~~~~~~~~~~~~~~~
      |                                            |      |
      |                                            |      long unsigned int
      |                                            unsigned int
      |                                          %8lX
../Core/Src/TaskAppCAN.c: At top level:
../Core/Src/TaskAppCAN.c:228:16: warning: 'u8TogglePin' defined but not used [-Wunused-variable]
  228 | static uint8_t u8TogglePin = 0;
      |                ^~~~~~~~~~~
../Core/Src/TaskAppCAN.c:30:17: warning: 'u32TxMailbox' defined but not used [-Wunused-variable]
   30 | static uint32_t u32TxMailbox = 0xFFFFFFFF;
      |                 ^~~~~~~~~~~~
../Core/Src/TaskAppCAN.c:29:17: warning: 'u16TimeSlice' defined but not used [-Wunused-variable]
   29 | static uint16_t u16TimeSlice = 0;
      |                 ^~~~~~~~~~~~
../Core/Src/TaskAppCAN.c:28:20: warning: 'stFrameTxCAN' defined but not used [-Wunused-variable]
   28 | static tstFrameCAN stFrameTxCAN[8];
      |                    ^~~~~~~~~~~~
../Core/Src/TaskAppCAN.c:26:16: warning: 'u8FifoTxCAN' defined but not used [-Wunused-variable]
   26 | static uint8_t u8FifoTxCAN = 0;
      |                ^~~~~~~~~~~
../Core/Src/TaskAppCAN.c:17:28: warning: 'pTxHeader' defined but not used [-Wunused-variable]
   17 | static CAN_TxHeaderTypeDef pTxHeader;
      |                            ^~~~~~~~~
arm-none-eabi-gcc -o "rvb.elf" @"objects.list"   -mcpu=cortex-m3 -T"/home/volkswagen2/Documentos/danilo-franco/rvb/rvb/STM32F103C6TX_FLASH.ld" --specs=nosys.specs -Wl,-Map="rvb.map" -Wl,--gc-sections -static --specs=nano.specs -mfloat-abi=soft -mthumb -Wl,--start-group -lc -lm -Wl,--end-group
Finished building target: rvb.elf
 
arm-none-eabi-size  rvb.elf 
arm-none-eabi-objdump -h -S rvb.elf  > "rvb.list"
   text	   data	    bss	    dec	    hex	filename
  26776	     96	   8344	  35216	   8990	rvb.elf
Finished building: default.size.stdout
 
Finished building: rvb.list
 
09:48:13 **** Incremental Build of configuration Debug for project rvb ****
make -j6 all 
arm-none-eabi-gcc "../Core/Src/TaskAppCAN.c" -mcpu=cortex-m3 -std=gnu11 -g3 -DDEBUG -DUSE_HAL_DRIVER -DSTM32F103x6 -c -I../Core/Inc -I/home/volkswagen2/STM32Cube/Repository/STM32Cube_FW_F1_V1.8.6/Drivers/STM32F1xx_HAL_Driver/Inc -I/home/volkswagen2/STM32Cube/Repository/STM32Cube_FW_F1_V1.8.6/Drivers/STM32F1xx_HAL_Driver/Inc/Legacy -I/home/volkswagen2/STM32Cube/Repository/STM32Cube_FW_F1_V1.8.6/Middlewares/Third_Party/FreeRTOS/Source/include -I/home/volkswagen2/STM32Cube/Repository/STM32Cube_FW_F1_V1.8.6/Middlewares/Third_Party/FreeRTOS/Source/CMSIS_RTOS -I/home/volkswagen2/STM32Cube/Repository/STM32Cube_FW_F1_V1.8.6/Middlewares/Third_Party/FreeRTOS/Source/portable/GCC/ARM_CM3 -I/home/volkswagen2/STM32Cube/Repository/STM32Cube_FW_F1_V1.8.6/Drivers/CMSIS/Device/ST/STM32F1xx/Include -I/home/volkswagen2/STM32Cube/Repository/STM32Cube_FW_F1_V1.8.6/Drivers/CMSIS/Include -O0 -ffunction-sections -fdata-sections -Wall -fstack-usage -fcyclomatic-complexity -MMD -MP -MF"Core/Src/TaskAppCAN.d" -MT"Core/Src/TaskAppCAN.o" --specs=nano.specs -mfloat-abi=soft -mthumb -o "Core/Src/TaskAppCAN.o"
../Core/Src/TaskAppCAN.c: In function 'TaskAppCAN_ReceiveEvent':
../Core/Src/TaskAppCAN.c:114:44: warning: format '%X' expects argument of type 'unsigned int', but argument 3 has type 'long unsigned int' [-Wformat=]
  114 |     sprintf((char*)&u8SerialTxBuffer[0],"%8X    ",(uint32_t)pstFrameCAN->u32DID);
      |                                          ~~^      ~~~~~~~~~~~~~~~~~~~~~~~~~~~~~
      |                                            |      |
      |                                            |      long unsigned int
      |                                            unsigned int
      |                                          %8lX
../Core/Src/TaskAppCAN.c: At top level:
../Core/Src/TaskAppCAN.c:228:16: warning: 'u8TogglePin' defined but not used [-Wunused-variable]
  228 | static uint8_t u8TogglePin = 0;
      |                ^~~~~~~~~~~
../Core/Src/TaskAppCAN.c:30:17: warning: 'u32TxMailbox' defined but not used [-Wunused-variable]
   30 | static uint32_t u32TxMailbox = 0xFFFFFFFF;
      |                 ^~~~~~~~~~~~
../Core/Src/TaskAppCAN.c:29:17: warning: 'u16TimeSlice' defined but not used [-Wunused-variable]
   29 | static uint16_t u16TimeSlice = 0;
      |                 ^~~~~~~~~~~~
arm-none-eabi-gcc -o "rvb.elf" @"objects.list"   -mcpu=cortex-m3 -T"/home/volkswagen2/Documentos/danilo-franco/rvb/rvb/STM32F103C6TX_FLASH.ld" --specs=nosys.specs -Wl,-Map="rvb.map" -Wl,--gc-sections -static --specs=nano.specs -mfloat-abi=soft -mthumb -Wl,--start-group -lc -lm -Wl,--end-group
Finished building target: rvb.elf
 
arm-none-eabi-size  rvb.elf 
arm-none-eabi-objdump -h -S rvb.elf  > "rvb.list"
   text	   data	    bss	    dec	    hex	filename
  26776	     96	   8344	  35216	   8990	rvb.elf
Finished building: default.size.stdout
 
Finished building: rvb.list
 
09:48:38 **** Incremental Build of configuration Debug for project rvb ****
make -j6 all 
arm-none-eabi-gcc "../Core/Src/TaskAppCAN.c" -mcpu=cortex-m3 -std=gnu11 -g3 -DDEBUG -DUSE_HAL_DRIVER -DSTM32F103x6 -c -I../Core/Inc -I/home/volkswagen2/STM32Cube/Repository/STM32Cube_FW_F1_V1.8.6/Drivers/STM32F1xx_HAL_Driver/Inc -I/home/volkswagen2/STM32Cube/Repository/STM32Cube_FW_F1_V1.8.6/Drivers/STM32F1xx_HAL_Driver/Inc/Legacy -I/home/volkswagen2/STM32Cube/Repository/STM32Cube_FW_F1_V1.8.6/Middlewares/Third_Party/FreeRTOS/Source/include -I/home/volkswagen2/STM32Cube/Repository/STM32Cube_FW_F1_V1.8.6/Middlewares/Third_Party/FreeRTOS/Source/CMSIS_RTOS -I/home/volkswagen2/STM32Cube/Repository/STM32Cube_FW_F1_V1.8.6/Middlewares/Third_Party/FreeRTOS/Source/portable/GCC/ARM_CM3 -I/home/volkswagen2/STM32Cube/Repository/STM32Cube_FW_F1_V1.8.6/Drivers/CMSIS/Device/ST/STM32F1xx/Include -I/home/volkswagen2/STM32Cube/Repository/STM32Cube_FW_F1_V1.8.6/Drivers/CMSIS/Include -O0 -ffunction-sections -fdata-sections -Wall -fstack-usage -fcyclomatic-complexity -MMD -MP -MF"Core/Src/TaskAppCAN.d" -MT"Core/Src/TaskAppCAN.o" --specs=nano.specs -mfloat-abi=soft -mthumb -o "Core/Src/TaskAppCAN.o"
../Core/Src/TaskAppCAN.c: In function 'TaskAppCAN_ReceiveEvent':
../Core/Src/TaskAppCAN.c:114:44: warning: format '%X' expects argument of type 'unsigned int', but argument 3 has type 'long unsigned int' [-Wformat=]
  114 |     sprintf((char*)&u8SerialTxBuffer[0],"%8X    ",(uint32_t)pstFrameCAN->u32DID);
      |                                          ~~^      ~~~~~~~~~~~~~~~~~~~~~~~~~~~~~
      |                                            |      |
      |                                            |      long unsigned int
      |                                            unsigned int
      |                                          %8lX
arm-none-eabi-gcc -o "rvb.elf" @"objects.list"   -mcpu=cortex-m3 -T"/home/volkswagen2/Documentos/danilo-franco/rvb/rvb/STM32F103C6TX_FLASH.ld" --specs=nosys.specs -Wl,-Map="rvb.map" -Wl,--gc-sections -static --specs=nano.specs -mfloat-abi=soft -mthumb -Wl,--start-group -lc -lm -Wl,--end-group
Finished building target: rvb.elf
 
arm-none-eabi-size  rvb.elf 
arm-none-eabi-objdump -h -S rvb.elf  > "rvb.list"
   text	   data	    bss	    dec	    hex	filename
  26776	     96	   8344	  35216	   8990	rvb.elf
Finished building: default.size.stdout
 
Finished building: rvb.list
 
09:49:07 **** Incremental Build of configuration Debug for project rvb ****
make -j6 all 
arm-none-eabi-gcc "../Core/Src/TaskAppCAN.c" -mcpu=cortex-m3 -std=gnu11 -g3 -DDEBUG -DUSE_HAL_DRIVER -DSTM32F103x6 -c -I../Core/Inc -I/home/volkswagen2/STM32Cube/Repository/STM32Cube_FW_F1_V1.8.6/Drivers/STM32F1xx_HAL_Driver/Inc -I/home/volkswagen2/STM32Cube/Repository/STM32Cube_FW_F1_V1.8.6/Drivers/STM32F1xx_HAL_Driver/Inc/Legacy -I/home/volkswagen2/STM32Cube/Repository/STM32Cube_FW_F1_V1.8.6/Middlewares/Third_Party/FreeRTOS/Source/include -I/home/volkswagen2/STM32Cube/Repository/STM32Cube_FW_F1_V1.8.6/Middlewares/Third_Party/FreeRTOS/Source/CMSIS_RTOS -I/home/volkswagen2/STM32Cube/Repository/STM32Cube_FW_F1_V1.8.6/Middlewares/Third_Party/FreeRTOS/Source/portable/GCC/ARM_CM3 -I/home/volkswagen2/STM32Cube/Repository/STM32Cube_FW_F1_V1.8.6/Drivers/CMSIS/Device/ST/STM32F1xx/Include -I/home/volkswagen2/STM32Cube/Repository/STM32Cube_FW_F1_V1.8.6/Drivers/CMSIS/Include -O0 -ffunction-sections -fdata-sections -Wall -fstack-usage -fcyclomatic-complexity -MMD -MP -MF"Core/Src/TaskAppCAN.d" -MT"Core/Src/TaskAppCAN.o" --specs=nano.specs -mfloat-abi=soft -mthumb -o "Core/Src/TaskAppCAN.o"
arm-none-eabi-gcc -o "rvb.elf" @"objects.list"   -mcpu=cortex-m3 -T"/home/volkswagen2/Documentos/danilo-franco/rvb/rvb/STM32F103C6TX_FLASH.ld" --specs=nosys.specs -Wl,-Map="rvb.map" -Wl,--gc-sections -static --specs=nano.specs -mfloat-abi=soft -mthumb -Wl,--start-group -lc -lm -Wl,--end-group
Finished building target: rvb.elf
 
arm-none-eabi-size  rvb.elf 
arm-none-eabi-objdump -h -S rvb.elf  > "rvb.list"
   text	   data	    bss	    dec	    hex	filename
  26792	     96	   8344	  35232	   89a0	rvb.elf
Finished building: default.size.stdout
 
Finished building: rvb.list
 
09:49:17 **** Incremental Build of configuration Debug for project rvb ****
make -j6 all 
arm-none-eabi-size  rvb.elf 
   text	   data	    bss	    dec	    hex	filename
  26792	     96	   8344	  35232	   89a0	rvb.elf
Finished building: default.size.stdout
 
[...]
      |                                          ~~^      ~~~~~~~~~~~~~~~~~~~~~~~~~~~~~
      |                                            |      |
      |                                            |      long unsigned int
      |                                            unsigned int
      |                                          %8lX
../Core/Src/TaskAppCAN.c: At top level:
../Core/Src/TaskAppCAN.c:289:5: error: expected '}' before '{' token
  289 |     {EVENT_APPCAN_NULL,         TaskAppCAN_IgnoreEvent,         TASK_APPCAN_PS,                         TASK_APPCAN_PS                  }
      |     ^
../Core/Src/TaskAppCAN.c:285:1: note: to match this '{'
  285 | {
      | ^
make: *** [Core/Src/subdir.mk:58: Core/Src/TaskAppCAN.o] Error 1
make: *** Waiting for unfinished jobs....
"make -j6 all" terminated with exit code 2. Build might be incomplete.
09:49:03 **** Incremental Build of configuration Debug for project rvb ****
make -j6 all 
arm-none-eabi-gcc "../Core/Src/TaskAppCAN.c" -mcpu=cortex-m3 -std=gnu11 -g3 -DDEBUG -DUSE_HAL_DRIVER -DSTM32F103x6 -c -I../Core/Inc -I/home/volkswagen2/STM32Cube/Repository/STM32Cube_FW_F1_V1.8.6/Drivers/STM32F1xx_HAL_Driver/Inc -I/home/volkswagen2/STM32Cube/Repository/STM32Cube_FW_F1_V1.8.6/Drivers/STM32F1xx_HAL_Driver/Inc/Legacy -I/home/volkswagen2/STM32Cube/Repository/STM32Cube_FW_F1_V1.8.6/Middlewares/Third_Party/FreeRTOS/Source/include -I/home/volkswagen2/STM32Cube/Repository/STM32Cube_FW_F1_V1.8.6/Middlewares/Third_Party/FreeRTOS/Source/CMSIS_RTOS -I/home/volkswagen2/STM32Cube/Repository/STM32Cube_FW_F1_V1.8.6/Middlewares/Third_Party/FreeRTOS/Source/portable/GCC/ARM_CM3 -I/home/volkswagen2/STM32Cube/Repository/STM32Cube_FW_F1_V1.8.6/Drivers/CMSIS/Device/ST/STM32F1xx/Include -I/home/volkswagen2/STM32Cube/Repository/STM32Cube_FW_F1_V1.8.6/Drivers/CMSIS/Include -O0 -ffunction-sections -fdata-sections -Wall -fstack-usage -fcyclomatic-complexity -MMD -MP -MF"Core/Src/TaskAppCAN.d" -MT"Core/Src/TaskAppCAN.o" --specs=nano.specs -mfloat-abi=soft -mthumb -o "Core/Src/TaskAppCAN.o"
../Core/Src/TaskAppCAN.c: In function 'TaskAppCAN_Start':
../Core/Src/TaskAppCAN.c:89:18: warning: implicit declaration of function 'TaskIO_getQueue'; did you mean 'TaskAppCAN_getQueue'? [-Wimplicit-function-declaration]
   89 |     pstQueueIO = TaskIO_getQueue();
      |                  ^~~~~~~~~~~~~~~
      |                  TaskAppCAN_getQueue
../Core/Src/TaskAppCAN.c:89:16: warning: assignment to 'struct QueueDefinition **' from 'int' makes pointer from integer without a cast [-Wint-conversion]
   89 |     pstQueueIO = TaskIO_getQueue();
      |                ^
../Core/Src/TaskAppCAN.c: In function 'TaskAppCAN_ReceiveEvent':
../Core/Src/TaskAppCAN.c:119:44: warning: format '%X' expects argument of type 'unsigned int', but argument 3 has type 'long unsigned int' [-Wformat=]
  119 |     sprintf((char*)&u8SerialTxBuffer[0],"%8X    ",(uint32_t)pstFrameCAN->u32DID);
      |                                          ~~^      ~~~~~~~~~~~~~~~~~~~~~~~~~~~~~
      |                                            |      |
      |                                            |      long unsigned int
      |                                            unsigned int
      |                                          %8lX
arm-none-eabi-gcc -o "rvb.elf" @"objects.list"   -mcpu=cortex-m3 -T"/home/volkswagen2/Documentos/danilo-franco/rvb/rvb/STM32F103C6TX_FLASH.ld" --specs=nosys.specs -Wl,-Map="rvb.map" -Wl,--gc-sections -static --specs=nano.specs -mfloat-abi=soft -mthumb -Wl,--start-group -lc -lm -Wl,--end-group
Finished building target: rvb.elf
 
arm-none-eabi-size  rvb.elf 
arm-none-eabi-objdump -h -S rvb.elf  > "rvb.list"
   text	   data	    bss	    dec	    hex	filename
  27884	     96	   8280	  36260	   8da4	rvb.elf
Finished building: default.size.stdout
 
Finished building: rvb.list
 
09:49:34 **** Incremental Build of configuration Debug for project rvb ****
make -j6 all 
arm-none-eabi-gcc "../Core/Src/TaskAppCAN.c" -mcpu=cortex-m3 -std=gnu11 -g3 -DDEBUG -DUSE_HAL_DRIVER -DSTM32F103x6 -c -I../Core/Inc -I/home/volkswagen2/STM32Cube/Repository/STM32Cube_FW_F1_V1.8.6/Drivers/STM32F1xx_HAL_Driver/Inc -I/home/volkswagen2/STM32Cube/Repository/STM32Cube_FW_F1_V1.8.6/Drivers/STM32F1xx_HAL_Driver/Inc/Legacy -I/home/volkswagen2/STM32Cube/Repository/STM32Cube_FW_F1_V1.8.6/Middlewares/Third_Party/FreeRTOS/Source/include -I/home/volkswagen2/STM32Cube/Repository/STM32Cube_FW_F1_V1.8.6/Middlewares/Third_Party/FreeRTOS/Source/CMSIS_RTOS -I/home/volkswagen2/STM32Cube/Repository/STM32Cube_FW_F1_V1.8.6/Middlewares/Third_Party/FreeRTOS/Source/portable/GCC/ARM_CM3 -I/home/volkswagen2/STM32Cube/Repository/STM32Cube_FW_F1_V1.8.6/Drivers/CMSIS/Device/ST/STM32F1xx/Include -I/home/volkswagen2/STM32Cube/Repository/STM32Cube_FW_F1_V1.8.6/Drivers/CMSIS/Include -O0 -ffunction-sections -fdata-sections -Wall -fstack-usage -fcyclomatic-complexity -MMD -MP -MF"Core/Src/TaskAppCAN.d" -MT"Core/Src/TaskAppCAN.o" --specs=nano.specs -mfloat-abi=soft -mthumb -o "Core/Src/TaskAppCAN.o"
../Core/Src/TaskAppCAN.c: In function 'TaskAppCAN_Start':
../Core/Src/TaskAppCAN.c:89:18: warning: implicit declaration of function 'TaskIO_getQueue'; did you mean 'TaskAppCAN_getQueue'? [-Wimplicit-function-declaration]
   89 |     pstQueueIO = TaskIO_getQueue();
      |                  ^~~~~~~~~~~~~~~
      |                  TaskAppCAN_getQueue
../Core/Src/TaskAppCAN.c:89:16: warning: assignment to 'struct QueueDefinition **' from 'int' makes pointer from integer without a cast [-Wint-conversion]
   89 |     pstQueueIO = TaskIO_getQueue();
      |                ^
../Core/Src/TaskAppCAN.c: In function 'TaskAppCAN_ReceiveEvent':
../Core/Src/TaskAppCAN.c:119:44: warning: format '%X' expects argument of type 'unsigned int', but argument 3 has type 'long unsigned int' [-Wformat=]
  119 |     sprintf((char*)&u8SerialTxBuffer[0],"%8X    ",(uint32_t)pstFrameCAN->u32DID);
      |                                          ~~^      ~~~~~~~~~~~~~~~~~~~~~~~~~~~~~
      |                                            |      |
      |                                            |      long unsigned int
      |                                            unsigned int
      |                                          %8lX
arm-none-eabi-gcc -o "rvb.elf" @"objects.list"   -mcpu=cortex-m3 -T"/home/volkswagen2/Documentos/danilo-franco/rvb/rvb/STM32F103C6TX_FLASH.ld" --specs=nosys.specs -Wl,-Map="rvb.map" -Wl,--gc-sections -static --specs=nano.specs -mfloat-abi=soft -mthumb -Wl,--start-group -lc -lm -Wl,--end-group
Finished building target: rvb.elf
 
arm-none-eabi-size  rvb.elf 
arm-none-eabi-objdump -h -S rvb.elf  > "rvb.list"
   text	   data	    bss	    dec	    hex	filename
  27884	     96	   8280	  36260	   8da4	rvb.elf
Finished building: default.size.stdout
 
Finished building: rvb.list
 
09:49:38 **** Incremental Build of configuration Debug for project rvb ****
make -j6 all 
arm-none-eabi-size  rvb.elf 
   text	   data	    bss	    dec	    hex	filename
  27884	     96	   8280	  36260	   8da4	rvb.elf
Finished building: default.size.stdout
 
09:54:16 **** Incremental Build of configuration Debug for project rvb ****
make -j6 all 
arm-none-eabi-gcc "../Core/Src/TaskAppCAN.c" -mcpu=cortex-m3 -std=gnu11 -g3 -DDEBUG -DUSE_HAL_DRIVER -DSTM32F103x6 -c -I../Core/Inc -I/home/volkswagen2/STM32Cube/Repository/STM32Cube_FW_F1_V1.8.6/Drivers/STM32F1xx_HAL_Driver/Inc -I/home/volkswagen2/STM32Cube/Repository/STM32Cube_FW_F1_V1.8.6/Drivers/STM32F1xx_HAL_Driver/Inc/Legacy -I/home/volkswagen2/STM32Cube/Repository/STM32Cube_FW_F1_V1.8.6/Middlewares/Third_Party/FreeRTOS/Source/include -I/home/volkswagen2/STM32Cube/Repository/STM32Cube_FW_F1_V1.8.6/Middlewares/Third_Party/FreeRTOS/Source/CMSIS_RTOS -I/home/volkswagen2/STM32Cube/Repository/STM32Cube_FW_F1_V1.8.6/Middlewares/Third_Party/FreeRTOS/Source/portable/GCC/ARM_CM3 -I/home/volkswagen2/STM32Cube/Repository/STM32Cube_FW_F1_V1.8.6/Drivers/CMSIS/Device/ST/STM32F1xx/Include -I/home/volkswagen2/STM32Cube/Repository/STM32Cube_FW_F1_V1.8.6/Drivers/CMSIS/Include -O0 -ffunction-sections -fdata-sections -Wall -fstack-usage -fcyclomatic-complexity -MMD -MP -MF"Core/Src/TaskAppCAN.d" -MT"Core/Src/TaskAppCAN.o" --specs=nano.specs -mfloat-abi=soft -mthumb -o "Core/Src/TaskAppCAN.o"
arm-none-eabi-gcc "../Core/Src/TaskAppSerial.c" -mcpu=cortex-m3 -std=gnu11 -g3 -DDEBUG -DUSE_HAL_DRIVER -DSTM32F103x6 -c -I../Core/Inc -I/home/volkswagen2/STM32Cube/Repository/STM32Cube_FW_F1_V1.8.6/Drivers/STM32F1xx_HAL_Driver/Inc -I/home/volkswagen2/STM32Cube/Repository/STM32Cube_FW_F1_V1.8.6/Drivers/STM32F1xx_HAL_Driver/Inc/Legacy -I/home/volkswagen2/STM32Cube/Repository/STM32Cube_FW_F1_V1.8.6/Middlewares/Third_Party/FreeRTOS/Source/include -I/home/volkswagen2/STM32Cube/Repository/STM32Cube_FW_F1_V1.8.6/Middlewares/Third_Party/FreeRTOS/Source/CMSIS_RTOS -I/home/volkswagen2/STM32Cube/Repository/STM32Cube_FW_F1_V1.8.6/Middlewares/Third_Party/FreeRTOS/Source/portable/GCC/ARM_CM3 -I/home/volkswagen2/STM32Cube/Repository/STM32Cube_FW_F1_V1.8.6/Drivers/CMSIS/Device/ST/STM32F1xx/Include -I/home/volkswagen2/STM32Cube/Repository/STM32Cube_FW_F1_V1.8.6/Drivers/CMSIS/Include -O0 -ffunction-sections -fdata-sections -Wall -fstack-usage -fcyclomatic-complexity -MMD -MP -MF"Core/Src/TaskAppSerial.d" -MT"Core/Src/TaskAppSerial.o" --specs=nano.specs -mfloat-abi=soft -mthumb -o "Core/Src/TaskAppSerial.o"
arm-none-eabi-gcc "../Core/Src/TaskIO.c" -mcpu=cortex-m3 -std=gnu11 -g3 -DDEBUG -DUSE_HAL_DRIVER -DSTM32F103x6 -c -I../Core/Inc -I/home/volkswagen2/STM32Cube/Repository/STM32Cube_FW_F1_V1.8.6/Drivers/STM32F1xx_HAL_Driver/Inc -I/home/volkswagen2/STM32Cube/Repository/STM32Cube_FW_F1_V1.8.6/Drivers/STM32F1xx_HAL_Driver/Inc/Legacy -I/home/volkswagen2/STM32Cube/Repository/STM32Cube_FW_F1_V1.8.6/Middlewares/Third_Party/FreeRTOS/Source/include -I/home/volkswagen2/STM32Cube/Repository/STM32Cube_FW_F1_V1.8.6/Middlewares/Third_Party/FreeRTOS/Source/CMSIS_RTOS -I/home/volkswagen2/STM32Cube/Repository/STM32Cube_FW_F1_V1.8.6/Middlewares/Third_Party/FreeRTOS/Source/portable/GCC/ARM_CM3 -I/home/volkswagen2/STM32Cube/Repository/STM32Cube_FW_F1_V1.8.6/Drivers/CMSIS/Device/ST/STM32F1xx/Include -I/home/volkswagen2/STM32Cube/Repository/STM32Cube_FW_F1_V1.8.6/Drivers/CMSIS/Include -O0 -ffunction-sections -fdata-sections -Wall -fstack-usage -fcyclomatic-complexity -MMD -MP -MF"Core/Src/TaskIO.d" -MT"Core/Src/TaskIO.o" --specs=nano.specs -mfloat-abi=soft -mthumb -o "Core/Src/TaskIO.o"
arm-none-eabi-gcc "../Core/Src/freertos.c" -mcpu=cortex-m3 -std=gnu11 -g3 -DDEBUG -DUSE_HAL_DRIVER -DSTM32F103x6 -c -I../Core/Inc -I/home/volkswagen2/STM32Cube/Repository/STM32Cube_FW_F1_V1.8.6/Drivers/STM32F1xx_HAL_Driver/Inc -I/home/volkswagen2/STM32Cube/Repository/STM32Cube_FW_F1_V1.8.6/Drivers/STM32F1xx_HAL_Driver/Inc/Legacy -I/home/volkswagen2/STM32Cube/Repository/STM32Cube_FW_F1_V1.8.6/Middlewares/Third_Party/FreeRTOS/Source/include -I/home/volkswagen2/STM32Cube/Repository/STM32Cube_FW_F1_V1.8.6/Middlewares/Third_Party/FreeRTOS/Source/CMSIS_RTOS -I/home/volkswagen2/STM32Cube/Repository/STM32Cube_FW_F1_V1.8.6/Middlewares/Third_Party/FreeRTOS/Source/portable/GCC/ARM_CM3 -I/home/volkswagen2/STM32Cube/Repository/STM32Cube_FW_F1_V1.8.6/Drivers/CMSIS/Device/ST/STM32F1xx/Include -I/home/volkswagen2/STM32Cube/Repository/STM32Cube_FW_F1_V1.8.6/Drivers/CMSIS/Include -O0 -ffunction-sections -fdata-sections -Wall -fstack-usage -fcyclomatic-complexity -MMD -MP -MF"Core/Src/freertos.d" -MT"Core/Src/freertos.o" --specs=nano.specs -mfloat-abi=soft -mthumb -o "Core/Src/freertos.o"
arm-none-eabi-gcc "../Core/Src/state.c" -mcpu=cortex-m3 -std=gnu11 -g3 -DDEBUG -DUSE_HAL_DRIVER -DSTM32F103x6 -c -I../Core/Inc -I/home/volkswagen2/STM32Cube/Repository/STM32Cube_FW_F1_V1.8.6/Drivers/STM32F1xx_HAL_Driver/Inc -I/home/volkswagen2/STM32Cube/Repository/STM32Cube_FW_F1_V1.8.6/Drivers/STM32F1xx_HAL_Driver/Inc/Legacy -I/home/volkswagen2/STM32Cube/Repository/STM32Cube_FW_F1_V1.8.6/Middlewares/Third_Party/FreeRTOS/Source/include -I/home/volkswagen2/STM32Cube/Repository/STM32Cube_FW_F1_V1.8.6/Middlewares/Third_Party/FreeRTOS/Source/CMSIS_RTOS -I/home/volkswagen2/STM32Cube/Repository/STM32Cube_FW_F1_V1.8.6/Middlewares/Third_Party/FreeRTOS/Source/portable/GCC/ARM_CM3 -I/home/volkswagen2/STM32Cube/Repository/STM32Cube_FW_F1_V1.8.6/Drivers/CMSIS/Device/ST/STM32F1xx/Include -I/home/volkswagen2/STM32Cube/Repository/STM32Cube_FW_F1_V1.8.6/Drivers/CMSIS/Include -O0 -ffunction-sections -fdata-sections -Wall -fstack-usage -fcyclomatic-complexity -MMD -MP -MF"Core/Src/state.d" -MT"Core/Src/state.o" --specs=nano.specs -mfloat-abi=soft -mthumb -o "Core/Src/state.o"
../Core/Src/TaskIO.c: In function 'TaskIO_Entry':
../Core/Src/TaskIO.c:45:14: warning: assignment to 'QueueHandle_t' {aka 'struct QueueDefinition *'} from incompatible pointer type 'struct QueueDefinition **' [-Wincompatible-pointer-types]
   45 |     xQueueIO = xQueue;
      |              ^
../Core/Src/freertos.c: In function 'TaskIO_Init':
../Core/Src/freertos.c:180:16: warning: passing argument 1 of 'TaskIO_Entry' from incompatible pointer type [-Wincompatible-pointer-types]
  180 |   TaskIO_Entry(QueueIOHandle,TimerIOHandle);
      |                ^~~~~~~~~~~~~
      |                |
      |                osMessageQId {aka struct QueueDefinition *}
In file included from ../Core/Src/freertos.c:29:
../Core/Inc/TaskIO.h:17:34: note: expected 'struct QueueDefinition **' but argument is of type 'osMessageQId' {aka 'struct QueueDefinition *'}
   17 | void TaskIO_Entry(QueueHandle_t *xQueue,TimerHandle_t xTimer);
      |                   ~~~~~~~~~~~~~~~^~~~~~
../Core/Src/TaskIO.c: In function 'TaskIO_Start':
../Core/Src/TaskIO.c:64:23: warning: implicit declaration of function 'TaskAppCAN_getQueue'; did you mean 'TaskIO_getQueue'? [-Wimplicit-function-declaration]
   64 |     pstQueueAppCAN  = TaskAppCAN_getQueue();
      |                       ^~~~~~~~~~~~~~~~~~~
      |                       TaskIO_getQueue
../Core/Src/TaskIO.c:64:21: warning: assignment to 'struct QueueDefinition **' from 'int' makes pointer from integer without a cast [-Wint-conversion]
   64 |     pstQueueAppCAN  = TaskAppCAN_getQueue();
      |                     ^
../Core/Src/TaskAppSerial.c: In function 'TaskAppSerial_getTxBuffer':
../Core/Src/TaskAppSerial.c:51:1: warning: control reaches end of non-void function [-Wreturn-type]
   51 | }
      | ^
../Core/Src/TaskAppCAN.c: In function 'TaskAppCAN_Start':
../Core/Src/TaskAppCAN.c:104:18: warning: implicit declaration of function 'TaskIO_getQueue'; did you mean 'TaskAppCAN_getQueue'? [-Wimplicit-function-declaration]
  104 |     pstQueueIO = TaskIO_getQueue();
      |                  ^~~~~~~~~~~~~~~
      |                  TaskAppCAN_getQueue
../Core/Src/TaskAppCAN.c:104:16: warning: assignment to 'struct QueueDefinition **' from 'int' makes pointer from integer without a cast [-Wint-conversion]
  104 |     pstQueueIO = TaskIO_getQueue();
      |                ^
../Core/Src/TaskAppCAN.c: In function 'TaskAppCAN_ReceiveEvent':
../Core/Src/TaskAppCAN.c:134:44: warning: format '%X' expects argument of type 'unsigned int', but argument 3 has type 'long unsigned int' [-Wformat=]
  134 |     sprintf((char*)&u8SerialTxBuffer[0],"%8X    ",(uint32_t)pstFrameCAN->u32DID);
      |                                          ~~^      ~~~~~~~~~~~~~~~~~~~~~~~~~~~~~
      |                                            |      |
      |                                            |      long unsigned int
      |                                            unsigned int
      |                                          %8lX
arm-none-eabi-gcc -o "rvb.elf" @"objects.list"   -mcpu=cortex-m3 -T"/home/volkswagen2/Documentos/danilo-franco/rvb/rvb/STM32F103C6TX_FLASH.ld" --specs=nosys.specs -Wl,-Map="rvb.map" -Wl,--gc-sections -static --specs=nano.specs -mfloat-abi=soft -mthumb -Wl,--start-group -lc -lm -Wl,--end-group
Finished building target: rvb.elf
 
arm-none-eabi-size  rvb.elf 
arm-none-eabi-objdump -h -S rvb.elf  > "rvb.list"
   text	   data	    bss	    dec	    hex	filename
  27976	     96	   8280	  36352	   8e00	rvb.elf
Finished building: default.size.stdout
 
Finished building: rvb.list
 
09:55:56 **** Incremental Build of configuration Debug for project rvb ****
make -j6 all 
arm-none-eabi-size  rvb.elf 
   text	   data	    bss	    dec	    hex	filename
  27976	     96	   8280	  36352	   8e00	rvb.elf
Finished building: default.size.stdout
 
09:56:12 **** Incremental Build of configuration Debug for project rvb ****
make -j6 all 
arm-none-eabi-size  rvb.elf 
   text	   data	    bss	    dec	    hex	filename
  27976	     96	   8280	  36352	   8e00	rvb.elf
Finished building: default.size.stdout
 
09:57:55 **** Incremental Build of configuration Debug for project rvb ****
make -j6 all 
arm-none-eabi-gcc "../Core/Src/TaskAppCAN.c" -mcpu=cortex-m3 -std=gnu11 -g3 -DDEBUG -DUSE_HAL_DRIVER -DSTM32F103x6 -c -I../Core/Inc -I/home/volkswagen2/STM32Cube/Repository/STM32Cube_FW_F1_V1.8.6/Drivers/STM32F1xx_HAL_Driver/Inc -I/home/volkswagen2/STM32Cube/Repository/STM32Cube_FW_F1_V1.8.6/Drivers/STM32F1xx_HAL_Driver/Inc/Legacy -I/home/volkswagen2/STM32Cube/Repository/STM32Cube_FW_F1_V1.8.6/Middlewares/Third_Party/FreeRTOS/Source/include -I/home/volkswagen2/STM32Cube/Repository/STM32Cube_FW_F1_V1.8.6/Middlewares/Third_Party/FreeRTOS/Source/CMSIS_RTOS -I/home/volkswagen2/STM32Cube/Repository/STM32Cube_FW_F1_V1.8.6/Middlewares/Third_Party/FreeRTOS/Source/portable/GCC/ARM_CM3 -I/home/volkswagen2/STM32Cube/Repository/STM32Cube_FW_F1_V1.8.6/Drivers/CMSIS/Device/ST/STM32F1xx/Include -I/home/volkswagen2/STM32Cube/Repository/STM32Cube_FW_F1_V1.8.6/Drivers/CMSIS/Include -O0 -ffunction-sections -fdata-sections -Wall -fstack-usage -fcyclomatic-complexity -MMD -MP -MF"Core/Src/TaskAppCAN.d" -MT"Core/Src/TaskAppCAN.o" --specs=nano.specs -mfloat-abi=soft -mthumb -o "Core/Src/TaskAppCAN.o"
../Core/Src/TaskAppCAN.c: In function 'TaskAppCAN_Start':
../Core/Src/TaskAppCAN.c:104:18: warning: implicit declaration of function 'TaskIO_getQueue'; did you mean 'TaskAppCAN_getQueue'? [-Wimplicit-function-declaration]
  104 |     pstQueueIO = TaskIO_getQueue();
      |                  ^~~~~~~~~~~~~~~
      |                  TaskAppCAN_getQueue
../Core/Src/TaskAppCAN.c:104:16: warning: assignment to 'struct QueueDefinition **' from 'int' makes pointer from integer without a cast [-Wint-conversion]
  104 |     pstQueueIO = TaskIO_getQueue();
      |                ^
../Core/Src/TaskAppCAN.c: In function 'TaskAppCAN_ReceiveEvent':
../Core/Src/TaskAppCAN.c:134:44: warning: format '%X' expects argument of type 'unsigned int', but argument 3 has type 'long unsigned int' [-Wformat=]
  134 |     sprintf((char*)&u8SerialTxBuffer[0],"%8X    ",(uint32_t)pstFrameCAN->u32DID);
      |                                          ~~^      ~~~~~~~~~~~~~~~~~~~~~~~~~~~~~
      |                                            |      |
      |                                            |      long unsigned int
      |                                            unsigned int
      |                                          %8lX
arm-none-eabi-gcc -o "rvb.elf" @"objects.list"   -mcpu=cortex-m3 -T"/home/volkswagen2/Documentos/danilo-franco/rvb/rvb/STM32F103C6TX_FLASH.ld" --specs=nosys.specs -Wl,-Map="rvb.map" -Wl,--gc-sections -static --specs=nano.specs -mfloat-abi=soft -mthumb -Wl,--start-group -lc -lm -Wl,--end-group
Finished building target: rvb.elf
 
arm-none-eabi-size  rvb.elf 
arm-none-eabi-objdump -h -S rvb.elf  > "rvb.list"
   text	   data	    bss	    dec	    hex	filename
  27976	     96	   8280	  36352	   8e00	rvb.elf
Finished building: default.size.stdout
 
Finished building: rvb.list
 
09:57:58 **** Incremental Build of configuration Debug for project rvb ****
make -j6 all 
arm-none-eabi-size  rvb.elf 
   text	   data	    bss	    dec	    hex	filename
  27976	     96	   8280	  36352	   8e00	rvb.elf
Finished building: default.size.stdout
 
