15:43:07 **** Incremental Build of configuration Debug for project rvb ****
make -j6 all 
arm-none-eabi-gcc "../Core/Src/TaskAppCAN.c" -mcpu=cortex-m3 -std=gnu11 -g3 -DDEBUG -DUSE_HAL_DRIVER -DSTM32F103x6 -c -I../Core/Inc -I/home/volkswagen2/STM32Cube/Repository/STM32Cube_FW_F1_V1.8.6/Drivers/STM32F1xx_HAL_Driver/Inc -I/home/volkswagen2/STM32Cube/Repository/STM32Cube_FW_F1_V1.8.6/Drivers/STM32F1xx_HAL_Driver/Inc/Legacy -I/home/volkswagen2/STM32Cube/Repository/STM32Cube_FW_F1_V1.8.6/Middlewares/Third_Party/FreeRTOS/Source/include -I/home/volkswagen2/STM32Cube/Repository/STM32Cube_FW_F1_V1.8.6/Middlewares/Third_Party/FreeRTOS/Source/CMSIS_RTOS -I/home/volkswagen2/STM32Cube/Repository/STM32Cube_FW_F1_V1.8.6/Middlewares/Third_Party/FreeRTOS/Source/portable/GCC/ARM_CM3 -I/home/volkswagen2/STM32Cube/Repository/STM32Cube_FW_F1_V1.8.6/Drivers/CMSIS/Device/ST/STM32F1xx/Include -I/home/volkswagen2/STM32Cube/Repository/STM32Cube_FW_F1_V1.8.6/Drivers/CMSIS/Include -O0 -ffunction-sections -fdata-sections -Wall -fstack-usage -fcyclomatic-complexity -MMD -MP -MF"Core/Src/TaskAppCAN.d" -MT"Core/Src/TaskAppCAN.o" --specs=nano.specs -mfloat-abi=soft -mthumb -o "Core/Src/TaskAppCAN.o"
../Core/Src/TaskAppCAN.c: In function 'TaskAppCAN_Start':
../Core/Src/TaskAppCAN.c:105:18: warning: implicit declaration of function 'TaskIO_getQueue'; did you mean 'TaskAppCAN_getQueue'? [-Wimplicit-function-declaration]
  105 |     pstQueueIO = TaskIO_getQueue();
      |                  ^~~~~~~~~~~~~~~
      |                  TaskAppCAN_getQueue
../Core/Src/TaskAppCAN.c:105:16: warning: assignment to 'struct QueueDefinition **' from 'int' makes pointer from integer without a cast [-Wint-conversion]
  105 |     pstQueueIO = TaskIO_getQueue();
      |                ^
../Core/Src/TaskAppCAN.c: In function 'TaskAppCAN_ReceiveEvent':
../Core/Src/TaskAppCAN.c:135:44: warning: format '%X' expects argument of type 'unsigned int', but argument 3 has type 'long unsigned int' [-Wformat=]
  135 |     sprintf((char*)&u8SerialTxBuffer[0],"%8X    ",(uint32_t)pstFrameCAN->u32DID);
      |                                          ~~^      ~~~~~~~~~~~~~~~~~~~~~~~~~~~~~
      |                                            |      |
      |                                            |      long unsigned int
      |                                            unsigned int
      |                                          %8lX
../Core/Src/TaskAppCAN.c: In function 'TaskAppCAN_SleepEvent':
../Core/Src/TaskAppCAN.c:259:63: warning: passing argument 2 of 'EE_ReadVariable' from incompatible pointer type [-Wincompatible-pointer-types]
  259 |                 if((EE_ReadVariable(VirtAddVarTab[VarIndex],  &VarDataTabRead[VarIndex])) != HAL_OK)
      |                                                               ^~~~~~~~~~~~~~~~~~~~~~~~~
      |                                                               |
      |                                                               uint8_t * {aka unsigned char *}
In file included from ../Core/Inc/TaskAppCAN.h:17,
                 from ../Core/Src/TaskAppCAN.c:7:
../Core/Inc/eeprom.h:218:58: note: expected 'uint16_t *' {aka 'short unsigned int *'} but argument is of type 'uint8_t *' {aka 'unsigned char *'}
  218 | uint16_t EE_ReadVariable(uint16_t VirtAddress, uint16_t* Data);
      |                                                ~~~~~~~~~~^~~~
../Core/Src/TaskAppCAN.c:283:63: warning: passing argument 2 of 'EE_ReadVariable' from incompatible pointer type [-Wincompatible-pointer-types]
  283 |                 if((EE_ReadVariable(VirtAddVarTab[VarIndex],  &VarDataTabRead[VarIndex])) != HAL_OK)
      |                                                               ^~~~~~~~~~~~~~~~~~~~~~~~~
      |                                                               |
      |                                                               uint8_t * {aka unsigned char *}
../Core/Inc/eeprom.h:218:58: note: expected 'uint16_t *' {aka 'short unsigned int *'} but argument is of type 'uint8_t *' {aka 'unsigned char *'}
  218 | uint16_t EE_ReadVariable(uint16_t VirtAddress, uint16_t* Data);
      |                                                ~~~~~~~~~~^~~~
../Core/Src/TaskAppCAN.c:234:27: warning: unused variable 'VarDataTmp' [-Wunused-variable]
  234 |         uint16_t VarIndex,VarDataTmp = 0;
      |                           ^~~~~~~~~~
arm-none-eabi-gcc -o "rvb.elf" @"objects.list"   -mcpu=cortex-m3 -T"/home/volkswagen2/Documentos/danilo-franco/rvb/rvb/STM32F103C6TX_FLASH.ld" --specs=nosys.specs -Wl,-Map="rvb.map" -Wl,--gc-sections -static --specs=nano.specs -mfloat-abi=soft -mthumb -Wl,--start-group -lc -lm -Wl,--end-group
Finished building target: rvb.elf
 
arm-none-eabi-size  rvb.elf 
arm-none-eabi-objdump -h -S rvb.elf  > "rvb.list"
   text	   data	    bss	    dec	    hex	filename
  31520	     96	   8336	  39952	   9c10	rvb.elf
Finished building: default.size.stdout
 
Finished building: rvb.list
 

15:43:07 Build Finished. 0 errors, 6 warnings. (took 574ms)

